[0.009s] Invoking command in '/home/miles/usb_ros2_ws/build/usb_device_driver': CMAKE_PREFIX_PATH=/opt/ros/humble /usr/bin/cmake /home/miles/usb_ros2_ws/src/usb_device_driver -DCMAKE_INSTALL_PREFIX=/home/miles/usb_ros2_ws/install/usb_device_driver
[0.020s] -- Found ament_cmake: 1.3.13 (/opt/ros/humble/share/ament_cmake/cmake)
[0.116s] -- Found rclcpp: 16.0.18 (/opt/ros/humble/share/rclcpp/cmake)
[0.138s] -- Found rosidl_generator_c: 3.1.8 (/opt/ros/humble/share/rosidl_generator_c/cmake)
[0.140s] -- Found rosidl_adapter: 3.1.8 (/opt/ros/humble/share/rosidl_adapter/cmake)
[0.144s] -- Found rosidl_generator_cpp: 3.1.8 (/opt/ros/humble/share/rosidl_generator_cpp/cmake)
[0.151s] -- Using all available rosidl_typesupport_c: rosidl_typesupport_fastrtps_c;rosidl_typesupport_introspection_c
[0.160s] -- Using all available rosidl_typesupport_cpp: rosidl_typesupport_fastrtps_cpp;rosidl_typesupport_introspection_cpp
[0.182s] -- Found rmw_implementation_cmake: 6.1.2 (/opt/ros/humble/share/rmw_implementation_cmake/cmake)
[0.183s] -- Found rmw_fastrtps_cpp: 6.2.10 (/opt/ros/humble/share/rmw_fastrtps_cpp/cmake)
[0.277s] -- Using RMW implementation 'rmw_fastrtps_cpp' as default
[0.312s] -- Found geometry_msgs: 4.9.1 (/opt/ros/humble/share/geometry_msgs/cmake)
[0.321s] -- Found rosidl_default_generators: 1.2.0 (/opt/ros/humble/share/rosidl_default_generators/cmake)
[0.547s] -- Found ament_cmake_ros: 0.10.0 (/opt/ros/humble/share/ament_cmake_ros/cmake)
[0.867s] -- Using all available rosidl_typesupport_c: rosidl_typesupport_fastrtps_c;rosidl_typesupport_introspection_c
[0.994s] -- Using all available rosidl_typesupport_cpp: rosidl_typesupport_fastrtps_cpp;rosidl_typesupport_introspection_cpp
[1.014s] -- Found python_cmake_module: 0.10.0 (/opt/ros/humble/share/python_cmake_module/cmake)
[1.032s] -- Using PYTHON_EXECUTABLE: /usr/bin/python3
[1.032s] -- Using PYTHON_INCLUDE_DIRS: /usr/include/python3.10
[1.032s] -- Using PYTHON_LIBRARIES: /usr/lib/x86_64-linux-gnu/libpython3.10.so
[1.071s] -- Configuring done
[1.104s] -- Generating done
[1.116s] -- Build files have been written to: /home/miles/usb_ros2_ws/build/usb_device_driver
[1.125s] Invoked command in '/home/miles/usb_ros2_ws/build/usb_device_driver' returned '0': CMAKE_PREFIX_PATH=/opt/ros/humble /usr/bin/cmake /home/miles/usb_ros2_ws/src/usb_device_driver -DCMAKE_INSTALL_PREFIX=/home/miles/usb_ros2_ws/install/usb_device_driver
[1.126s] Invoking command in '/home/miles/usb_ros2_ws/build/usb_device_driver': CMAKE_PREFIX_PATH=/opt/ros/humble /usr/bin/cmake --build /home/miles/usb_ros2_ws/build/usb_device_driver -- -j12 -l12
[1.166s] [35m[1mConsolidate compiler generated dependencies of target usb_device_driver__rosidl_generator_c[0m
[1.173s] [  6%] Built target usb_device_driver__cpp
[1.173s] [  6%] [32mBuilding CXX object CMakeFiles/usb_reader_node.dir/src/usb_reader_node.cpp.o[0m
[1.173s] [  6%] [32mBuilding CXX object CMakeFiles/usb_reader_node.dir/src/main.cpp.o[0m
[1.176s] [ 16%] Built target usb_device_driver__rosidl_generator_c
[1.182s] [ 16%] Built target ament_cmake_python_copy_usb_device_driver
[1.182s] [35m[1mConsolidate compiler generated dependencies of target usb_device_driver__rosidl_typesupport_fastrtps_cpp[0m
[1.183s] [35m[1mConsolidate compiler generated dependencies of target usb_device_driver__rosidl_typesupport_cpp[0m
[1.184s] [35m[1mConsolidate compiler generated dependencies of target usb_device_driver__rosidl_typesupport_introspection_cpp[0m
[1.188s] [35m[1mConsolidate compiler generated dependencies of target usb_device_driver__rosidl_typesupport_c[0m
[1.188s] [35m[1mConsolidate compiler generated dependencies of target usb_device_driver__rosidl_typesupport_introspection_c[0m
[1.189s] [35m[1mConsolidate compiler generated dependencies of target usb_device_driver__rosidl_typesupport_fastrtps_c[0m
[1.198s] [ 26%] Built target usb_device_driver__rosidl_typesupport_fastrtps_cpp
[1.199s] [ 36%] Built target usb_device_driver__rosidl_typesupport_cpp
[1.201s] [ 46%] Built target usb_device_driver__rosidl_typesupport_introspection_cpp
[1.201s] [ 62%] Built target usb_device_driver__rosidl_typesupport_c
[1.201s] [ 66%] Built target usb_device_driver__rosidl_typesupport_introspection_c
[1.203s] [ 76%] Built target usb_device_driver__rosidl_typesupport_fastrtps_c
[1.223s] [ 76%] Built target usb_device_driver
[1.244s] [ 78%] [34m[1mGenerating Python code for ROS interfaces[0m
[1.376s] running egg_info
[1.377s] writing usb_device_driver.egg-info/PKG-INFO
[1.377s] writing dependency_links to usb_device_driver.egg-info/dependency_links.txt
[1.377s] writing top-level names to usb_device_driver.egg-info/top_level.txt
[1.379s] reading manifest file 'usb_device_driver.egg-info/SOURCES.txt'
[1.380s] writing manifest file 'usb_device_driver.egg-info/SOURCES.txt'
[1.388s] In file included from [01m[K/home/miles/usb_ros2_ws/src/usb_device_driver/src/main.cpp:1[m[K:
[1.388s] [01m[K/home/miles/usb_ros2_ws/src/usb_device_driver/include/usb_device_driver/usb_reader_node.hpp:15:10:[m[K [01;31m[Kfatal error: [m[Kusb_device_driver/msg/IMUData.hpp: 没有那个文件或目录
[1.388s]    15 | #include [01;31m[K"usb_device_driver/msg/IMUData.hpp"[m[K
[1.388s]       |          [01;31m[K^~~~~~~~~~~~~~~~~~~~~~~~~~~~~~~~~~~[m[K
[1.388s] compilation terminated.
[1.388s] In file included from [01m[K/home/miles/usb_ros2_ws/src/usb_device_driver/src/usb_reader_node.cpp:1[m[K:
[1.388s] [01m[K/home/miles/usb_ros2_ws/src/usb_device_driver/include/usb_device_driver/usb_reader_node.hpp:15:10:[m[K [01;31m[Kfatal error: [m[Kusb_device_driver/msg/IMUData.hpp: 没有那个文件或目录
[1.388s]    15 | #include [01;31m[K"usb_device_driver/msg/IMUData.hpp"[m[K
[1.388s]       |          [01;31m[K^~~~~~~~~~~~~~~~~~~~~~~~~~~~~~~~~~~[m[K
[1.388s] compilation terminated.
[1.391s] gmake[2]: *** [CMakeFiles/usb_reader_node.dir/build.make:76：CMakeFiles/usb_reader_node.dir/src/main.cpp.o] 错误 1
[1.391s] gmake[2]: *** 正在等待未完成的任务....
[1.391s] gmake[2]: *** [CMakeFiles/usb_reader_node.dir/build.make:90：CMakeFiles/usb_reader_node.dir/src/usb_reader_node.cpp.o] 错误 1
[1.391s] gmake[1]: *** [CMakeFiles/Makefile2:592：CMakeFiles/usb_reader_node.dir/all] 错误 2
[1.391s] gmake[1]: *** 正在等待未完成的任务....
[1.405s] [ 78%] Built target ament_cmake_python_build_usb_device_driver_egg
[1.904s] [ 78%] Built target usb_device_driver__py
[1.905s] gmake: *** [Makefile:146：all] 错误 2
[1.907s] Invoked command in '/home/miles/usb_ros2_ws/build/usb_device_driver' returned '2': CMAKE_PREFIX_PATH=/opt/ros/humble /usr/bin/cmake --build /home/miles/usb_ros2_ws/build/usb_device_driver -- -j12 -l12
