[0.009s] Invoking command in '/home/miles/usb_ros2_ws/build/usb_device_driver': CMAKE_PREFIX_PATH=/opt/ros/humble /usr/bin/cmake /home/miles/usb_ros2_ws/src/usb_device_driver -DCMAKE_INSTALL_PREFIX=/home/miles/usb_ros2_ws/install/usb_device_driver
[0.020s] -- Found ament_cmake: 1.3.13 (/opt/ros/humble/share/ament_cmake/cmake)
[0.117s] -- Found rclcpp: 16.0.18 (/opt/ros/humble/share/rclcpp/cmake)
[0.138s] -- Found rosidl_generator_c: 3.1.8 (/opt/ros/humble/share/rosidl_generator_c/cmake)
[0.140s] -- Found rosidl_adapter: 3.1.8 (/opt/ros/humble/share/rosidl_adapter/cmake)
[0.144s] -- Found rosidl_generator_cpp: 3.1.8 (/opt/ros/humble/share/rosidl_generator_cpp/cmake)
[0.152s] -- Using all available rosidl_typesupport_c: rosidl_typesupport_fastrtps_c;rosidl_typesupport_introspection_c
[0.160s] -- Using all available rosidl_typesupport_cpp: rosidl_typesupport_fastrtps_cpp;rosidl_typesupport_introspection_cpp
[0.183s] -- Found rmw_implementation_cmake: 6.1.2 (/opt/ros/humble/share/rmw_implementation_cmake/cmake)
[0.184s] -- Found rmw_fastrtps_cpp: 6.2.10 (/opt/ros/humble/share/rmw_fastrtps_cpp/cmake)
[0.276s] -- Using RMW implementation 'rmw_fastrtps_cpp' as default
[0.312s] -- Found geometry_msgs: 4.9.1 (/opt/ros/humble/share/geometry_msgs/cmake)
[0.321s] -- Found rosidl_default_generators: 1.2.0 (/opt/ros/humble/share/rosidl_default_generators/cmake)
[0.554s] -- Found ament_cmake_ros: 0.10.0 (/opt/ros/humble/share/ament_cmake_ros/cmake)
[0.875s] -- Using all available rosidl_typesupport_c: rosidl_typesupport_fastrtps_c;rosidl_typesupport_introspection_c
[1.001s] -- Using all available rosidl_typesupport_cpp: rosidl_typesupport_fastrtps_cpp;rosidl_typesupport_introspection_cpp
[1.020s] -- Found python_cmake_module: 0.10.0 (/opt/ros/humble/share/python_cmake_module/cmake)
[1.038s] -- Using PYTHON_EXECUTABLE: /usr/bin/python3
[1.038s] -- Using PYTHON_INCLUDE_DIRS: /usr/include/python3.10
[1.038s] -- Using PYTHON_LIBRARIES: /usr/lib/x86_64-linux-gnu/libpython3.10.so
[1.075s] -- Configuring done
[1.110s] -- Generating done
[1.123s] -- Build files have been written to: /home/miles/usb_ros2_ws/build/usb_device_driver
[1.131s] Invoked command in '/home/miles/usb_ros2_ws/build/usb_device_driver' returned '0': CMAKE_PREFIX_PATH=/opt/ros/humble /usr/bin/cmake /home/miles/usb_ros2_ws/src/usb_device_driver -DCMAKE_INSTALL_PREFIX=/home/miles/usb_ros2_ws/install/usb_device_driver
[1.133s] Invoking command in '/home/miles/usb_ros2_ws/build/usb_device_driver': CMAKE_PREFIX_PATH=/opt/ros/humble /usr/bin/cmake --build /home/miles/usb_ros2_ws/build/usb_device_driver -- -j12 -l12
[1.171s] [35m[1mConsolidate compiler generated dependencies of target usb_device_driver__rosidl_generator_c[0m
[1.179s] [  6%] Built target usb_device_driver__cpp
[1.180s] [  6%] [32mBuilding CXX object CMakeFiles/usb_reader_node.dir/src/main.cpp.o[0m
[1.180s] [  6%] [32mBuilding CXX object CMakeFiles/usb_reader_node.dir/src/usb_reader_node.cpp.o[0m
[1.181s] [ 16%] Built target usb_device_driver__rosidl_generator_c
[1.188s] [ 18%] Built target ament_cmake_python_copy_usb_device_driver
[1.188s] [ 18%] [34m[1mGenerating C++ type support dispatch for ROS interfaces[0m
[1.190s] [ 20%] [34m[1mGenerating C type support for eProsima Fast-RTPS[0m
[1.190s] [ 22%] [34m[1mGenerating C++ type support for eProsima Fast-RTPS[0m
[1.190s] [ 24%] [34m[1mGenerating C introspection for ROS interfaces[0m
[1.190s] [ 26%] [34m[1mGenerating C++ introspection for ROS interfaces[0m
[1.192s] [ 28%] [34m[1mGenerating C type support dispatch for ROS interfaces[0m
[1.399s] running egg_info
[1.400s] writing usb_device_driver.egg-info/PKG-INFO
[1.400s] writing dependency_links to usb_device_driver.egg-info/dependency_links.txt
[1.400s] writing top-level names to usb_device_driver.egg-info/top_level.txt
[1.402s] reading manifest file 'usb_device_driver.egg-info/SOURCES.txt'
[1.402s] writing manifest file 'usb_device_driver.egg-info/SOURCES.txt'
[1.409s] In file included from [01m[K/home/miles/usb_ros2_ws/src/usb_device_driver/src/usb_reader_node.cpp:1[m[K:
[1.409s] [01m[K/home/miles/usb_ros2_ws/src/usb_device_driver/include/usb_device_driver/usb_reader_node.hpp:15:10:[m[K [01;31m[Kfatal error: [m[Kusb_device_driver/msg/IMUData.hpp: 没有那个文件或目录
[1.410s]    15 | #include [01;31m[K"usb_device_driver/msg/IMUData.hpp"[m[K
[1.411s]       |          [01;31m[K^~~~~~~~~~~~~~~~~~~~~~~~~~~~~~~~~~~[m[K
[1.412s] compilation terminated.
[1.414s] gmake[2]: *** [CMakeFiles/usb_reader_node.dir/build.make:90：CMakeFiles/usb_reader_node.dir/src/usb_reader_node.cpp.o] 错误 1
[1.414s] gmake[2]: *** 正在等待未完成的任务....
[1.433s] [ 28%] Built target ament_cmake_python_build_usb_device_driver_egg
[1.454s] In file included from [01m[K/home/miles/usb_ros2_ws/src/usb_device_driver/src/main.cpp:1[m[K:
[1.454s] [01m[K/home/miles/usb_ros2_ws/src/usb_device_driver/include/usb_device_driver/usb_reader_node.hpp:15:10:[m[K [01;31m[Kfatal error: [m[Kusb_device_driver/msg/IMUData.hpp: 没有那个文件或目录
[1.454s]    15 | #include [01;31m[K"usb_device_driver/msg/IMUData.hpp"[m[K
[1.454s]       |          [01;31m[K^~~~~~~~~~~~~~~~~~~~~~~~~~~~~~~~~~~[m[K
[1.454s] compilation terminated.
[1.457s] gmake[2]: *** [CMakeFiles/usb_reader_node.dir/build.make:76：CMakeFiles/usb_reader_node.dir/src/main.cpp.o] 错误 1
[1.457s] gmake[1]: *** [CMakeFiles/Makefile2:592：CMakeFiles/usb_reader_node.dir/all] 错误 2
[1.457s] gmake[1]: *** 正在等待未完成的任务....
[1.645s] [ 30%] [32mBuilding CXX object CMakeFiles/usb_device_driver__rosidl_typesupport_fastrtps_c.dir/rosidl_typesupport_fastrtps_c/usb_device_driver/msg/detail/imu_data__type_support_c.cpp.o[0m
[1.646s] [ 32%] [32mBuilding CXX object CMakeFiles/usb_device_driver__rosidl_typesupport_fastrtps_c.dir/rosidl_typesupport_fastrtps_c/usb_device_driver/msg/detail/motors_cmd__type_support_c.cpp.o[0m
[1.646s] [ 34%] [32mBuilding CXX object CMakeFiles/usb_device_driver__rosidl_typesupport_fastrtps_c.dir/rosidl_typesupport_fastrtps_c/usb_device_driver/msg/detail/motors_states__type_support_c.cpp.o[0m
[1.656s] [ 36%] [32mBuilding CXX object CMakeFiles/usb_device_driver__rosidl_typesupport_cpp.dir/rosidl_typesupport_cpp/usb_device_driver/msg/motors_states__type_support.cpp.o[0m
[1.657s] [ 38%] [32mBuilding CXX object CMakeFiles/usb_device_driver__rosidl_typesupport_cpp.dir/rosidl_typesupport_cpp/usb_device_driver/msg/motors_cmd__type_support.cpp.o[0m
[1.657s] [ 40%] [32mBuilding CXX object CMakeFiles/usb_device_driver__rosidl_typesupport_cpp.dir/rosidl_typesupport_cpp/usb_device_driver/msg/imu_data__type_support.cpp.o[0m
[1.682s] [ 42%] [32mBuilding CXX object CMakeFiles/usb_device_driver__rosidl_typesupport_c.dir/rosidl_typesupport_c/usb_device_driver/msg/imu_data__type_support.cpp.o[0m
[1.682s] [ 44%] [32mBuilding CXX object CMakeFiles/usb_device_driver__rosidl_typesupport_c.dir/rosidl_typesupport_c/usb_device_driver/msg/motors_cmd__type_support.cpp.o[0m
[1.694s] [ 46%] [32mBuilding CXX object CMakeFiles/usb_device_driver__rosidl_typesupport_c.dir/rosidl_typesupport_c/usb_device_driver/msg/motors_states__type_support.cpp.o[0m
[1.711s] [ 48%] [32mBuilding CXX object CMakeFiles/usb_device_driver__rosidl_typesupport_introspection_cpp.dir/rosidl_typesupport_introspection_cpp/usb_device_driver/msg/detail/imu_data__type_support.cpp.o[0m
[1.735s] [ 50%] [32m[1mLinking CXX shared library libusb_device_driver__rosidl_typesupport_c.so[0m
[1.736s] [ 52%] [32mBuilding CXX object CMakeFiles/usb_device_driver__rosidl_typesupport_introspection_cpp.dir/rosidl_typesupport_introspection_cpp/usb_device_driver/msg/detail/motors_cmd__type_support.cpp.o[0m
[1.751s] [ 54%] [32mBuilding CXX object CMakeFiles/usb_device_driver__rosidl_typesupport_introspection_cpp.dir/rosidl_typesupport_introspection_cpp/usb_device_driver/msg/detail/motors_states__type_support.cpp.o[0m
[1.767s] [ 56%] [32mBuilding C object CMakeFiles/usb_device_driver__rosidl_typesupport_introspection_c.dir/rosidl_typesupport_introspection_c/usb_device_driver/msg/detail/imu_data__type_support.c.o[0m
[1.774s] [ 58%] [32mBuilding CXX object CMakeFiles/usb_device_driver__rosidl_typesupport_fastrtps_cpp.dir/rosidl_typesupport_fastrtps_cpp/usb_device_driver/msg/detail/dds_fastrtps/imu_data__type_support.cpp.o[0m
[1.797s] [ 58%] Built target usb_device_driver__rosidl_typesupport_c
[1.812s] [ 60%] [32mBuilding C object CMakeFiles/usb_device_driver__rosidl_typesupport_introspection_c.dir/rosidl_typesupport_introspection_c/usb_device_driver/msg/detail/motors_cmd__type_support.c.o[0m
[1.830s] [ 62%] [32mBuilding C object CMakeFiles/usb_device_driver__rosidl_typesupport_introspection_c.dir/rosidl_typesupport_introspection_c/usb_device_driver/msg/detail/motors_states__type_support.c.o[0m
[1.878s] [ 64%] [32mBuilding CXX object CMakeFiles/usb_device_driver__rosidl_typesupport_fastrtps_cpp.dir/rosidl_typesupport_fastrtps_cpp/usb_device_driver/msg/detail/dds_fastrtps/motors_cmd__type_support.cpp.o[0m
[1.896s] [ 66%] [32m[1mLinking C shared library libusb_device_driver__rosidl_typesupport_introspection_c.so[0m
[1.982s] [ 66%] Built target usb_device_driver__rosidl_typesupport_introspection_c
[1.983s] [ 68%] [32mBuilding CXX object CMakeFiles/usb_device_driver__rosidl_typesupport_fastrtps_cpp.dir/rosidl_typesupport_fastrtps_cpp/usb_device_driver/msg/detail/dds_fastrtps/motors_states__type_support.cpp.o[0m
[2.003s] [ 70%] [32m[1mLinking CXX shared library libusb_device_driver__rosidl_typesupport_cpp.so[0m
[2.059s] [ 70%] Built target usb_device_driver__rosidl_typesupport_cpp
[2.071s] [ 72%] [32m[1mLinking CXX shared library libusb_device_driver__rosidl_typesupport_fastrtps_c.so[0m
[2.156s] [ 72%] Built target usb_device_driver__rosidl_typesupport_fastrtps_c
[2.243s] [ 74%] [32m[1mLinking CXX shared library libusb_device_driver__rosidl_typesupport_introspection_cpp.so[0m
[2.304s] [ 74%] Built target usb_device_driver__rosidl_typesupport_introspection_cpp
[2.334s] [ 76%] [32m[1mLinking CXX shared library libusb_device_driver__rosidl_typesupport_fastrtps_cpp.so[0m
[2.396s] [ 76%] Built target usb_device_driver__rosidl_typesupport_fastrtps_cpp
[2.397s] gmake: *** [Makefile:146：all] 错误 2
[2.399s] Invoked command in '/home/miles/usb_ros2_ws/build/usb_device_driver' returned '2': CMAKE_PREFIX_PATH=/opt/ros/humble /usr/bin/cmake --build /home/miles/usb_ros2_ws/build/usb_device_driver -- -j12 -l12
