[  2%] Built target usb_device_driver__cpp
[ 12%] Built target usb_device_driver__rosidl_generator_c
[ 12%] Built target ament_cmake_python_copy_usb_device_driver
[ 22%] Built target usb_device_driver__rosidl_typesupport_fastrtps_cpp
[ 32%] Built target usb_device_driver__rosidl_typesupport_cpp
[ 42%] Built target usb_device_driver__rosidl_typesupport_introspection_cpp
[ 52%] Built target usb_device_driver__rosidl_typesupport_c
[ 62%] Built target usb_device_driver__rosidl_typesupport_introspection_c
[ 72%] Built target usb_device_driver__rosidl_typesupport_fastrtps_c
[35m[1mConsolidate compiler generated dependencies of target usb_reader_node[0m
[ 72%] Built target usb_device_driver
[ 74%] [32mBuilding CXX object CMakeFiles/usb_reader_node.dir/src/usb_reader_node.cpp.o[0m
[ 76%] Built target usb_device_driver__py
[ 84%] Built target usb_device_driver__rosidl_generator_py
[ 88%] Built target usb_device_driver__rosidl_typesupport_fastrtps_c__pyext
[ 92%] Built target usb_device_driver__rosidl_typesupport_c__pyext
[ 96%] Built target usb_device_driver__rosidl_typesupport_introspection_c__pyext
running egg_info
writing usb_device_driver.egg-info/PKG-INFO
writing dependency_links to usb_device_driver.egg-info/dependency_links.txt
writing top-level names to usb_device_driver.egg-info/top_level.txt
reading manifest file 'usb_device_driver.egg-info/SOURCES.txt'
writing manifest file 'usb_device_driver.egg-info/SOURCES.txt'
[ 96%] Built target ament_cmake_python_build_usb_device_driver_egg
