[0.009s] Invoking command in '/home/miles/usb_ros2_ws/build/usb_device_driver': CMAKE_PREFIX_PATH=/opt/ros/humble /usr/bin/cmake /home/miles/usb_ros2_ws/src/usb_device_driver -DCMAKE_INSTALL_PREFIX=/home/miles/usb_ros2_ws/install/usb_device_driver
[0.020s] -- Found ament_cmake: 1.3.13 (/opt/ros/humble/share/ament_cmake/cmake)
[0.121s] -- Found rclcpp: 16.0.18 (/opt/ros/humble/share/rclcpp/cmake)
[0.145s] -- Found rosidl_generator_c: 3.1.8 (/opt/ros/humble/share/rosidl_generator_c/cmake)
[0.147s] -- Found rosidl_adapter: 3.1.8 (/opt/ros/humble/share/rosidl_adapter/cmake)
[0.152s] -- Found rosidl_generator_cpp: 3.1.8 (/opt/ros/humble/share/rosidl_generator_cpp/cmake)
[0.159s] -- Using all available rosidl_typesupport_c: rosidl_typesupport_fastrtps_c;rosidl_typesupport_introspection_c
[0.168s] -- Using all available rosidl_typesupport_cpp: rosidl_typesupport_fastrtps_cpp;rosidl_typesupport_introspection_cpp
[0.192s] -- Found rmw_implementation_cmake: 6.1.2 (/opt/ros/humble/share/rmw_implementation_cmake/cmake)
[0.193s] -- Found rmw_fastrtps_cpp: 6.2.10 (/opt/ros/humble/share/rmw_fastrtps_cpp/cmake)
[0.289s] -- Using RMW implementation 'rmw_fastrtps_cpp' as default
[0.326s] -- Found geometry_msgs: 4.9.1 (/opt/ros/humble/share/geometry_msgs/cmake)
[0.335s] -- Found rosidl_default_generators: 1.2.0 (/opt/ros/humble/share/rosidl_default_generators/cmake)
[0.570s] -- Found ament_cmake_ros: 0.10.0 (/opt/ros/humble/share/ament_cmake_ros/cmake)
[0.894s] -- Using all available rosidl_typesupport_c: rosidl_typesupport_fastrtps_c;rosidl_typesupport_introspection_c
[1.022s] -- Using all available rosidl_typesupport_cpp: rosidl_typesupport_fastrtps_cpp;rosidl_typesupport_introspection_cpp
[1.041s] -- Found python_cmake_module: 0.10.0 (/opt/ros/humble/share/python_cmake_module/cmake)
[1.060s] -- Using PYTHON_EXECUTABLE: /usr/bin/python3
[1.060s] -- Using PYTHON_INCLUDE_DIRS: /usr/include/python3.10
[1.060s] -- Using PYTHON_LIBRARIES: /usr/lib/x86_64-linux-gnu/libpython3.10.so
[1.095s] -- Configuring done
[1.133s] -- Generating done
[1.145s] -- Build files have been written to: /home/miles/usb_ros2_ws/build/usb_device_driver
[1.154s] Invoked command in '/home/miles/usb_ros2_ws/build/usb_device_driver' returned '0': CMAKE_PREFIX_PATH=/opt/ros/humble /usr/bin/cmake /home/miles/usb_ros2_ws/src/usb_device_driver -DCMAKE_INSTALL_PREFIX=/home/miles/usb_ros2_ws/install/usb_device_driver
[1.156s] Invoking command in '/home/miles/usb_ros2_ws/build/usb_device_driver': CMAKE_PREFIX_PATH=/opt/ros/humble /usr/bin/cmake --build /home/miles/usb_ros2_ws/build/usb_device_driver -- -j12 -l12
[1.195s] [35m[1mConsolidate compiler generated dependencies of target usb_device_driver__rosidl_generator_c[0m
[1.203s] [  2%] Built target usb_device_driver__cpp
[1.205s] [ 12%] Built target usb_device_driver__rosidl_generator_c
[1.212s] [ 12%] Built target ament_cmake_python_copy_usb_device_driver
[1.213s] [35m[1mConsolidate compiler generated dependencies of target usb_device_driver__rosidl_typesupport_fastrtps_cpp[0m
[1.213s] [35m[1mConsolidate compiler generated dependencies of target usb_device_driver__rosidl_typesupport_introspection_cpp[0m
[1.214s] [35m[1mConsolidate compiler generated dependencies of target usb_device_driver__rosidl_typesupport_cpp[0m
[1.214s] [35m[1mConsolidate compiler generated dependencies of target usb_device_driver__rosidl_typesupport_introspection_c[0m
[1.214s] [35m[1mConsolidate compiler generated dependencies of target usb_device_driver__rosidl_typesupport_fastrtps_c[0m
[1.217s] [35m[1mConsolidate compiler generated dependencies of target usb_device_driver__rosidl_typesupport_c[0m
[1.229s] [ 24%] Built target usb_device_driver__rosidl_typesupport_fastrtps_cpp
[1.229s] [ 32%] Built target usb_device_driver__rosidl_typesupport_introspection_c
[1.229s] [ 42%] Built target usb_device_driver__rosidl_typesupport_c
[1.229s] [ 52%] Built target usb_device_driver__rosidl_typesupport_introspection_cpp
[1.229s] [ 62%] Built target usb_device_driver__rosidl_typesupport_fastrtps_c
[1.229s] [ 72%] Built target usb_device_driver__rosidl_typesupport_cpp
[1.240s] [35m[1mConsolidate compiler generated dependencies of target usb_reader_node[0m
[1.247s] [ 72%] Built target usb_device_driver
[1.259s] [ 74%] [32mBuilding CXX object CMakeFiles/usb_reader_node.dir/src/main.cpp.o[0m
[1.259s] [ 76%] [32mBuilding CXX object CMakeFiles/usb_reader_node.dir/src/usb_reader_node.cpp.o[0m
[1.268s] [ 78%] Built target usb_device_driver__py
[1.278s] [35m[1mConsolidate compiler generated dependencies of target usb_device_driver__rosidl_generator_py[0m
[1.292s] [ 86%] Built target usb_device_driver__rosidl_generator_py
[1.302s] [35m[1mConsolidate compiler generated dependencies of target usb_device_driver__rosidl_typesupport_fastrtps_c__pyext[0m
[1.305s] [35m[1mConsolidate compiler generated dependencies of target usb_device_driver__rosidl_typesupport_introspection_c__pyext[0m
[1.305s] [35m[1mConsolidate compiler generated dependencies of target usb_device_driver__rosidl_typesupport_c__pyext[0m
[1.319s] [ 98%] Built target usb_device_driver__rosidl_typesupport_fastrtps_c__pyext
[1.320s] [ 98%] Built target usb_device_driver__rosidl_typesupport_introspection_c__pyext
[1.320s] [ 98%] Built target usb_device_driver__rosidl_typesupport_c__pyext
[1.416s] running egg_info
[1.417s] writing usb_device_driver.egg-info/PKG-INFO
[1.417s] writing dependency_links to usb_device_driver.egg-info/dependency_links.txt
[1.417s] writing top-level names to usb_device_driver.egg-info/top_level.txt
[1.419s] reading manifest file 'usb_device_driver.egg-info/SOURCES.txt'
[1.419s] writing manifest file 'usb_device_driver.egg-info/SOURCES.txt'
[1.446s] [ 98%] Built target ament_cmake_python_build_usb_device_driver_egg
[1.474s] In file included from [01m[K/home/miles/usb_ros2_ws/src/usb_device_driver/src/usb_reader_node.cpp:1[m[K:
[1.474s] [01m[K/home/miles/usb_ros2_ws/src/usb_device_driver/include/usb_device_driver/usb_reader_node.hpp:15:10:[m[K [01;31m[Kfatal error: [m[Kusb_device_driver/msg/IMUData.hpp: 没有那个文件或目录
[1.474s]    15 | #include [01;31m[K"usb_device_driver/msg/IMUData.hpp"[m[K
[1.474s]       |          [01;31m[K^~~~~~~~~~~~~~~~~~~~~~~~~~~~~~~~~~~[m[K
[1.474s] compilation terminated.
[1.476s] In file included from [01m[K/home/miles/usb_ros2_ws/src/usb_device_driver/src/main.cpp:1[m[K:
[1.477s] [01m[K/home/miles/usb_ros2_ws/src/usb_device_driver/include/usb_device_driver/usb_reader_node.hpp:15:10:[m[K [01;31m[Kfatal error: [m[Kusb_device_driver/msg/IMUData.hpp: 没有那个文件或目录
[1.477s]    15 | #include [01;31m[K"usb_device_driver/msg/IMUData.hpp"[m[K
[1.477s]       |          [01;31m[K^~~~~~~~~~~~~~~~~~~~~~~~~~~~~~~~~~~[m[K
[1.477s] compilation terminated.
[1.477s] gmake[2]: *** [CMakeFiles/usb_reader_node.dir/build.make:90：CMakeFiles/usb_reader_node.dir/src/usb_reader_node.cpp.o] 错误 1
[1.477s] gmake[2]: *** 正在等待未完成的任务....
[1.479s] gmake[2]: *** [CMakeFiles/usb_reader_node.dir/build.make:76：CMakeFiles/usb_reader_node.dir/src/main.cpp.o] 错误 1
[1.480s] gmake[1]: *** [CMakeFiles/Makefile2:593：CMakeFiles/usb_reader_node.dir/all] 错误 2
[1.480s] gmake: *** [Makefile:146：all] 错误 2
[1.483s] Invoked command in '/home/miles/usb_ros2_ws/build/usb_device_driver' returned '2': CMAKE_PREFIX_PATH=/opt/ros/humble /usr/bin/cmake --build /home/miles/usb_ros2_ws/build/usb_device_driver -- -j12 -l12
