[0.009s] Invoking command in '/home/miles/usb_ros2_ws/build/usb_device_driver': CMAKE_PREFIX_PATH=/opt/ros/humble /usr/bin/cmake /home/miles/usb_ros2_ws/src/usb_device_driver -DCMAKE_INSTALL_PREFIX=/home/miles/usb_ros2_ws/install/usb_device_driver
[0.020s] -- Found ament_cmake: 1.3.13 (/opt/ros/humble/share/ament_cmake/cmake)
[0.117s] -- Found rclcpp: 16.0.18 (/opt/ros/humble/share/rclcpp/cmake)
[0.138s] -- Found rosidl_generator_c: 3.1.8 (/opt/ros/humble/share/rosidl_generator_c/cmake)
[0.140s] -- Found rosidl_adapter: 3.1.8 (/opt/ros/humble/share/rosidl_adapter/cmake)
[0.144s] -- Found rosidl_generator_cpp: 3.1.8 (/opt/ros/humble/share/rosidl_generator_cpp/cmake)
[0.151s] -- Using all available rosidl_typesupport_c: rosidl_typesupport_fastrtps_c;rosidl_typesupport_introspection_c
[0.160s] -- Using all available rosidl_typesupport_cpp: rosidl_typesupport_fastrtps_cpp;rosidl_typesupport_introspection_cpp
[0.182s] -- Found rmw_implementation_cmake: 6.1.2 (/opt/ros/humble/share/rmw_implementation_cmake/cmake)
[0.183s] -- Found rmw_fastrtps_cpp: 6.2.10 (/opt/ros/humble/share/rmw_fastrtps_cpp/cmake)
[0.274s] -- Using RMW implementation 'rmw_fastrtps_cpp' as default
[0.307s] -- Found geometry_msgs: 4.9.1 (/opt/ros/humble/share/geometry_msgs/cmake)
[0.321s] -- Found rosidl_default_generators: 1.2.0 (/opt/ros/humble/share/rosidl_default_generators/cmake)
[0.553s] -- Found ament_cmake_ros: 0.10.0 (/opt/ros/humble/share/ament_cmake_ros/cmake)
[0.874s] -- Using all available rosidl_typesupport_c: rosidl_typesupport_fastrtps_c;rosidl_typesupport_introspection_c
[1.002s] -- Using all available rosidl_typesupport_cpp: rosidl_typesupport_fastrtps_cpp;rosidl_typesupport_introspection_cpp
[1.021s] -- Found python_cmake_module: 0.10.0 (/opt/ros/humble/share/python_cmake_module/cmake)
[1.039s] -- Using PYTHON_EXECUTABLE: /usr/bin/python3
[1.039s] -- Using PYTHON_INCLUDE_DIRS: /usr/include/python3.10
[1.039s] -- Using PYTHON_LIBRARIES: /usr/lib/x86_64-linux-gnu/libpython3.10.so
[1.070s] -- Configuring done
[1.105s] -- Generating done
[1.118s] -- Build files have been written to: /home/miles/usb_ros2_ws/build/usb_device_driver
[1.127s] Invoked command in '/home/miles/usb_ros2_ws/build/usb_device_driver' returned '0': CMAKE_PREFIX_PATH=/opt/ros/humble /usr/bin/cmake /home/miles/usb_ros2_ws/src/usb_device_driver -DCMAKE_INSTALL_PREFIX=/home/miles/usb_ros2_ws/install/usb_device_driver
[1.128s] Invoking command in '/home/miles/usb_ros2_ws/build/usb_device_driver': CMAKE_PREFIX_PATH=/opt/ros/humble /usr/bin/cmake --build /home/miles/usb_ros2_ws/build/usb_device_driver -- -j12 -l12
[1.166s] [35m[1mConsolidate compiler generated dependencies of target usb_device_driver__rosidl_generator_c[0m
[1.175s] [  4%] [32mBuilding CXX object CMakeFiles/usb_reader_node.dir/src/main.cpp.o[0m
[1.175s] [  4%] [32mBuilding CXX object CMakeFiles/usb_reader_node.dir/src/usb_reader_node.cpp.o[0m
[1.175s] [  6%] Built target usb_device_driver__cpp
[1.176s] [  8%] [32mBuilding C object CMakeFiles/usb_device_driver__rosidl_generator_c.dir/rosidl_generator_c/usb_device_driver/msg/detail/imu_data__functions.c.o[0m
[1.176s] [ 10%] [32mBuilding C object CMakeFiles/usb_device_driver__rosidl_generator_c.dir/rosidl_generator_c/usb_device_driver/msg/detail/motors_cmd__functions.c.o[0m
[1.181s] [ 12%] [32mBuilding C object CMakeFiles/usb_device_driver__rosidl_generator_c.dir/rosidl_generator_c/usb_device_driver/msg/detail/motors_states__functions.c.o[0m
[1.186s] [ 12%] Built target ament_cmake_python_copy_usb_device_driver
[1.186s] [35m[1mConsolidate compiler generated dependencies of target usb_device_driver__rosidl_typesupport_fastrtps_cpp[0m
[1.187s] [35m[1mConsolidate compiler generated dependencies of target usb_device_driver__rosidl_typesupport_cpp[0m
[1.189s] [35m[1mConsolidate compiler generated dependencies of target usb_device_driver__rosidl_typesupport_introspection_cpp[0m
[1.203s] [ 18%] [32mBuilding CXX object CMakeFiles/usb_device_driver__rosidl_typesupport_fastrtps_cpp.dir/rosidl_typesupport_fastrtps_cpp/usb_device_driver/msg/detail/dds_fastrtps/imu_data__type_support.cpp.o[0m
[1.203s] [ 18%] [32mBuilding CXX object CMakeFiles/usb_device_driver__rosidl_typesupport_fastrtps_cpp.dir/rosidl_typesupport_fastrtps_cpp/usb_device_driver/msg/detail/dds_fastrtps/motors_cmd__type_support.cpp.o[0m
[1.203s] [ 18%] [32mBuilding CXX object CMakeFiles/usb_device_driver__rosidl_typesupport_fastrtps_cpp.dir/rosidl_typesupport_fastrtps_cpp/usb_device_driver/msg/detail/dds_fastrtps/motors_states__type_support.cpp.o[0m
[1.205s] [ 20%] [32mBuilding CXX object CMakeFiles/usb_device_driver__rosidl_typesupport_introspection_cpp.dir/rosidl_typesupport_introspection_cpp/usb_device_driver/msg/detail/motors_cmd__type_support.cpp.o[0m
[1.206s] [ 22%] [32mBuilding CXX object CMakeFiles/usb_device_driver__rosidl_typesupport_introspection_cpp.dir/rosidl_typesupport_introspection_cpp/usb_device_driver/msg/detail/imu_data__type_support.cpp.o[0m
[1.218s] [ 32%] Built target usb_device_driver__rosidl_typesupport_cpp
[1.231s] [ 34%] [32mBuilding CXX object CMakeFiles/usb_device_driver__rosidl_typesupport_introspection_cpp.dir/rosidl_typesupport_introspection_cpp/usb_device_driver/msg/detail/motors_states__type_support.cpp.o[0m
[1.240s] [ 36%] [32m[1mLinking C shared library libusb_device_driver__rosidl_generator_c.so[0m
[1.288s] [ 38%] Built target usb_device_driver__rosidl_generator_c
[1.306s] [35m[1mConsolidate compiler generated dependencies of target usb_device_driver__rosidl_typesupport_introspection_c[0m
[1.308s] [35m[1mConsolidate compiler generated dependencies of target usb_device_driver__rosidl_typesupport_c[0m
[1.309s] [35m[1mConsolidate compiler generated dependencies of target usb_device_driver__rosidl_typesupport_fastrtps_c[0m
[1.330s] [ 40%] [32mBuilding C object CMakeFiles/usb_device_driver__rosidl_typesupport_introspection_c.dir/rosidl_typesupport_introspection_c/usb_device_driver/msg/detail/imu_data__type_support.c.o[0m
[1.335s] [ 42%] [32m[1mLinking CXX shared library libusb_device_driver__rosidl_typesupport_c.so[0m
[1.343s] [ 44%] [32mBuilding CXX object CMakeFiles/usb_device_driver__rosidl_typesupport_fastrtps_c.dir/rosidl_typesupport_fastrtps_c/usb_device_driver/msg/detail/imu_data__type_support_c.cpp.o[0m
[1.387s] [ 46%] [32mBuilding C object CMakeFiles/usb_device_driver__rosidl_typesupport_introspection_c.dir/rosidl_typesupport_introspection_c/usb_device_driver/msg/detail/motors_cmd__type_support.c.o[0m
[1.402s] [ 54%] Built target usb_device_driver__rosidl_typesupport_c
[1.417s] [ 56%] [32mBuilding CXX object CMakeFiles/usb_device_driver__rosidl_typesupport_fastrtps_c.dir/rosidl_typesupport_fastrtps_c/usb_device_driver/msg/detail/motors_cmd__type_support_c.cpp.o[0m
[1.451s] [ 58%] [32mBuilding C object CMakeFiles/usb_device_driver__rosidl_typesupport_introspection_c.dir/rosidl_typesupport_introspection_c/usb_device_driver/msg/detail/motors_states__type_support.c.o[0m
[1.492s] In file included from [01m[K/home/miles/usb_ros2_ws/src/usb_device_driver/src/main.cpp:1[m[K:
[1.495s] [01m[K/home/miles/usb_ros2_ws/src/usb_device_driver/include/usb_device_driver/usb_reader_node.hpp:15:10:[m[K [01;31m[Kfatal error: [m[Kusb_device_driver/msg/IMUData.hpp: 没有那个文件或目录
[1.495s]    15 | #include [01;31m[K"usb_device_driver/msg/IMUData.hpp"[m[K
[1.495s]       |          [01;31m[K^~~~~~~~~~~~~~~~~~~~~~~~~~~~~~~~~~~[m[K
[1.495s] compilation terminated.
[1.498s] gmake[2]: *** [CMakeFiles/usb_reader_node.dir/build.make:76：CMakeFiles/usb_reader_node.dir/src/main.cpp.o] 错误 1
[1.499s] gmake[2]: *** 正在等待未完成的任务....
[1.504s] In file included from [01m[K/home/miles/usb_ros2_ws/src/usb_device_driver/src/usb_reader_node.cpp:1[m[K:
[1.505s] [01m[K/home/miles/usb_ros2_ws/src/usb_device_driver/include/usb_device_driver/usb_reader_node.hpp:15:10:[m[K [01;31m[Kfatal error: [m[Kusb_device_driver/msg/IMUData.hpp: 没有那个文件或目录
[1.505s]    15 | #include [01;31m[K"usb_device_driver/msg/IMUData.hpp"[m[K
[1.505s]       |          [01;31m[K^~~~~~~~~~~~~~~~~~~~~~~~~~~~~~~~~~~[m[K
[1.506s] compilation terminated.
[1.506s] running egg_info
[1.507s] writing usb_device_driver.egg-info/PKG-INFO
[1.508s] writing dependency_links to usb_device_driver.egg-info/dependency_links.txt
[1.509s] writing top-level names to usb_device_driver.egg-info/top_level.txt
[1.511s] reading manifest file 'usb_device_driver.egg-info/SOURCES.txt'
[1.512s] writing manifest file 'usb_device_driver.egg-info/SOURCES.txt'
[1.512s] [ 60%] [32mBuilding CXX object CMakeFiles/usb_device_driver__rosidl_typesupport_fastrtps_c.dir/rosidl_typesupport_fastrtps_c/usb_device_driver/msg/detail/motors_states__type_support_c.cpp.o[0m
[1.513s] gmake[2]: *** [CMakeFiles/usb_reader_node.dir/build.make:90：CMakeFiles/usb_reader_node.dir/src/usb_reader_node.cpp.o] 错误 1
[1.514s] gmake[1]: *** [CMakeFiles/Makefile2:182：CMakeFiles/usb_reader_node.dir/all] 错误 2
[1.514s] gmake[1]: *** 正在等待未完成的任务....
[1.516s] [ 62%] [32m[1mLinking C shared library libusb_device_driver__rosidl_typesupport_introspection_c.so[0m
[1.569s] [ 64%] Built target usb_device_driver__rosidl_typesupport_introspection_c
[1.579s] [ 64%] Built target ament_cmake_python_build_usb_device_driver_egg
[1.660s] [ 66%] [32m[1mLinking CXX shared library libusb_device_driver__rosidl_typesupport_fastrtps_cpp.so[0m
[1.721s] [ 68%] [32m[1mLinking CXX shared library libusb_device_driver__rosidl_typesupport_introspection_cpp.so[0m
[1.736s] [ 70%] Built target usb_device_driver__rosidl_typesupport_fastrtps_cpp
[1.787s] [ 72%] Built target usb_device_driver__rosidl_typesupport_introspection_cpp
[1.838s] [ 74%] [32m[1mLinking CXX shared library libusb_device_driver__rosidl_typesupport_fastrtps_c.so[0m
[1.900s] [ 76%] Built target usb_device_driver__rosidl_typesupport_fastrtps_c
[1.902s] gmake: *** [Makefile:146：all] 错误 2
[1.904s] Invoked command in '/home/miles/usb_ros2_ws/build/usb_device_driver' returned '2': CMAKE_PREFIX_PATH=/opt/ros/humble /usr/bin/cmake --build /home/miles/usb_ros2_ws/build/usb_device_driver -- -j12 -l12
