[0.246s] DEBUG:colcon:Command line arguments: ['/usr/bin/colcon', 'build']
[0.246s] DEBUG:colcon:Parsed command line arguments: Namespace(log_base=None, log_level=None, verb_name='build', build_base='build', install_base='install', merge_install=False, symlink_install=False, test_result_base=None, continue_on_error=False, executor='parallel', parallel_workers=12, event_handlers=None, ignore_user_meta=False, metas=['./colcon.meta'], base_paths=['.'], packages_ignore=None, packages_ignore_regex=None, paths=None, packages_up_to=None, packages_up_to_regex=None, packages_above=None, packages_above_and_dependencies=None, packages_above_depth=None, packages_select_by_dep=None, packages_skip_by_dep=None, packages_skip_up_to=None, packages_select_build_failed=False, packages_skip_build_finished=False, packages_select_test_failures=False, packages_skip_test_passed=False, packages_select=None, packages_skip=None, packages_select_regex=None, packages_skip_regex=None, packages_start=None, packages_end=None, allow_overriding=[], cmake_args=None, cmake_target=None, cmake_target_skip_unavailable=False, cmake_clean_cache=False, cmake_clean_first=False, cmake_force_configure=False, ament_cmake_args=None, catkin_cmake_args=None, catkin_skip_building_tests=False, verb_parser=<colcon_defaults.argument_parser.defaults.DefaultArgumentsDecorator object at 0x78cdbac64bb0>, verb_extension=<colcon_core.verb.build.BuildVerb object at 0x78cdbac645b0>, main=<bound method BuildVerb.main of <colcon_core.verb.build.BuildVerb object at 0x78cdbac645b0>>)
[0.638s] Level 1:colcon.colcon_core.package_discovery:discover_packages(colcon_meta) check parameters
[0.638s] Level 1:colcon.colcon_core.package_discovery:discover_packages(recursive) check parameters
[0.638s] Level 1:colcon.colcon_core.package_discovery:discover_packages(ignore) check parameters
[0.639s] Level 1:colcon.colcon_core.package_discovery:discover_packages(path) check parameters
[0.639s] Level 1:colcon.colcon_core.package_discovery:discover_packages(colcon_meta) discover
[0.639s] Level 1:colcon.colcon_core.package_discovery:discover_packages(recursive) discover
[0.639s] INFO:colcon.colcon_core.package_discovery:Crawling recursively for packages in '/home/miles/usb_ros2_ws/src/usb_device_driver'
[0.639s] Level 1:colcon.colcon_core.package_identification:_identify(.) by extensions ['ignore', 'ignore_ament_install']
[0.639s] Level 1:colcon.colcon_core.package_identification:_identify(.) by extension 'ignore'
[0.639s] Level 1:colcon.colcon_core.package_identification:_identify(.) by extension 'ignore_ament_install'
[0.640s] Level 1:colcon.colcon_core.package_identification:_identify(.) by extensions ['colcon_pkg']
[0.640s] Level 1:colcon.colcon_core.package_identification:_identify(.) by extension 'colcon_pkg'
[0.640s] Level 1:colcon.colcon_core.package_identification:_identify(.) by extensions ['colcon_meta']
[0.640s] Level 1:colcon.colcon_core.package_identification:_identify(.) by extension 'colcon_meta'
[0.640s] Level 1:colcon.colcon_core.package_identification:_identify(.) by extensions ['ros']
[0.640s] Level 1:colcon.colcon_core.package_identification:_identify(.) by extension 'ros'
[0.669s] DEBUG:colcon.colcon_core.package_identification:Package '.' with type 'ros.ament_cmake' and name 'usb_device_driver'
[0.669s] Level 1:colcon.colcon_core.package_discovery:discover_packages(recursive) using defaults
[0.669s] Level 1:colcon.colcon_core.package_discovery:discover_packages(ignore) discover
[0.669s] Level 1:colcon.colcon_core.package_discovery:discover_packages(ignore) using defaults
[0.669s] Level 1:colcon.colcon_core.package_discovery:discover_packages(path) discover
[0.669s] Level 1:colcon.colcon_core.package_discovery:discover_packages(path) using defaults
[0.726s] Level 1:colcon.colcon_core.package_discovery:discover_packages(prefix_path) check parameters
[0.726s] Level 1:colcon.colcon_core.package_discovery:discover_packages(prefix_path) discover
[0.733s] DEBUG:colcon.colcon_installed_package_information.package_discovery:Found 334 installed packages in /opt/ros/humble
[0.736s] Level 1:colcon.colcon_core.package_discovery:discover_packages(prefix_path) using defaults
[0.827s] Level 5:colcon.colcon_core.verb:set package 'usb_device_driver' build argument 'cmake_args' from command line to 'None'
[0.827s] Level 5:colcon.colcon_core.verb:set package 'usb_device_driver' build argument 'cmake_target' from command line to 'None'
[0.827s] Level 5:colcon.colcon_core.verb:set package 'usb_device_driver' build argument 'cmake_target_skip_unavailable' from command line to 'False'
[0.828s] Level 5:colcon.colcon_core.verb:set package 'usb_device_driver' build argument 'cmake_clean_cache' from command line to 'False'
[0.828s] Level 5:colcon.colcon_core.verb:set package 'usb_device_driver' build argument 'cmake_clean_first' from command line to 'False'
[0.828s] Level 5:colcon.colcon_core.verb:set package 'usb_device_driver' build argument 'cmake_force_configure' from command line to 'False'
[0.828s] Level 5:colcon.colcon_core.verb:set package 'usb_device_driver' build argument 'ament_cmake_args' from command line to 'None'
[0.828s] Level 5:colcon.colcon_core.verb:set package 'usb_device_driver' build argument 'catkin_cmake_args' from command line to 'None'
[0.828s] Level 5:colcon.colcon_core.verb:set package 'usb_device_driver' build argument 'catkin_skip_building_tests' from command line to 'False'
[0.828s] DEBUG:colcon.colcon_core.verb:Building package 'usb_device_driver' with the following arguments: {'ament_cmake_args': None, 'build_base': '/home/miles/usb_ros2_ws/src/usb_device_driver/build/usb_device_driver', 'catkin_cmake_args': None, 'catkin_skip_building_tests': False, 'cmake_args': None, 'cmake_clean_cache': False, 'cmake_clean_first': False, 'cmake_force_configure': False, 'cmake_target': None, 'cmake_target_skip_unavailable': False, 'install_base': '/home/miles/usb_ros2_ws/src/usb_device_driver/install/usb_device_driver', 'merge_install': False, 'path': '/home/miles/usb_ros2_ws/src/usb_device_driver', 'symlink_install': False, 'test_result_base': None}
[0.828s] INFO:colcon.colcon_core.executor:Executing jobs using 'parallel' executor
[0.830s] DEBUG:colcon.colcon_parallel_executor.executor.parallel:run_until_complete
[0.831s] INFO:colcon.colcon_ros.task.ament_cmake.build:Building ROS package in '/home/miles/usb_ros2_ws/src/usb_device_driver' with build type 'ament_cmake'
[0.831s] INFO:colcon.colcon_cmake.task.cmake.build:Building CMake package in '/home/miles/usb_ros2_ws/src/usb_device_driver'
[0.835s] INFO:colcon.colcon_core.plugin_system:Skipping extension 'colcon_core.shell.bat': Not used on non-Windows systems
[0.836s] INFO:colcon.colcon_core.shell:Skip shell extension 'powershell' for command environment: Not usable outside of PowerShell
[0.836s] DEBUG:colcon.colcon_core.shell:Skip shell extension 'dsv' for command environment
[0.856s] DEBUG:colcon.colcon_core.event_handler.log_command:Invoking command in '/home/miles/usb_ros2_ws/src/usb_device_driver/build/usb_device_driver': CMAKE_PREFIX_PATH=/opt/ros/humble /usr/bin/cmake --build /home/miles/usb_ros2_ws/src/usb_device_driver/build/usb_device_driver -- -j12 -l12
[15.078s] DEBUG:colcon.colcon_core.event_handler.log_command:Invoked command in '/home/miles/usb_ros2_ws/src/usb_device_driver/build/usb_device_driver' returned '0': CMAKE_PREFIX_PATH=/opt/ros/humble /usr/bin/cmake --build /home/miles/usb_ros2_ws/src/usb_device_driver/build/usb_device_driver -- -j12 -l12
[15.088s] DEBUG:colcon.colcon_core.event_handler.log_command:Invoking command in '/home/miles/usb_ros2_ws/src/usb_device_driver/build/usb_device_driver': CMAKE_PREFIX_PATH=/opt/ros/humble /usr/bin/cmake --install /home/miles/usb_ros2_ws/src/usb_device_driver/build/usb_device_driver
[15.144s] Level 1:colcon.colcon_core.environment:create_environment_scripts_only(usb_device_driver)
[15.145s] DEBUG:colcon.colcon_core.event_handler.log_command:Invoked command in '/home/miles/usb_ros2_ws/src/usb_device_driver/build/usb_device_driver' returned '0': CMAKE_PREFIX_PATH=/opt/ros/humble /usr/bin/cmake --install /home/miles/usb_ros2_ws/src/usb_device_driver/build/usb_device_driver
[15.147s] Level 1:colcon.colcon_core.environment:checking '/home/miles/usb_ros2_ws/src/usb_device_driver/install/usb_device_driver' for CMake module files
[15.147s] Level 1:colcon.colcon_core.environment:checking '/home/miles/usb_ros2_ws/src/usb_device_driver/install/usb_device_driver' for CMake config files
[15.148s] Level 1:colcon.colcon_core.shell:create_environment_hook('usb_device_driver', 'cmake_prefix_path')
[15.148s] INFO:colcon.colcon_core.shell:Creating environment hook '/home/miles/usb_ros2_ws/src/usb_device_driver/install/usb_device_driver/share/usb_device_driver/hook/cmake_prefix_path.ps1'
[15.148s] INFO:colcon.colcon_core.shell:Creating environment descriptor '/home/miles/usb_ros2_ws/src/usb_device_driver/install/usb_device_driver/share/usb_device_driver/hook/cmake_prefix_path.dsv'
[15.148s] INFO:colcon.colcon_core.shell:Creating environment hook '/home/miles/usb_ros2_ws/src/usb_device_driver/install/usb_device_driver/share/usb_device_driver/hook/cmake_prefix_path.sh'
[15.149s] Level 1:colcon.colcon_core.environment:checking '/home/miles/usb_ros2_ws/src/usb_device_driver/install/usb_device_driver/lib'
[15.149s] Level 1:colcon.colcon_core.shell:create_environment_hook('usb_device_driver', 'ld_library_path_lib')
[15.149s] INFO:colcon.colcon_core.shell:Creating environment hook '/home/miles/usb_ros2_ws/src/usb_device_driver/install/usb_device_driver/share/usb_device_driver/hook/ld_library_path_lib.ps1'
[15.150s] INFO:colcon.colcon_core.shell:Creating environment descriptor '/home/miles/usb_ros2_ws/src/usb_device_driver/install/usb_device_driver/share/usb_device_driver/hook/ld_library_path_lib.dsv'
[15.150s] INFO:colcon.colcon_core.shell:Creating environment hook '/home/miles/usb_ros2_ws/src/usb_device_driver/install/usb_device_driver/share/usb_device_driver/hook/ld_library_path_lib.sh'
[15.150s] Level 1:colcon.colcon_core.environment:checking '/home/miles/usb_ros2_ws/src/usb_device_driver/install/usb_device_driver/bin'
[15.150s] Level 1:colcon.colcon_core.environment:checking '/home/miles/usb_ros2_ws/src/usb_device_driver/install/usb_device_driver/lib/pkgconfig/usb_device_driver.pc'
[15.150s] Level 1:colcon.colcon_core.environment:checking '/home/miles/usb_ros2_ws/src/usb_device_driver/install/usb_device_driver/lib/python3.10/site-packages'
[15.151s] Level 1:colcon.colcon_core.environment:checking '/home/miles/usb_ros2_ws/src/usb_device_driver/install/usb_device_driver/bin'
[15.151s] INFO:colcon.colcon_core.shell:Creating package script '/home/miles/usb_ros2_ws/src/usb_device_driver/install/usb_device_driver/share/usb_device_driver/package.ps1'
[15.151s] INFO:colcon.colcon_core.shell:Creating package descriptor '/home/miles/usb_ros2_ws/src/usb_device_driver/install/usb_device_driver/share/usb_device_driver/package.dsv'
[15.152s] INFO:colcon.colcon_core.shell:Creating package script '/home/miles/usb_ros2_ws/src/usb_device_driver/install/usb_device_driver/share/usb_device_driver/package.sh'
[15.152s] INFO:colcon.colcon_core.shell:Creating package script '/home/miles/usb_ros2_ws/src/usb_device_driver/install/usb_device_driver/share/usb_device_driver/package.bash'
[15.153s] INFO:colcon.colcon_core.shell:Creating package script '/home/miles/usb_ros2_ws/src/usb_device_driver/install/usb_device_driver/share/usb_device_driver/package.zsh'
[15.153s] Level 1:colcon.colcon_core.environment:create_file_with_runtime_dependencies(/home/miles/usb_ros2_ws/src/usb_device_driver/install/usb_device_driver/share/colcon-core/packages/usb_device_driver)
[15.154s] Level 1:colcon.colcon_core.environment:create_environment_scripts_only(usb_device_driver)
[15.154s] Level 1:colcon.colcon_core.environment:checking '/home/miles/usb_ros2_ws/src/usb_device_driver/install/usb_device_driver' for CMake module files
[15.154s] Level 1:colcon.colcon_core.environment:checking '/home/miles/usb_ros2_ws/src/usb_device_driver/install/usb_device_driver' for CMake config files
[15.155s] Level 1:colcon.colcon_core.shell:create_environment_hook('usb_device_driver', 'cmake_prefix_path')
[15.155s] INFO:colcon.colcon_core.shell:Creating environment hook '/home/miles/usb_ros2_ws/src/usb_device_driver/install/usb_device_driver/share/usb_device_driver/hook/cmake_prefix_path.ps1'
[15.155s] INFO:colcon.colcon_core.shell:Creating environment descriptor '/home/miles/usb_ros2_ws/src/usb_device_driver/install/usb_device_driver/share/usb_device_driver/hook/cmake_prefix_path.dsv'
[15.155s] INFO:colcon.colcon_core.shell:Creating environment hook '/home/miles/usb_ros2_ws/src/usb_device_driver/install/usb_device_driver/share/usb_device_driver/hook/cmake_prefix_path.sh'
[15.156s] Level 1:colcon.colcon_core.environment:checking '/home/miles/usb_ros2_ws/src/usb_device_driver/install/usb_device_driver/lib'
[15.156s] Level 1:colcon.colcon_core.shell:create_environment_hook('usb_device_driver', 'ld_library_path_lib')
[15.156s] INFO:colcon.colcon_core.shell:Creating environment hook '/home/miles/usb_ros2_ws/src/usb_device_driver/install/usb_device_driver/share/usb_device_driver/hook/ld_library_path_lib.ps1'
[15.156s] INFO:colcon.colcon_core.shell:Creating environment descriptor '/home/miles/usb_ros2_ws/src/usb_device_driver/install/usb_device_driver/share/usb_device_driver/hook/ld_library_path_lib.dsv'
[15.156s] INFO:colcon.colcon_core.shell:Creating environment hook '/home/miles/usb_ros2_ws/src/usb_device_driver/install/usb_device_driver/share/usb_device_driver/hook/ld_library_path_lib.sh'
[15.157s] Level 1:colcon.colcon_core.environment:checking '/home/miles/usb_ros2_ws/src/usb_device_driver/install/usb_device_driver/bin'
[15.157s] Level 1:colcon.colcon_core.environment:checking '/home/miles/usb_ros2_ws/src/usb_device_driver/install/usb_device_driver/lib/pkgconfig/usb_device_driver.pc'
[15.157s] Level 1:colcon.colcon_core.environment:checking '/home/miles/usb_ros2_ws/src/usb_device_driver/install/usb_device_driver/lib/python3.10/site-packages'
[15.157s] Level 1:colcon.colcon_core.environment:checking '/home/miles/usb_ros2_ws/src/usb_device_driver/install/usb_device_driver/bin'
[15.157s] INFO:colcon.colcon_core.shell:Creating package script '/home/miles/usb_ros2_ws/src/usb_device_driver/install/usb_device_driver/share/usb_device_driver/package.ps1'
[15.158s] INFO:colcon.colcon_core.shell:Creating package descriptor '/home/miles/usb_ros2_ws/src/usb_device_driver/install/usb_device_driver/share/usb_device_driver/package.dsv'
[15.158s] INFO:colcon.colcon_core.shell:Creating package script '/home/miles/usb_ros2_ws/src/usb_device_driver/install/usb_device_driver/share/usb_device_driver/package.sh'
[15.158s] INFO:colcon.colcon_core.shell:Creating package script '/home/miles/usb_ros2_ws/src/usb_device_driver/install/usb_device_driver/share/usb_device_driver/package.bash'
[15.159s] INFO:colcon.colcon_core.shell:Creating package script '/home/miles/usb_ros2_ws/src/usb_device_driver/install/usb_device_driver/share/usb_device_driver/package.zsh'
[15.159s] Level 1:colcon.colcon_core.environment:create_file_with_runtime_dependencies(/home/miles/usb_ros2_ws/src/usb_device_driver/install/usb_device_driver/share/colcon-core/packages/usb_device_driver)
[15.159s] DEBUG:colcon.colcon_parallel_executor.executor.parallel:closing loop
[15.159s] DEBUG:colcon.colcon_parallel_executor.executor.parallel:loop closed
[15.159s] DEBUG:colcon.colcon_parallel_executor.executor.parallel:run_until_complete finished with '0'
[15.159s] DEBUG:colcon.colcon_core.event_reactor:joining thread
[15.164s] INFO:colcon.colcon_core.plugin_system:Skipping extension 'colcon_notification.desktop_notification.terminal_notifier': Not used on non-Darwin systems
[15.164s] INFO:colcon.colcon_core.plugin_system:Skipping extension 'colcon_notification.desktop_notification.win32': Not used on non-Windows systems
[15.164s] INFO:colcon.colcon_notification.desktop_notification:Sending desktop notification using 'notify2'
[15.174s] DEBUG:colcon.colcon_core.event_reactor:joined thread
[15.175s] INFO:colcon.colcon_core.shell:Creating prefix script '/home/miles/usb_ros2_ws/src/usb_device_driver/install/local_setup.ps1'
[15.176s] INFO:colcon.colcon_core.shell:Creating prefix util module '/home/miles/usb_ros2_ws/src/usb_device_driver/install/_local_setup_util_ps1.py'
[15.177s] INFO:colcon.colcon_core.shell:Creating prefix chain script '/home/miles/usb_ros2_ws/src/usb_device_driver/install/setup.ps1'
[15.177s] INFO:colcon.colcon_core.shell:Creating prefix script '/home/miles/usb_ros2_ws/src/usb_device_driver/install/local_setup.sh'
[15.178s] INFO:colcon.colcon_core.shell:Creating prefix util module '/home/miles/usb_ros2_ws/src/usb_device_driver/install/_local_setup_util_sh.py'
[15.178s] INFO:colcon.colcon_core.shell:Creating prefix chain script '/home/miles/usb_ros2_ws/src/usb_device_driver/install/setup.sh'
[15.179s] INFO:colcon.colcon_core.shell:Creating prefix script '/home/miles/usb_ros2_ws/src/usb_device_driver/install/local_setup.bash'
[15.179s] INFO:colcon.colcon_core.shell:Creating prefix chain script '/home/miles/usb_ros2_ws/src/usb_device_driver/install/setup.bash'
[15.180s] INFO:colcon.colcon_core.shell:Creating prefix script '/home/miles/usb_ros2_ws/src/usb_device_driver/install/local_setup.zsh'
[15.180s] INFO:colcon.colcon_core.shell:Creating prefix chain script '/home/miles/usb_ros2_ws/src/usb_device_driver/install/setup.zsh'
