[0.008s] Invoking command in '/home/miles/usb_ros2_ws/build/usb_device_driver': CMAKE_PREFIX_PATH=/opt/ros/humble /usr/bin/cmake /home/miles/usb_ros2_ws/src/usb_device_driver -DCMAKE_INSTALL_PREFIX=/home/miles/usb_ros2_ws/install/usb_device_driver
[0.018s] -- Found ament_cmake: 1.3.13 (/opt/ros/humble/share/ament_cmake/cmake)
[0.112s] -- Found rclcpp: 16.0.18 (/opt/ros/humble/share/rclcpp/cmake)
[0.134s] -- Found rosidl_generator_c: 3.1.8 (/opt/ros/humble/share/rosidl_generator_c/cmake)
[0.135s] -- Found rosidl_adapter: 3.1.8 (/opt/ros/humble/share/rosidl_adapter/cmake)
[0.140s] -- Found rosidl_generator_cpp: 3.1.8 (/opt/ros/humble/share/rosidl_generator_cpp/cmake)
[0.146s] -- Using all available rosidl_typesupport_c: rosidl_typesupport_fastrtps_c;rosidl_typesupport_introspection_c
[0.155s] -- Using all available rosidl_typesupport_cpp: rosidl_typesupport_fastrtps_cpp;rosidl_typesupport_introspection_cpp
[0.177s] -- Found rmw_implementation_cmake: 6.1.2 (/opt/ros/humble/share/rmw_implementation_cmake/cmake)
[0.178s] -- Found rmw_fastrtps_cpp: 6.2.10 (/opt/ros/humble/share/rmw_fastrtps_cpp/cmake)
[0.269s] -- Using RMW implementation 'rmw_fastrtps_cpp' as default
[0.303s] -- Found geometry_msgs: 4.9.1 (/opt/ros/humble/share/geometry_msgs/cmake)
[0.312s] -- Found rosidl_default_generators: 1.2.0 (/opt/ros/humble/share/rosidl_default_generators/cmake)
[0.547s] -- Found ament_cmake_ros: 0.10.0 (/opt/ros/humble/share/ament_cmake_ros/cmake)
[0.871s] -- Using all available rosidl_typesupport_c: rosidl_typesupport_fastrtps_c;rosidl_typesupport_introspection_c
[0.998s] -- Using all available rosidl_typesupport_cpp: rosidl_typesupport_fastrtps_cpp;rosidl_typesupport_introspection_cpp
[1.016s] -- Found python_cmake_module: 0.10.0 (/opt/ros/humble/share/python_cmake_module/cmake)
[1.035s] -- Using PYTHON_EXECUTABLE: /usr/bin/python3
[1.035s] -- Using PYTHON_INCLUDE_DIRS: /usr/include/python3.10
[1.035s] -- Using PYTHON_LIBRARIES: /usr/lib/x86_64-linux-gnu/libpython3.10.so
[1.066s] -- Configuring done
[1.101s] -- Generating done
[1.112s] -- Build files have been written to: /home/miles/usb_ros2_ws/build/usb_device_driver
[1.122s] Invoked command in '/home/miles/usb_ros2_ws/build/usb_device_driver' returned '0': CMAKE_PREFIX_PATH=/opt/ros/humble /usr/bin/cmake /home/miles/usb_ros2_ws/src/usb_device_driver -DCMAKE_INSTALL_PREFIX=/home/miles/usb_ros2_ws/install/usb_device_driver
[1.124s] Invoking command in '/home/miles/usb_ros2_ws/build/usb_device_driver': CMAKE_PREFIX_PATH=/opt/ros/humble /usr/bin/cmake --build /home/miles/usb_ros2_ws/build/usb_device_driver -- -j12 -l12
[1.162s] [35m[1mConsolidate compiler generated dependencies of target usb_device_driver__rosidl_generator_c[0m
[1.170s] [  2%] Built target usb_device_driver__cpp
[1.172s] [  4%] [32mBuilding C object CMakeFiles/usb_device_driver__rosidl_generator_c.dir/rosidl_generator_c/usb_device_driver/msg/detail/imu_data__functions.c.o[0m
[1.172s] [  6%] [32mBuilding C object CMakeFiles/usb_device_driver__rosidl_generator_c.dir/rosidl_generator_c/usb_device_driver/msg/detail/motors_cmd__functions.c.o[0m
[1.172s] [  8%] [32mBuilding C object CMakeFiles/usb_device_driver__rosidl_generator_c.dir/rosidl_generator_c/usb_device_driver/msg/detail/motors_states__functions.c.o[0m
[1.179s] [  8%] Built target ament_cmake_python_copy_usb_device_driver
[1.179s] [35m[1mConsolidate compiler generated dependencies of target usb_device_driver__rosidl_typesupport_cpp[0m
[1.179s] [35m[1mConsolidate compiler generated dependencies of target usb_device_driver__rosidl_typesupport_introspection_cpp[0m
[1.181s] [35m[1mConsolidate compiler generated dependencies of target usb_device_driver__rosidl_typesupport_fastrtps_cpp[0m
[1.193s] [ 18%] Built target usb_device_driver__rosidl_typesupport_cpp
[1.193s] [ 20%] [32mBuilding CXX object CMakeFiles/usb_device_driver__rosidl_typesupport_introspection_cpp.dir/rosidl_typesupport_introspection_cpp/usb_device_driver/msg/detail/imu_data__type_support.cpp.o[0m
[1.194s] [ 22%] [32mBuilding CXX object CMakeFiles/usb_device_driver__rosidl_typesupport_introspection_cpp.dir/rosidl_typesupport_introspection_cpp/usb_device_driver/msg/detail/motors_cmd__type_support.cpp.o[0m
[1.196s] [ 24%] [32mBuilding CXX object CMakeFiles/usb_device_driver__rosidl_typesupport_introspection_cpp.dir/rosidl_typesupport_introspection_cpp/usb_device_driver/msg/detail/motors_states__type_support.cpp.o[0m
[1.198s] [ 26%] [32mBuilding CXX object CMakeFiles/usb_device_driver__rosidl_typesupport_fastrtps_cpp.dir/rosidl_typesupport_fastrtps_cpp/usb_device_driver/msg/detail/dds_fastrtps/imu_data__type_support.cpp.o[0m
[1.200s] [ 28%] [32mBuilding CXX object CMakeFiles/usb_device_driver__rosidl_typesupport_fastrtps_cpp.dir/rosidl_typesupport_fastrtps_cpp/usb_device_driver/msg/detail/dds_fastrtps/motors_states__type_support.cpp.o[0m
[1.200s] [ 30%] [32mBuilding CXX object CMakeFiles/usb_device_driver__rosidl_typesupport_fastrtps_cpp.dir/rosidl_typesupport_fastrtps_cpp/usb_device_driver/msg/detail/dds_fastrtps/motors_cmd__type_support.cpp.o[0m
[1.219s] [ 32%] [32mBuilding CXX object CMakeFiles/usb_reader_node.dir/src/usb_reader_node.cpp.o[0m
[1.225s] [ 34%] [32mBuilding CXX object CMakeFiles/usb_reader_node.dir/src/main.cpp.o[0m
[1.236s] [ 36%] [32m[1mLinking C shared library libusb_device_driver__rosidl_generator_c.so[0m
[1.281s] [ 38%] Built target usb_device_driver__rosidl_generator_c
[1.297s] [35m[1mConsolidate compiler generated dependencies of target usb_device_driver__rosidl_typesupport_c[0m
[1.297s] [35m[1mConsolidate compiler generated dependencies of target usb_device_driver__rosidl_typesupport_fastrtps_c[0m
[1.297s] [35m[1mConsolidate compiler generated dependencies of target usb_device_driver__rosidl_typesupport_introspection_c[0m
[1.319s] [ 40%] [32m[1mLinking CXX shared library libusb_device_driver__rosidl_typesupport_c.so[0m
[1.319s] [ 44%] [32mBuilding C object CMakeFiles/usb_device_driver__rosidl_typesupport_introspection_c.dir/rosidl_typesupport_introspection_c/usb_device_driver/msg/detail/imu_data__type_support.c.o[0m
[1.320s] [ 44%] [32mBuilding CXX object CMakeFiles/usb_device_driver__rosidl_typesupport_fastrtps_c.dir/rosidl_typesupport_fastrtps_c/usb_device_driver/msg/detail/imu_data__type_support_c.cpp.o[0m
[1.370s] [ 46%] [32mBuilding C object CMakeFiles/usb_device_driver__rosidl_typesupport_introspection_c.dir/rosidl_typesupport_introspection_c/usb_device_driver/msg/detail/motors_cmd__type_support.c.o[0m
[1.380s] [ 54%] Built target usb_device_driver__rosidl_typesupport_c
[1.394s] [ 56%] [32mBuilding CXX object CMakeFiles/usb_device_driver__rosidl_typesupport_fastrtps_c.dir/rosidl_typesupport_fastrtps_c/usb_device_driver/msg/detail/motors_cmd__type_support_c.cpp.o[0m
[1.435s] [ 58%] [32mBuilding C object CMakeFiles/usb_device_driver__rosidl_typesupport_introspection_c.dir/rosidl_typesupport_introspection_c/usb_device_driver/msg/detail/motors_states__type_support.c.o[0m
[1.446s] running egg_info
[1.447s] writing usb_device_driver.egg-info/PKG-INFO
[1.447s] writing dependency_links to usb_device_driver.egg-info/dependency_links.txt
[1.448s] writing top-level names to usb_device_driver.egg-info/top_level.txt
[1.452s] reading manifest file 'usb_device_driver.egg-info/SOURCES.txt'
[1.452s] writing manifest file 'usb_device_driver.egg-info/SOURCES.txt'
[1.490s] [ 60%] [32m[1mLinking C shared library libusb_device_driver__rosidl_typesupport_introspection_c.so[0m
[1.495s] [ 60%] Built target ament_cmake_python_build_usb_device_driver_egg
[1.508s] [ 62%] [32mBuilding CXX object CMakeFiles/usb_device_driver__rosidl_typesupport_fastrtps_c.dir/rosidl_typesupport_fastrtps_c/usb_device_driver/msg/detail/motors_states__type_support_c.cpp.o[0m
[1.534s] [ 64%] Built target usb_device_driver__rosidl_typesupport_introspection_c
[1.537s] In file included from [01m[K/home/miles/usb_ros2_ws/src/usb_device_driver/src/usb_reader_node.cpp:1[m[K:
[1.537s] [01m[K/home/miles/usb_ros2_ws/src/usb_device_driver/include/usb_device_driver/usb_reader_node.hpp:15:10:[m[K [01;31m[Kfatal error: [m[Kusb_device_driver/msg/IMUData.hpp: 没有那个文件或目录
[1.537s]    15 | #include [01;31m[K"usb_device_driver/msg/IMUData.hpp"[m[K
[1.538s]       |          [01;31m[K^~~~~~~~~~~~~~~~~~~~~~~~~~~~~~~~~~~[m[K
[1.538s] compilation terminated.
[1.539s] gmake[2]: *** [CMakeFiles/usb_reader_node.dir/build.make:90：CMakeFiles/usb_reader_node.dir/src/usb_reader_node.cpp.o] 错误 1
[1.540s] gmake[2]: *** 正在等待未完成的任务....
[1.557s] In file included from [01m[K/home/miles/usb_ros2_ws/src/usb_device_driver/src/main.cpp:1[m[K:
[1.557s] [01m[K/home/miles/usb_ros2_ws/src/usb_device_driver/include/usb_device_driver/usb_reader_node.hpp:15:10:[m[K [01;31m[Kfatal error: [m[Kusb_device_driver/msg/IMUData.hpp: 没有那个文件或目录
[1.557s]    15 | #include [01;31m[K"usb_device_driver/msg/IMUData.hpp"[m[K
[1.557s]       |          [01;31m[K^~~~~~~~~~~~~~~~~~~~~~~~~~~~~~~~~~~[m[K
[1.558s] compilation terminated.
[1.562s] gmake[2]: *** [CMakeFiles/usb_reader_node.dir/build.make:76：CMakeFiles/usb_reader_node.dir/src/main.cpp.o] 错误 1
[1.563s] gmake[1]: *** [CMakeFiles/Makefile2:593：CMakeFiles/usb_reader_node.dir/all] 错误 2
[1.563s] gmake[1]: *** 正在等待未完成的任务....
[1.665s] [ 66%] [32m[1mLinking CXX shared library libusb_device_driver__rosidl_typesupport_fastrtps_cpp.so[0m
[1.672s] [ 68%] [32m[1mLinking CXX shared library libusb_device_driver__rosidl_typesupport_introspection_cpp.so[0m
[1.742s] [ 70%] Built target usb_device_driver__rosidl_typesupport_fastrtps_cpp
[1.745s] [ 72%] Built target usb_device_driver__rosidl_typesupport_introspection_cpp
[1.830s] [ 74%] [32m[1mLinking CXX shared library libusb_device_driver__rosidl_typesupport_fastrtps_c.so[0m
[1.892s] [ 76%] Built target usb_device_driver__rosidl_typesupport_fastrtps_c
[1.894s] gmake: *** [Makefile:146：all] 错误 2
[1.896s] Invoked command in '/home/miles/usb_ros2_ws/build/usb_device_driver' returned '2': CMAKE_PREFIX_PATH=/opt/ros/humble /usr/bin/cmake --build /home/miles/usb_ros2_ws/build/usb_device_driver -- -j12 -l12
