[0.025s] Invoking command in '/home/miles/usb_ros2_ws/src/usb_device_driver/build/usb_device_driver': CMAKE_PREFIX_PATH=${CMAKE_PREFIX_PATH}:/opt/ros/humble /usr/bin/cmake --build /home/miles/usb_ros2_ws/src/usb_device_driver/build/usb_device_driver -- -j12 -l12
[0.143s] [  8%] Built target usb_device_driver__cpp
[0.144s] [ 12%] Built target usb_device_driver__rosidl_generator_c
[0.161s] [ 12%] Built target ament_cmake_python_copy_usb_device_driver
[0.182s] [ 22%] Built target usb_device_driver__rosidl_typesupport_c
[0.202s] [ 32%] Built target usb_device_driver__rosidl_typesupport_introspection_c
[0.202s] [ 42%] Built target usb_device_driver__rosidl_typesupport_cpp
[0.205s] [ 52%] Built target usb_device_driver__rosidl_typesupport_fastrtps_cpp
[0.206s] [ 62%] Built target usb_device_driver__rosidl_typesupport_fastrtps_c
[0.215s] [ 72%] Built target usb_device_driver__rosidl_typesupport_introspection_cpp
[0.253s] [ 74%] [32mBuilding CXX object CMakeFiles/usb_reader_node.dir/src/usb_reader_node.cpp.o[0m
[0.256s] [ 76%] [32mBuilding CXX object CMakeFiles/usb_reader_node.dir/src/main.cpp.o[0m
[0.264s] [ 76%] Built target usb_device_driver
[0.316s] [ 78%] Built target usb_device_driver__py
[0.374s] [ 86%] Built target usb_device_driver__rosidl_generator_py
[0.433s] [ 90%] Built target usb_device_driver__rosidl_typesupport_c__pyext
[0.434s] [ 94%] Built target usb_device_driver__rosidl_typesupport_introspection_c__pyext
[0.434s] [ 98%] Built target usb_device_driver__rosidl_typesupport_fastrtps_c__pyext
[0.758s] running egg_info
[0.760s] writing usb_device_driver.egg-info/PKG-INFO
[0.760s] writing dependency_links to usb_device_driver.egg-info/dependency_links.txt
[0.760s] writing top-level names to usb_device_driver.egg-info/top_level.txt
[0.764s] reading manifest file 'usb_device_driver.egg-info/SOURCES.txt'
[0.765s] writing manifest file 'usb_device_driver.egg-info/SOURCES.txt'
[0.821s] [ 98%] Built target ament_cmake_python_build_usb_device_driver_egg
[4.776s] In file included from [01m[K/home/miles/usb_ros2_ws/src/usb_device_driver/generated/include/mavlink/v2.0/robot_dog/../protocol.h:4[m[K,
[4.776s]                  from [01m[K/home/miles/usb_ros2_ws/src/usb_device_driver/generated/include/mavlink/v2.0/robot_dog/robot_dog.h:29[m[K,
[4.777s]                  from [01m[K/home/miles/usb_ros2_ws/src/usb_device_driver/generated/include/mavlink/v2.0/robot_dog/mavlink.h:32[m[K,
[4.777s]                  from [01m[K/home/miles/usb_ros2_ws/src/usb_device_driver/include/usb_device_driver/usb_reader_node.hpp:20[m[K,
[4.777s]                  from [01m[K/home/miles/usb_ros2_ws/src/usb_device_driver/src/main.cpp:1[m[K:
[4.777s] [01m[K/home/miles/usb_ros2_ws/src/usb_device_driver/generated/include/mavlink/v2.0/robot_dog/../mavlink_types.h:78:12:[m[K [01;35m[Kwarning: [m[KISO C++ prohibits anonymous structs [[01;35m[K]8;;https://gcc.gnu.org/onlinedocs/gcc/Warning-Options.html#index-Wpedantic-Wpedantic]8;;[m[K]
[4.777s]    78 |     struct [01;35m[K{[m[K
[4.777s]       |            [01;35m[K^[m[K
[4.777s] [01m[K/home/miles/usb_ros2_ws/src/usb_device_driver/generated/include/mavlink/v2.0/robot_dog/../mavlink_types.h:17:40:[m[K [01;36m[Knote: [m[Kin definition of macro ‘[01m[KMAVPACKED[m[K’
[4.778s]    17 |   #define MAVPACKED( __Declaration__ ) [01;36m[K__Declaration__[m[K __attribute__((packed))
[4.778s]       |                                        [01;36m[K^~~~~~~~~~~~~~~[m[K
[5.415s] In file included from [01m[K/home/miles/usb_ros2_ws/src/usb_device_driver/generated/include/mavlink/v2.0/robot_dog/../protocol.h:4[m[K,
[5.415s]                  from [01m[K/home/miles/usb_ros2_ws/src/usb_device_driver/generated/include/mavlink/v2.0/robot_dog/robot_dog.h:29[m[K,
[5.416s]                  from [01m[K/home/miles/usb_ros2_ws/src/usb_device_driver/generated/include/mavlink/v2.0/robot_dog/mavlink.h:32[m[K,
[5.416s]                  from [01m[K/home/miles/usb_ros2_ws/src/usb_device_driver/include/usb_device_driver/usb_reader_node.hpp:20[m[K,
[5.416s]                  from [01m[K/home/miles/usb_ros2_ws/src/usb_device_driver/src/usb_reader_node.cpp:1[m[K:
[5.416s] [01m[K/home/miles/usb_ros2_ws/src/usb_device_driver/generated/include/mavlink/v2.0/robot_dog/../mavlink_types.h:78:12:[m[K [01;35m[Kwarning: [m[KISO C++ prohibits anonymous structs [[01;35m[K]8;;https://gcc.gnu.org/onlinedocs/gcc/Warning-Options.html#index-Wpedantic-Wpedantic]8;;[m[K]
[5.416s]    78 |     struct [01;35m[K{[m[K
[5.416s]       |            [01;35m[K^[m[K
[5.417s] [01m[K/home/miles/usb_ros2_ws/src/usb_device_driver/generated/include/mavlink/v2.0/robot_dog/../mavlink_types.h:17:40:[m[K [01;36m[Knote: [m[Kin definition of macro ‘[01m[KMAVPACKED[m[K’
[5.417s]    17 |   #define MAVPACKED( __Declaration__ ) [01;36m[K__Declaration__[m[K __attribute__((packed))
[5.417s]       |                                        [01;36m[K^~~~~~~~~~~~~~~[m[K
[13.046s] [100%] [32m[1mLinking CXX executable usb_reader_node[0m
[13.387s] [100%] Built target usb_reader_node
[13.400s] Invoked command in '/home/miles/usb_ros2_ws/src/usb_device_driver/build/usb_device_driver' returned '0': CMAKE_PREFIX_PATH=${CMAKE_PREFIX_PATH}:/opt/ros/humble /usr/bin/cmake --build /home/miles/usb_ros2_ws/src/usb_device_driver/build/usb_device_driver -- -j12 -l12
[13.410s] Invoking command in '/home/miles/usb_ros2_ws/src/usb_device_driver/build/usb_device_driver': CMAKE_PREFIX_PATH=${CMAKE_PREFIX_PATH}:/opt/ros/humble /usr/bin/cmake --install /home/miles/usb_ros2_ws/src/usb_device_driver/build/usb_device_driver
[13.419s] -- Install configuration: ""
[13.419s] -- Up-to-date: /home/miles/usb_ros2_ws/src/usb_device_driver/install/usb_device_driver/share/ament_index/resource_index/rosidl_interfaces/usb_device_driver
[13.419s] -- Up-to-date: /home/miles/usb_ros2_ws/src/usb_device_driver/install/usb_device_driver/include/usb_device_driver/usb_device_driver
[13.420s] -- Up-to-date: /home/miles/usb_ros2_ws/src/usb_device_driver/install/usb_device_driver/include/usb_device_driver/usb_device_driver/msg
[13.420s] -- Up-to-date: /home/miles/usb_ros2_ws/src/usb_device_driver/install/usb_device_driver/include/usb_device_driver/usb_device_driver/msg/detail
[13.420s] -- Up-to-date: /home/miles/usb_ros2_ws/src/usb_device_driver/install/usb_device_driver/include/usb_device_driver/usb_device_driver/msg/detail/motors_cmd__struct.h
[13.420s] -- Up-to-date: /home/miles/usb_ros2_ws/src/usb_device_driver/install/usb_device_driver/include/usb_device_driver/usb_device_driver/msg/detail/motors_states__struct.h
[13.420s] -- Up-to-date: /home/miles/usb_ros2_ws/src/usb_device_driver/install/usb_device_driver/include/usb_device_driver/usb_device_driver/msg/detail/motors_cmd__type_support.h
[13.420s] -- Up-to-date: /home/miles/usb_ros2_ws/src/usb_device_driver/install/usb_device_driver/include/usb_device_driver/usb_device_driver/msg/detail/motors_states__functions.c
[13.420s] -- Up-to-date: /home/miles/usb_ros2_ws/src/usb_device_driver/install/usb_device_driver/include/usb_device_driver/usb_device_driver/msg/detail/imu_data__type_support.h
[13.421s] -- Up-to-date: /home/miles/usb_ros2_ws/src/usb_device_driver/install/usb_device_driver/include/usb_device_driver/usb_device_driver/msg/detail/imu_data__functions.h
[13.421s] -- Up-to-date: /home/miles/usb_ros2_ws/src/usb_device_driver/install/usb_device_driver/include/usb_device_driver/usb_device_driver/msg/detail/motors_cmd__functions.c
[13.421s] -- Up-to-date: /home/miles/usb_ros2_ws/src/usb_device_driver/install/usb_device_driver/include/usb_device_driver/usb_device_driver/msg/detail/motors_states__type_support.h
[13.421s] -- Up-to-date: /home/miles/usb_ros2_ws/src/usb_device_driver/install/usb_device_driver/include/usb_device_driver/usb_device_driver/msg/detail/motors_cmd__functions.h
[13.421s] -- Up-to-date: /home/miles/usb_ros2_ws/src/usb_device_driver/install/usb_device_driver/include/usb_device_driver/usb_device_driver/msg/detail/imu_data__functions.c
[13.421s] -- Up-to-date: /home/miles/usb_ros2_ws/src/usb_device_driver/install/usb_device_driver/include/usb_device_driver/usb_device_driver/msg/detail/motors_states__functions.h
[13.421s] -- Up-to-date: /home/miles/usb_ros2_ws/src/usb_device_driver/install/usb_device_driver/include/usb_device_driver/usb_device_driver/msg/detail/imu_data__struct.h
[13.421s] -- Up-to-date: /home/miles/usb_ros2_ws/src/usb_device_driver/install/usb_device_driver/include/usb_device_driver/usb_device_driver/msg/rosidl_generator_c__visibility_control.h
[13.421s] -- Up-to-date: /home/miles/usb_ros2_ws/src/usb_device_driver/install/usb_device_driver/include/usb_device_driver/usb_device_driver/msg/motors_cmd.h
[13.421s] -- Up-to-date: /home/miles/usb_ros2_ws/src/usb_device_driver/install/usb_device_driver/include/usb_device_driver/usb_device_driver/msg/motors_states.h
[13.421s] -- Up-to-date: /home/miles/usb_ros2_ws/src/usb_device_driver/install/usb_device_driver/include/usb_device_driver/usb_device_driver/msg/imu_data.h
[13.421s] -- Up-to-date: /home/miles/usb_ros2_ws/src/usb_device_driver/install/usb_device_driver/share/usb_device_driver/environment/library_path.sh
[13.421s] -- Up-to-date: /home/miles/usb_ros2_ws/src/usb_device_driver/install/usb_device_driver/share/usb_device_driver/environment/library_path.dsv
[13.421s] -- Up-to-date: /home/miles/usb_ros2_ws/src/usb_device_driver/install/usb_device_driver/lib/libusb_device_driver__rosidl_generator_c.so
[13.421s] -- Up-to-date: /home/miles/usb_ros2_ws/src/usb_device_driver/install/usb_device_driver/include/usb_device_driver/usb_device_driver
[13.421s] -- Up-to-date: /home/miles/usb_ros2_ws/src/usb_device_driver/install/usb_device_driver/include/usb_device_driver/usb_device_driver/msg
[13.421s] -- Up-to-date: /home/miles/usb_ros2_ws/src/usb_device_driver/install/usb_device_driver/include/usb_device_driver/usb_device_driver/msg/detail
[13.422s] -- Up-to-date: /home/miles/usb_ros2_ws/src/usb_device_driver/install/usb_device_driver/include/usb_device_driver/usb_device_driver/msg/detail/motors_states__rosidl_typesupport_fastrtps_c.h
[13.422s] -- Up-to-date: /home/miles/usb_ros2_ws/src/usb_device_driver/install/usb_device_driver/include/usb_device_driver/usb_device_driver/msg/detail/imu_data__rosidl_typesupport_fastrtps_c.h
[13.422s] -- Up-to-date: /home/miles/usb_ros2_ws/src/usb_device_driver/install/usb_device_driver/include/usb_device_driver/usb_device_driver/msg/detail/motors_cmd__rosidl_typesupport_fastrtps_c.h
[13.422s] -- Up-to-date: /home/miles/usb_ros2_ws/src/usb_device_driver/install/usb_device_driver/include/usb_device_driver/usb_device_driver/msg/rosidl_typesupport_fastrtps_c__visibility_control.h
[13.422s] -- Up-to-date: /home/miles/usb_ros2_ws/src/usb_device_driver/install/usb_device_driver/lib/libusb_device_driver__rosidl_typesupport_fastrtps_c.so
[13.422s] -- Up-to-date: /home/miles/usb_ros2_ws/src/usb_device_driver/install/usb_device_driver/include/usb_device_driver/usb_device_driver
[13.422s] -- Up-to-date: /home/miles/usb_ros2_ws/src/usb_device_driver/install/usb_device_driver/include/usb_device_driver/usb_device_driver/msg
[13.422s] -- Up-to-date: /home/miles/usb_ros2_ws/src/usb_device_driver/install/usb_device_driver/include/usb_device_driver/usb_device_driver/msg/detail
[13.422s] -- Up-to-date: /home/miles/usb_ros2_ws/src/usb_device_driver/install/usb_device_driver/include/usb_device_driver/usb_device_driver/msg/detail/imu_data__builder.hpp
[13.422s] -- Up-to-date: /home/miles/usb_ros2_ws/src/usb_device_driver/install/usb_device_driver/include/usb_device_driver/usb_device_driver/msg/detail/imu_data__type_support.hpp
[13.422s] -- Up-to-date: /home/miles/usb_ros2_ws/src/usb_device_driver/install/usb_device_driver/include/usb_device_driver/usb_device_driver/msg/detail/motors_states__type_support.hpp
[13.422s] -- Up-to-date: /home/miles/usb_ros2_ws/src/usb_device_driver/install/usb_device_driver/include/usb_device_driver/usb_device_driver/msg/detail/motors_cmd__struct.hpp
[13.422s] -- Up-to-date: /home/miles/usb_ros2_ws/src/usb_device_driver/install/usb_device_driver/include/usb_device_driver/usb_device_driver/msg/detail/motors_cmd__traits.hpp
[13.422s] -- Up-to-date: /home/miles/usb_ros2_ws/src/usb_device_driver/install/usb_device_driver/include/usb_device_driver/usb_device_driver/msg/detail/motors_states__struct.hpp
[13.422s] -- Up-to-date: /home/miles/usb_ros2_ws/src/usb_device_driver/install/usb_device_driver/include/usb_device_driver/usb_device_driver/msg/detail/imu_data__traits.hpp
[13.422s] -- Up-to-date: /home/miles/usb_ros2_ws/src/usb_device_driver/install/usb_device_driver/include/usb_device_driver/usb_device_driver/msg/detail/motors_states__builder.hpp
[13.422s] -- Up-to-date: /home/miles/usb_ros2_ws/src/usb_device_driver/install/usb_device_driver/include/usb_device_driver/usb_device_driver/msg/detail/imu_data__struct.hpp
[13.422s] -- Up-to-date: /home/miles/usb_ros2_ws/src/usb_device_driver/install/usb_device_driver/include/usb_device_driver/usb_device_driver/msg/detail/motors_states__traits.hpp
[13.422s] -- Up-to-date: /home/miles/usb_ros2_ws/src/usb_device_driver/install/usb_device_driver/include/usb_device_driver/usb_device_driver/msg/detail/motors_cmd__builder.hpp
[13.423s] -- Up-to-date: /home/miles/usb_ros2_ws/src/usb_device_driver/install/usb_device_driver/include/usb_device_driver/usb_device_driver/msg/detail/motors_cmd__type_support.hpp
[13.423s] -- Up-to-date: /home/miles/usb_ros2_ws/src/usb_device_driver/install/usb_device_driver/include/usb_device_driver/usb_device_driver/msg/motors_states.hpp
[13.423s] -- Up-to-date: /home/miles/usb_ros2_ws/src/usb_device_driver/install/usb_device_driver/include/usb_device_driver/usb_device_driver/msg/motors_cmd.hpp
[13.423s] -- Up-to-date: /home/miles/usb_ros2_ws/src/usb_device_driver/install/usb_device_driver/include/usb_device_driver/usb_device_driver/msg/rosidl_generator_cpp__visibility_control.hpp
[13.423s] -- Up-to-date: /home/miles/usb_ros2_ws/src/usb_device_driver/install/usb_device_driver/include/usb_device_driver/usb_device_driver/msg/imu_data.hpp
[13.423s] -- Up-to-date: /home/miles/usb_ros2_ws/src/usb_device_driver/install/usb_device_driver/include/usb_device_driver/usb_device_driver
[13.423s] -- Up-to-date: /home/miles/usb_ros2_ws/src/usb_device_driver/install/usb_device_driver/include/usb_device_driver/usb_device_driver/msg
[13.423s] -- Up-to-date: /home/miles/usb_ros2_ws/src/usb_device_driver/install/usb_device_driver/include/usb_device_driver/usb_device_driver/msg/detail
[13.423s] -- Up-to-date: /home/miles/usb_ros2_ws/src/usb_device_driver/install/usb_device_driver/include/usb_device_driver/usb_device_driver/msg/detail/dds_fastrtps
[13.423s] -- Up-to-date: /home/miles/usb_ros2_ws/src/usb_device_driver/install/usb_device_driver/include/usb_device_driver/usb_device_driver/msg/detail/motors_cmd__rosidl_typesupport_fastrtps_cpp.hpp
[13.423s] -- Up-to-date: /home/miles/usb_ros2_ws/src/usb_device_driver/install/usb_device_driver/include/usb_device_driver/usb_device_driver/msg/detail/motors_states__rosidl_typesupport_fastrtps_cpp.hpp
[13.423s] -- Up-to-date: /home/miles/usb_ros2_ws/src/usb_device_driver/install/usb_device_driver/include/usb_device_driver/usb_device_driver/msg/detail/imu_data__rosidl_typesupport_fastrtps_cpp.hpp
[13.423s] -- Up-to-date: /home/miles/usb_ros2_ws/src/usb_device_driver/install/usb_device_driver/include/usb_device_driver/usb_device_driver/msg/rosidl_typesupport_fastrtps_cpp__visibility_control.h
[13.423s] -- Up-to-date: /home/miles/usb_ros2_ws/src/usb_device_driver/install/usb_device_driver/lib/libusb_device_driver__rosidl_typesupport_fastrtps_cpp.so
[13.423s] -- Up-to-date: /home/miles/usb_ros2_ws/src/usb_device_driver/install/usb_device_driver/include/usb_device_driver/usb_device_driver
[13.423s] -- Up-to-date: /home/miles/usb_ros2_ws/src/usb_device_driver/install/usb_device_driver/include/usb_device_driver/usb_device_driver/msg
[13.423s] -- Up-to-date: /home/miles/usb_ros2_ws/src/usb_device_driver/install/usb_device_driver/include/usb_device_driver/usb_device_driver/msg/detail
[13.423s] -- Up-to-date: /home/miles/usb_ros2_ws/src/usb_device_driver/install/usb_device_driver/include/usb_device_driver/usb_device_driver/msg/detail/motors_cmd__rosidl_typesupport_introspection_c.h
[13.423s] -- Up-to-date: /home/miles/usb_ros2_ws/src/usb_device_driver/install/usb_device_driver/include/usb_device_driver/usb_device_driver/msg/detail/imu_data__rosidl_typesupport_introspection_c.h
[13.423s] -- Up-to-date: /home/miles/usb_ros2_ws/src/usb_device_driver/install/usb_device_driver/include/usb_device_driver/usb_device_driver/msg/detail/imu_data__type_support.c
[13.424s] -- Up-to-date: /home/miles/usb_ros2_ws/src/usb_device_driver/install/usb_device_driver/include/usb_device_driver/usb_device_driver/msg/detail/motors_cmd__type_support.c
[13.424s] -- Up-to-date: /home/miles/usb_ros2_ws/src/usb_device_driver/install/usb_device_driver/include/usb_device_driver/usb_device_driver/msg/detail/motors_states__rosidl_typesupport_introspection_c.h
[13.424s] -- Up-to-date: /home/miles/usb_ros2_ws/src/usb_device_driver/install/usb_device_driver/include/usb_device_driver/usb_device_driver/msg/detail/motors_states__type_support.c
[13.424s] -- Up-to-date: /home/miles/usb_ros2_ws/src/usb_device_driver/install/usb_device_driver/include/usb_device_driver/usb_device_driver/msg/rosidl_typesupport_introspection_c__visibility_control.h
[13.424s] -- Up-to-date: /home/miles/usb_ros2_ws/src/usb_device_driver/install/usb_device_driver/lib/libusb_device_driver__rosidl_typesupport_introspection_c.so
[13.424s] -- Up-to-date: /home/miles/usb_ros2_ws/src/usb_device_driver/install/usb_device_driver/lib/libusb_device_driver__rosidl_typesupport_c.so
[13.424s] -- Up-to-date: /home/miles/usb_ros2_ws/src/usb_device_driver/install/usb_device_driver/include/usb_device_driver/usb_device_driver
[13.424s] -- Up-to-date: /home/miles/usb_ros2_ws/src/usb_device_driver/install/usb_device_driver/include/usb_device_driver/usb_device_driver/msg
[13.424s] -- Up-to-date: /home/miles/usb_ros2_ws/src/usb_device_driver/install/usb_device_driver/include/usb_device_driver/usb_device_driver/msg/detail
[13.424s] -- Up-to-date: /home/miles/usb_ros2_ws/src/usb_device_driver/install/usb_device_driver/include/usb_device_driver/usb_device_driver/msg/detail/motors_cmd__type_support.cpp
[13.424s] -- Up-to-date: /home/miles/usb_ros2_ws/src/usb_device_driver/install/usb_device_driver/include/usb_device_driver/usb_device_driver/msg/detail/motors_states__rosidl_typesupport_introspection_cpp.hpp
[13.424s] -- Up-to-date: /home/miles/usb_ros2_ws/src/usb_device_driver/install/usb_device_driver/include/usb_device_driver/usb_device_driver/msg/detail/imu_data__type_support.cpp
[13.424s] -- Up-to-date: /home/miles/usb_ros2_ws/src/usb_device_driver/install/usb_device_driver/include/usb_device_driver/usb_device_driver/msg/detail/motors_cmd__rosidl_typesupport_introspection_cpp.hpp
[13.424s] -- Up-to-date: /home/miles/usb_ros2_ws/src/usb_device_driver/install/usb_device_driver/include/usb_device_driver/usb_device_driver/msg/detail/imu_data__rosidl_typesupport_introspection_cpp.hpp
[13.424s] -- Up-to-date: /home/miles/usb_ros2_ws/src/usb_device_driver/install/usb_device_driver/include/usb_device_driver/usb_device_driver/msg/detail/motors_states__type_support.cpp
[13.424s] -- Up-to-date: /home/miles/usb_ros2_ws/src/usb_device_driver/install/usb_device_driver/lib/libusb_device_driver__rosidl_typesupport_introspection_cpp.so
[13.424s] -- Up-to-date: /home/miles/usb_ros2_ws/src/usb_device_driver/install/usb_device_driver/lib/libusb_device_driver__rosidl_typesupport_cpp.so
[13.424s] -- Up-to-date: /home/miles/usb_ros2_ws/src/usb_device_driver/install/usb_device_driver/share/usb_device_driver/environment/pythonpath.sh
[13.424s] -- Up-to-date: /home/miles/usb_ros2_ws/src/usb_device_driver/install/usb_device_driver/share/usb_device_driver/environment/pythonpath.dsv
[13.424s] -- Up-to-date: /home/miles/usb_ros2_ws/src/usb_device_driver/install/usb_device_driver/local/lib/python3.10/dist-packages/usb_device_driver-0.0.0-py3.10.egg-info
[13.424s] -- Installing: /home/miles/usb_ros2_ws/src/usb_device_driver/install/usb_device_driver/local/lib/python3.10/dist-packages/usb_device_driver-0.0.0-py3.10.egg-info/SOURCES.txt
[13.424s] -- Installing: /home/miles/usb_ros2_ws/src/usb_device_driver/install/usb_device_driver/local/lib/python3.10/dist-packages/usb_device_driver-0.0.0-py3.10.egg-info/dependency_links.txt
[13.424s] -- Installing: /home/miles/usb_ros2_ws/src/usb_device_driver/install/usb_device_driver/local/lib/python3.10/dist-packages/usb_device_driver-0.0.0-py3.10.egg-info/top_level.txt
[13.424s] -- Installing: /home/miles/usb_ros2_ws/src/usb_device_driver/install/usb_device_driver/local/lib/python3.10/dist-packages/usb_device_driver-0.0.0-py3.10.egg-info/PKG-INFO
[13.425s] -- Up-to-date: /home/miles/usb_ros2_ws/src/usb_device_driver/install/usb_device_driver/local/lib/python3.10/dist-packages/usb_device_driver
[13.425s] -- Up-to-date: /home/miles/usb_ros2_ws/src/usb_device_driver/install/usb_device_driver/local/lib/python3.10/dist-packages/usb_device_driver/libusb_device_driver__rosidl_generator_py.so
[13.425s] -- Up-to-date: /home/miles/usb_ros2_ws/src/usb_device_driver/install/usb_device_driver/local/lib/python3.10/dist-packages/usb_device_driver/usb_device_driver_s__rosidl_typesupport_fastrtps_c.cpython-310-x86_64-linux-gnu.so
[13.425s] -- Up-to-date: /home/miles/usb_ros2_ws/src/usb_device_driver/install/usb_device_driver/local/lib/python3.10/dist-packages/usb_device_driver/msg
[13.425s] -- Up-to-date: /home/miles/usb_ros2_ws/src/usb_device_driver/install/usb_device_driver/local/lib/python3.10/dist-packages/usb_device_driver/msg/_imu_data.py
[13.425s] -- Up-to-date: /home/miles/usb_ros2_ws/src/usb_device_driver/install/usb_device_driver/local/lib/python3.10/dist-packages/usb_device_driver/msg/_motors_cmd_s.c
[13.425s] -- Up-to-date: /home/miles/usb_ros2_ws/src/usb_device_driver/install/usb_device_driver/local/lib/python3.10/dist-packages/usb_device_driver/msg/_motors_cmd.py
[13.425s] -- Up-to-date: /home/miles/usb_ros2_ws/src/usb_device_driver/install/usb_device_driver/local/lib/python3.10/dist-packages/usb_device_driver/msg/_imu_data_s.c
[13.425s] -- Up-to-date: /home/miles/usb_ros2_ws/src/usb_device_driver/install/usb_device_driver/local/lib/python3.10/dist-packages/usb_device_driver/msg/_motors_states_s.c
[13.425s] -- Up-to-date: /home/miles/usb_ros2_ws/src/usb_device_driver/install/usb_device_driver/local/lib/python3.10/dist-packages/usb_device_driver/msg/_motors_states.py
[13.425s] -- Up-to-date: /home/miles/usb_ros2_ws/src/usb_device_driver/install/usb_device_driver/local/lib/python3.10/dist-packages/usb_device_driver/msg/__init__.py
[13.425s] -- Up-to-date: /home/miles/usb_ros2_ws/src/usb_device_driver/install/usb_device_driver/local/lib/python3.10/dist-packages/usb_device_driver/_usb_device_driver_s.ep.rosidl_typesupport_c.c
[13.425s] -- Up-to-date: /home/miles/usb_ros2_ws/src/usb_device_driver/install/usb_device_driver/local/lib/python3.10/dist-packages/usb_device_driver/_usb_device_driver_s.ep.rosidl_typesupport_fastrtps_c.c
[13.425s] -- Up-to-date: /home/miles/usb_ros2_ws/src/usb_device_driver/install/usb_device_driver/local/lib/python3.10/dist-packages/usb_device_driver/usb_device_driver_s__rosidl_typesupport_c.cpython-310-x86_64-linux-gnu.so
[13.425s] -- Up-to-date: /home/miles/usb_ros2_ws/src/usb_device_driver/install/usb_device_driver/local/lib/python3.10/dist-packages/usb_device_driver/usb_device_driver_s__rosidl_typesupport_introspection_c.cpython-310-x86_64-linux-gnu.so
[13.425s] -- Up-to-date: /home/miles/usb_ros2_ws/src/usb_device_driver/install/usb_device_driver/local/lib/python3.10/dist-packages/usb_device_driver/__init__.py
[13.425s] -- Up-to-date: /home/miles/usb_ros2_ws/src/usb_device_driver/install/usb_device_driver/local/lib/python3.10/dist-packages/usb_device_driver/_usb_device_driver_s.ep.rosidl_typesupport_introspection_c.c
[13.448s] Listing '/home/miles/usb_ros2_ws/src/usb_device_driver/install/usb_device_driver/local/lib/python3.10/dist-packages/usb_device_driver'...
[13.448s] Listing '/home/miles/usb_ros2_ws/src/usb_device_driver/install/usb_device_driver/local/lib/python3.10/dist-packages/usb_device_driver/msg'...
[13.452s] -- Up-to-date: /home/miles/usb_ros2_ws/src/usb_device_driver/install/usb_device_driver/local/lib/python3.10/dist-packages/usb_device_driver/usb_device_driver_s__rosidl_typesupport_fastrtps_c.cpython-310-x86_64-linux-gnu.so
[13.453s] -- Up-to-date: /home/miles/usb_ros2_ws/src/usb_device_driver/install/usb_device_driver/local/lib/python3.10/dist-packages/usb_device_driver/usb_device_driver_s__rosidl_typesupport_introspection_c.cpython-310-x86_64-linux-gnu.so
[13.453s] -- Up-to-date: /home/miles/usb_ros2_ws/src/usb_device_driver/install/usb_device_driver/local/lib/python3.10/dist-packages/usb_device_driver/usb_device_driver_s__rosidl_typesupport_c.cpython-310-x86_64-linux-gnu.so
[13.453s] -- Up-to-date: /home/miles/usb_ros2_ws/src/usb_device_driver/install/usb_device_driver/lib/libusb_device_driver__rosidl_generator_py.so
[13.453s] -- Up-to-date: /home/miles/usb_ros2_ws/src/usb_device_driver/install/usb_device_driver/share/usb_device_driver/msg/IMUData.idl
[13.453s] -- Up-to-date: /home/miles/usb_ros2_ws/src/usb_device_driver/install/usb_device_driver/share/usb_device_driver/msg/MotorsCmd.idl
[13.453s] -- Up-to-date: /home/miles/usb_ros2_ws/src/usb_device_driver/install/usb_device_driver/share/usb_device_driver/msg/MotorsStates.idl
[13.454s] -- Up-to-date: /home/miles/usb_ros2_ws/src/usb_device_driver/install/usb_device_driver/share/usb_device_driver/msg/IMUData.msg
[13.454s] -- Up-to-date: /home/miles/usb_ros2_ws/src/usb_device_driver/install/usb_device_driver/share/usb_device_driver/msg/MotorsCmd.msg
[13.454s] -- Up-to-date: /home/miles/usb_ros2_ws/src/usb_device_driver/install/usb_device_driver/share/usb_device_driver/msg/MotorsStates.msg
[13.454s] -- Installing: /home/miles/usb_ros2_ws/src/usb_device_driver/install/usb_device_driver/lib/usb_device_driver/usb_reader_node
[13.459s] -- Set runtime path of "/home/miles/usb_ros2_ws/src/usb_device_driver/install/usb_device_driver/lib/usb_device_driver/usb_reader_node" to ""
[13.459s] -- Up-to-date: /home/miles/usb_ros2_ws/src/usb_device_driver/install/usb_device_driver/lib/usb_device_driver/usb_reader_node
[13.460s] -- Up-to-date: /home/miles/usb_ros2_ws/src/usb_device_driver/install/usb_device_driver/include/
[13.460s] -- Up-to-date: /home/miles/usb_ros2_ws/src/usb_device_driver/install/usb_device_driver/include//usb_device_driver
[13.460s] -- Installing: /home/miles/usb_ros2_ws/src/usb_device_driver/install/usb_device_driver/include//usb_device_driver/usb_reader_node.hpp
[13.460s] -- Up-to-date: /home/miles/usb_ros2_ws/src/usb_device_driver/install/usb_device_driver/share/usb_device_driver//launch
[13.460s] -- Up-to-date: /home/miles/usb_ros2_ws/src/usb_device_driver/install/usb_device_driver/share/usb_device_driver//launch/usb_reader.launch.py
[13.460s] -- Up-to-date: /home/miles/usb_ros2_ws/src/usb_device_driver/install/usb_device_driver/share/usb_device_driver//config
[13.460s] -- Up-to-date: /home/miles/usb_ros2_ws/src/usb_device_driver/install/usb_device_driver/share/usb_device_driver//config/usb_reader.yaml
[13.460s] -- Up-to-date: /home/miles/usb_ros2_ws/src/usb_device_driver/install/usb_device_driver/share/ament_index/resource_index/package_run_dependencies/usb_device_driver
[13.460s] -- Up-to-date: /home/miles/usb_ros2_ws/src/usb_device_driver/install/usb_device_driver/share/ament_index/resource_index/parent_prefix_path/usb_device_driver
[13.460s] -- Up-to-date: /home/miles/usb_ros2_ws/src/usb_device_driver/install/usb_device_driver/share/usb_device_driver/environment/ament_prefix_path.sh
[13.460s] -- Up-to-date: /home/miles/usb_ros2_ws/src/usb_device_driver/install/usb_device_driver/share/usb_device_driver/environment/ament_prefix_path.dsv
[13.460s] -- Up-to-date: /home/miles/usb_ros2_ws/src/usb_device_driver/install/usb_device_driver/share/usb_device_driver/environment/path.sh
[13.460s] -- Up-to-date: /home/miles/usb_ros2_ws/src/usb_device_driver/install/usb_device_driver/share/usb_device_driver/environment/path.dsv
[13.460s] -- Up-to-date: /home/miles/usb_ros2_ws/src/usb_device_driver/install/usb_device_driver/share/usb_device_driver/local_setup.bash
[13.460s] -- Up-to-date: /home/miles/usb_ros2_ws/src/usb_device_driver/install/usb_device_driver/share/usb_device_driver/local_setup.sh
[13.460s] -- Up-to-date: /home/miles/usb_ros2_ws/src/usb_device_driver/install/usb_device_driver/share/usb_device_driver/local_setup.zsh
[13.461s] -- Up-to-date: /home/miles/usb_ros2_ws/src/usb_device_driver/install/usb_device_driver/share/usb_device_driver/local_setup.dsv
[13.461s] -- Installing: /home/miles/usb_ros2_ws/src/usb_device_driver/install/usb_device_driver/share/usb_device_driver/package.dsv
[13.461s] -- Up-to-date: /home/miles/usb_ros2_ws/src/usb_device_driver/install/usb_device_driver/share/ament_index/resource_index/packages/usb_device_driver
[13.461s] -- Up-to-date: /home/miles/usb_ros2_ws/src/usb_device_driver/install/usb_device_driver/share/usb_device_driver/cmake/export_usb_device_driver__rosidl_generator_cExport.cmake
[13.461s] -- Up-to-date: /home/miles/usb_ros2_ws/src/usb_device_driver/install/usb_device_driver/share/usb_device_driver/cmake/export_usb_device_driver__rosidl_generator_cExport-noconfig.cmake
[13.461s] -- Up-to-date: /home/miles/usb_ros2_ws/src/usb_device_driver/install/usb_device_driver/share/usb_device_driver/cmake/export_usb_device_driver__rosidl_typesupport_fastrtps_cExport.cmake
[13.461s] -- Up-to-date: /home/miles/usb_ros2_ws/src/usb_device_driver/install/usb_device_driver/share/usb_device_driver/cmake/export_usb_device_driver__rosidl_typesupport_fastrtps_cExport-noconfig.cmake
[13.461s] -- Up-to-date: /home/miles/usb_ros2_ws/src/usb_device_driver/install/usb_device_driver/share/usb_device_driver/cmake/export_usb_device_driver__rosidl_generator_cppExport.cmake
[13.461s] -- Up-to-date: /home/miles/usb_ros2_ws/src/usb_device_driver/install/usb_device_driver/share/usb_device_driver/cmake/export_usb_device_driver__rosidl_typesupport_fastrtps_cppExport.cmake
[13.461s] -- Up-to-date: /home/miles/usb_ros2_ws/src/usb_device_driver/install/usb_device_driver/share/usb_device_driver/cmake/export_usb_device_driver__rosidl_typesupport_fastrtps_cppExport-noconfig.cmake
[13.461s] -- Up-to-date: /home/miles/usb_ros2_ws/src/usb_device_driver/install/usb_device_driver/share/usb_device_driver/cmake/usb_device_driver__rosidl_typesupport_introspection_cExport.cmake
[13.461s] -- Up-to-date: /home/miles/usb_ros2_ws/src/usb_device_driver/install/usb_device_driver/share/usb_device_driver/cmake/usb_device_driver__rosidl_typesupport_introspection_cExport-noconfig.cmake
[13.461s] -- Up-to-date: /home/miles/usb_ros2_ws/src/usb_device_driver/install/usb_device_driver/share/usb_device_driver/cmake/usb_device_driver__rosidl_typesupport_cExport.cmake
[13.461s] -- Up-to-date: /home/miles/usb_ros2_ws/src/usb_device_driver/install/usb_device_driver/share/usb_device_driver/cmake/usb_device_driver__rosidl_typesupport_cExport-noconfig.cmake
[13.461s] -- Up-to-date: /home/miles/usb_ros2_ws/src/usb_device_driver/install/usb_device_driver/share/usb_device_driver/cmake/usb_device_driver__rosidl_typesupport_introspection_cppExport.cmake
[13.461s] -- Up-to-date: /home/miles/usb_ros2_ws/src/usb_device_driver/install/usb_device_driver/share/usb_device_driver/cmake/usb_device_driver__rosidl_typesupport_introspection_cppExport-noconfig.cmake
[13.461s] -- Up-to-date: /home/miles/usb_ros2_ws/src/usb_device_driver/install/usb_device_driver/share/usb_device_driver/cmake/usb_device_driver__rosidl_typesupport_cppExport.cmake
[13.461s] -- Up-to-date: /home/miles/usb_ros2_ws/src/usb_device_driver/install/usb_device_driver/share/usb_device_driver/cmake/usb_device_driver__rosidl_typesupport_cppExport-noconfig.cmake
[13.461s] -- Up-to-date: /home/miles/usb_ros2_ws/src/usb_device_driver/install/usb_device_driver/share/usb_device_driver/cmake/export_usb_device_driver__rosidl_generator_pyExport.cmake
[13.461s] -- Up-to-date: /home/miles/usb_ros2_ws/src/usb_device_driver/install/usb_device_driver/share/usb_device_driver/cmake/export_usb_device_driver__rosidl_generator_pyExport-noconfig.cmake
[13.461s] -- Up-to-date: /home/miles/usb_ros2_ws/src/usb_device_driver/install/usb_device_driver/share/usb_device_driver/cmake/rosidl_cmake-extras.cmake
[13.462s] -- Up-to-date: /home/miles/usb_ros2_ws/src/usb_device_driver/install/usb_device_driver/share/usb_device_driver/cmake/ament_cmake_export_dependencies-extras.cmake
[13.462s] -- Up-to-date: /home/miles/usb_ros2_ws/src/usb_device_driver/install/usb_device_driver/share/usb_device_driver/cmake/ament_cmake_export_include_directories-extras.cmake
[13.462s] -- Up-to-date: /home/miles/usb_ros2_ws/src/usb_device_driver/install/usb_device_driver/share/usb_device_driver/cmake/ament_cmake_export_libraries-extras.cmake
[13.462s] -- Up-to-date: /home/miles/usb_ros2_ws/src/usb_device_driver/install/usb_device_driver/share/usb_device_driver/cmake/ament_cmake_export_targets-extras.cmake
[13.462s] -- Up-to-date: /home/miles/usb_ros2_ws/src/usb_device_driver/install/usb_device_driver/share/usb_device_driver/cmake/rosidl_cmake_export_typesupport_targets-extras.cmake
[13.462s] -- Up-to-date: /home/miles/usb_ros2_ws/src/usb_device_driver/install/usb_device_driver/share/usb_device_driver/cmake/rosidl_cmake_export_typesupport_libraries-extras.cmake
[13.462s] -- Up-to-date: /home/miles/usb_ros2_ws/src/usb_device_driver/install/usb_device_driver/share/usb_device_driver/cmake/usb_device_driverConfig.cmake
[13.462s] -- Up-to-date: /home/miles/usb_ros2_ws/src/usb_device_driver/install/usb_device_driver/share/usb_device_driver/cmake/usb_device_driverConfig-version.cmake
[13.462s] -- Up-to-date: /home/miles/usb_ros2_ws/src/usb_device_driver/install/usb_device_driver/share/usb_device_driver/package.xml
[13.464s] Invoked command in '/home/miles/usb_ros2_ws/src/usb_device_driver/build/usb_device_driver' returned '0': CMAKE_PREFIX_PATH=${CMAKE_PREFIX_PATH}:/opt/ros/humble /usr/bin/cmake --install /home/miles/usb_ros2_ws/src/usb_device_driver/build/usb_device_driver
