[0.083s] DEBUG:colcon:Command line arguments: ['/usr/bin/colcon', 'build', '--packages-select', 'usb_device_driver', '--event-handlers', 'console_direct+']
[0.083s] DEBUG:colcon:Parsed command line arguments: Namespace(log_base=None, log_level=None, verb_name='build', build_base='build', install_base='install', merge_install=False, symlink_install=False, test_result_base=None, continue_on_error=False, executor='parallel', parallel_workers=12, event_handlers=['console_direct+'], ignore_user_meta=False, metas=['./colcon.meta'], base_paths=['.'], packages_ignore=None, packages_ignore_regex=None, paths=None, packages_up_to=None, packages_up_to_regex=None, packages_above=None, packages_above_and_dependencies=None, packages_above_depth=None, packages_select_by_dep=None, packages_skip_by_dep=None, packages_skip_up_to=None, packages_select_build_failed=False, packages_skip_build_finished=False, packages_select_test_failures=False, packages_skip_test_passed=False, packages_select=['usb_device_driver'], packages_skip=None, packages_select_regex=None, packages_skip_regex=None, packages_start=None, packages_end=None, allow_overriding=[], cmake_args=None, cmake_target=None, cmake_target_skip_unavailable=False, cmake_clean_cache=False, cmake_clean_first=False, cmake_force_configure=False, ament_cmake_args=None, catkin_cmake_args=None, catkin_skip_building_tests=False, verb_parser=<colcon_defaults.argument_parser.defaults.DefaultArgumentsDecorator object at 0x78de81474bb0>, verb_extension=<colcon_core.verb.build.BuildVerb object at 0x78de814745b0>, main=<bound method BuildVerb.main of <colcon_core.verb.build.BuildVerb object at 0x78de814745b0>>)
[0.213s] Level 1:colcon.colcon_core.package_discovery:discover_packages(colcon_meta) check parameters
[0.213s] Level 1:colcon.colcon_core.package_discovery:discover_packages(recursive) check parameters
[0.213s] Level 1:colcon.colcon_core.package_discovery:discover_packages(ignore) check parameters
[0.213s] Level 1:colcon.colcon_core.package_discovery:discover_packages(path) check parameters
[0.213s] Level 1:colcon.colcon_core.package_discovery:discover_packages(colcon_meta) discover
[0.213s] Level 1:colcon.colcon_core.package_discovery:discover_packages(recursive) discover
[0.213s] INFO:colcon.colcon_core.package_discovery:Crawling recursively for packages in '/home/miles/usb_ros2_ws'
[0.214s] Level 1:colcon.colcon_core.package_identification:_identify(.) by extensions ['ignore', 'ignore_ament_install']
[0.214s] Level 1:colcon.colcon_core.package_identification:_identify(.) by extension 'ignore'
[0.214s] Level 1:colcon.colcon_core.package_identification:_identify(.) by extension 'ignore_ament_install'
[0.214s] Level 1:colcon.colcon_core.package_identification:_identify(.) by extensions ['colcon_pkg']
[0.214s] Level 1:colcon.colcon_core.package_identification:_identify(.) by extension 'colcon_pkg'
[0.214s] Level 1:colcon.colcon_core.package_identification:_identify(.) by extensions ['colcon_meta']
[0.214s] Level 1:colcon.colcon_core.package_identification:_identify(.) by extension 'colcon_meta'
[0.214s] Level 1:colcon.colcon_core.package_identification:_identify(.) by extensions ['ros']
[0.214s] Level 1:colcon.colcon_core.package_identification:_identify(.) by extension 'ros'
[0.222s] Level 1:colcon.colcon_core.package_identification:_identify(.) by extensions ['cmake', 'python']
[0.222s] Level 1:colcon.colcon_core.package_identification:_identify(.) by extension 'cmake'
[0.222s] Level 1:colcon.colcon_core.package_identification:_identify(.) by extension 'python'
[0.222s] Level 1:colcon.colcon_core.package_identification:_identify(.) by extensions ['python_setup_py']
[0.222s] Level 1:colcon.colcon_core.package_identification:_identify(.) by extension 'python_setup_py'
[0.222s] Level 1:colcon.colcon_core.package_identification:_identify(build) by extensions ['ignore', 'ignore_ament_install']
[0.222s] Level 1:colcon.colcon_core.package_identification:_identify(build) by extension 'ignore'
[0.222s] Level 1:colcon.colcon_core.package_identification:_identify(build) ignored
[0.223s] Level 1:colcon.colcon_core.package_identification:_identify(install) by extensions ['ignore', 'ignore_ament_install']
[0.223s] Level 1:colcon.colcon_core.package_identification:_identify(install) by extension 'ignore'
[0.223s] Level 1:colcon.colcon_core.package_identification:_identify(install) ignored
[0.223s] Level 1:colcon.colcon_core.package_identification:_identify(log) by extensions ['ignore', 'ignore_ament_install']
[0.223s] Level 1:colcon.colcon_core.package_identification:_identify(log) by extension 'ignore'
[0.223s] Level 1:colcon.colcon_core.package_identification:_identify(log) ignored
[0.223s] Level 1:colcon.colcon_core.package_identification:_identify(src) by extensions ['ignore', 'ignore_ament_install']
[0.223s] Level 1:colcon.colcon_core.package_identification:_identify(src) by extension 'ignore'
[0.223s] Level 1:colcon.colcon_core.package_identification:_identify(src) by extension 'ignore_ament_install'
[0.223s] Level 1:colcon.colcon_core.package_identification:_identify(src) by extensions ['colcon_pkg']
[0.223s] Level 1:colcon.colcon_core.package_identification:_identify(src) by extension 'colcon_pkg'
[0.223s] Level 1:colcon.colcon_core.package_identification:_identify(src) by extensions ['colcon_meta']
[0.223s] Level 1:colcon.colcon_core.package_identification:_identify(src) by extension 'colcon_meta'
[0.223s] Level 1:colcon.colcon_core.package_identification:_identify(src) by extensions ['ros']
[0.223s] Level 1:colcon.colcon_core.package_identification:_identify(src) by extension 'ros'
[0.223s] Level 1:colcon.colcon_core.package_identification:_identify(src) by extensions ['cmake', 'python']
[0.223s] Level 1:colcon.colcon_core.package_identification:_identify(src) by extension 'cmake'
[0.223s] Level 1:colcon.colcon_core.package_identification:_identify(src) by extension 'python'
[0.223s] Level 1:colcon.colcon_core.package_identification:_identify(src) by extensions ['python_setup_py']
[0.223s] Level 1:colcon.colcon_core.package_identification:_identify(src) by extension 'python_setup_py'
[0.224s] Level 1:colcon.colcon_core.package_identification:_identify(src/usb_device_driver) by extensions ['ignore', 'ignore_ament_install']
[0.224s] Level 1:colcon.colcon_core.package_identification:_identify(src/usb_device_driver) by extension 'ignore'
[0.224s] Level 1:colcon.colcon_core.package_identification:_identify(src/usb_device_driver) by extension 'ignore_ament_install'
[0.224s] Level 1:colcon.colcon_core.package_identification:_identify(src/usb_device_driver) by extensions ['colcon_pkg']
[0.224s] Level 1:colcon.colcon_core.package_identification:_identify(src/usb_device_driver) by extension 'colcon_pkg'
[0.224s] Level 1:colcon.colcon_core.package_identification:_identify(src/usb_device_driver) by extensions ['colcon_meta']
[0.224s] Level 1:colcon.colcon_core.package_identification:_identify(src/usb_device_driver) by extension 'colcon_meta'
[0.224s] Level 1:colcon.colcon_core.package_identification:_identify(src/usb_device_driver) by extensions ['ros']
[0.224s] Level 1:colcon.colcon_core.package_identification:_identify(src/usb_device_driver) by extension 'ros'
[0.226s] DEBUG:colcon.colcon_core.package_identification:Package 'src/usb_device_driver' with type 'ros.ament_cmake' and name 'usb_device_driver'
[0.226s] Level 1:colcon.colcon_core.package_discovery:discover_packages(recursive) using defaults
[0.226s] Level 1:colcon.colcon_core.package_discovery:discover_packages(ignore) discover
[0.226s] Level 1:colcon.colcon_core.package_discovery:discover_packages(ignore) using defaults
[0.226s] Level 1:colcon.colcon_core.package_discovery:discover_packages(path) discover
[0.226s] Level 1:colcon.colcon_core.package_discovery:discover_packages(path) using defaults
[0.248s] Level 1:colcon.colcon_core.package_discovery:discover_packages(prefix_path) check parameters
[0.248s] Level 1:colcon.colcon_core.package_discovery:discover_packages(prefix_path) discover
[0.250s] DEBUG:colcon.colcon_installed_package_information.package_discovery:Found 334 installed packages in /opt/ros/humble
[0.251s] Level 1:colcon.colcon_core.package_discovery:discover_packages(prefix_path) using defaults
[0.283s] Level 5:colcon.colcon_core.verb:set package 'usb_device_driver' build argument 'cmake_args' from command line to 'None'
[0.283s] Level 5:colcon.colcon_core.verb:set package 'usb_device_driver' build argument 'cmake_target' from command line to 'None'
[0.283s] Level 5:colcon.colcon_core.verb:set package 'usb_device_driver' build argument 'cmake_target_skip_unavailable' from command line to 'False'
[0.283s] Level 5:colcon.colcon_core.verb:set package 'usb_device_driver' build argument 'cmake_clean_cache' from command line to 'False'
[0.283s] Level 5:colcon.colcon_core.verb:set package 'usb_device_driver' build argument 'cmake_clean_first' from command line to 'False'
[0.283s] Level 5:colcon.colcon_core.verb:set package 'usb_device_driver' build argument 'cmake_force_configure' from command line to 'False'
[0.283s] Level 5:colcon.colcon_core.verb:set package 'usb_device_driver' build argument 'ament_cmake_args' from command line to 'None'
[0.283s] Level 5:colcon.colcon_core.verb:set package 'usb_device_driver' build argument 'catkin_cmake_args' from command line to 'None'
[0.283s] Level 5:colcon.colcon_core.verb:set package 'usb_device_driver' build argument 'catkin_skip_building_tests' from command line to 'False'
[0.283s] DEBUG:colcon.colcon_core.verb:Building package 'usb_device_driver' with the following arguments: {'ament_cmake_args': None, 'build_base': '/home/miles/usb_ros2_ws/build/usb_device_driver', 'catkin_cmake_args': None, 'catkin_skip_building_tests': False, 'cmake_args': None, 'cmake_clean_cache': False, 'cmake_clean_first': False, 'cmake_force_configure': False, 'cmake_target': None, 'cmake_target_skip_unavailable': False, 'install_base': '/home/miles/usb_ros2_ws/install/usb_device_driver', 'merge_install': False, 'path': '/home/miles/usb_ros2_ws/src/usb_device_driver', 'symlink_install': False, 'test_result_base': None}
[0.283s] INFO:colcon.colcon_core.executor:Executing jobs using 'parallel' executor
[0.284s] DEBUG:colcon.colcon_parallel_executor.executor.parallel:run_until_complete
[0.284s] INFO:colcon.colcon_ros.task.ament_cmake.build:Building ROS package in '/home/miles/usb_ros2_ws/src/usb_device_driver' with build type 'ament_cmake'
[0.284s] INFO:colcon.colcon_cmake.task.cmake.build:Building CMake package in '/home/miles/usb_ros2_ws/src/usb_device_driver'
[0.286s] INFO:colcon.colcon_core.plugin_system:Skipping extension 'colcon_core.shell.bat': Not used on non-Windows systems
[0.286s] INFO:colcon.colcon_core.shell:Skip shell extension 'powershell' for command environment: Not usable outside of PowerShell
[0.286s] DEBUG:colcon.colcon_core.shell:Skip shell extension 'dsv' for command environment
[0.293s] DEBUG:colcon.colcon_core.event_handler.log_command:Invoking command in '/home/miles/usb_ros2_ws/build/usb_device_driver': CMAKE_PREFIX_PATH=/opt/ros/humble /usr/bin/cmake --build /home/miles/usb_ros2_ws/build/usb_device_driver -- -j12 -l12
[4.475s] DEBUG:colcon.colcon_core.event_handler.log_command:Invoked command in '/home/miles/usb_ros2_ws/build/usb_device_driver' returned '0': CMAKE_PREFIX_PATH=/opt/ros/humble /usr/bin/cmake --build /home/miles/usb_ros2_ws/build/usb_device_driver -- -j12 -l12
[4.484s] DEBUG:colcon.colcon_core.event_handler.log_command:Invoking command in '/home/miles/usb_ros2_ws/build/usb_device_driver': CMAKE_PREFIX_PATH=/opt/ros/humble /usr/bin/cmake --install /home/miles/usb_ros2_ws/build/usb_device_driver
[4.537s] Level 1:colcon.colcon_core.environment:create_environment_scripts_only(usb_device_driver)
[4.537s] DEBUG:colcon.colcon_core.event_handler.log_command:Invoked command in '/home/miles/usb_ros2_ws/build/usb_device_driver' returned '0': CMAKE_PREFIX_PATH=/opt/ros/humble /usr/bin/cmake --install /home/miles/usb_ros2_ws/build/usb_device_driver
[4.539s] Level 1:colcon.colcon_core.environment:checking '/home/miles/usb_ros2_ws/install/usb_device_driver' for CMake module files
[4.539s] Level 1:colcon.colcon_core.environment:checking '/home/miles/usb_ros2_ws/install/usb_device_driver' for CMake config files
[4.539s] Level 1:colcon.colcon_core.shell:create_environment_hook('usb_device_driver', 'cmake_prefix_path')
[4.540s] INFO:colcon.colcon_core.shell:Creating environment hook '/home/miles/usb_ros2_ws/install/usb_device_driver/share/usb_device_driver/hook/cmake_prefix_path.ps1'
[4.540s] INFO:colcon.colcon_core.shell:Creating environment descriptor '/home/miles/usb_ros2_ws/install/usb_device_driver/share/usb_device_driver/hook/cmake_prefix_path.dsv'
[4.540s] INFO:colcon.colcon_core.shell:Creating environment hook '/home/miles/usb_ros2_ws/install/usb_device_driver/share/usb_device_driver/hook/cmake_prefix_path.sh'
[4.541s] Level 1:colcon.colcon_core.environment:checking '/home/miles/usb_ros2_ws/install/usb_device_driver/lib'
[4.541s] Level 1:colcon.colcon_core.shell:create_environment_hook('usb_device_driver', 'ld_library_path_lib')
[4.542s] INFO:colcon.colcon_core.shell:Creating environment hook '/home/miles/usb_ros2_ws/install/usb_device_driver/share/usb_device_driver/hook/ld_library_path_lib.ps1'
[4.542s] INFO:colcon.colcon_core.shell:Creating environment descriptor '/home/miles/usb_ros2_ws/install/usb_device_driver/share/usb_device_driver/hook/ld_library_path_lib.dsv'
[4.542s] INFO:colcon.colcon_core.shell:Creating environment hook '/home/miles/usb_ros2_ws/install/usb_device_driver/share/usb_device_driver/hook/ld_library_path_lib.sh'
[4.542s] Level 1:colcon.colcon_core.environment:checking '/home/miles/usb_ros2_ws/install/usb_device_driver/bin'
[4.542s] Level 1:colcon.colcon_core.environment:checking '/home/miles/usb_ros2_ws/install/usb_device_driver/lib/pkgconfig/usb_device_driver.pc'
[4.543s] Level 1:colcon.colcon_core.environment:checking '/home/miles/usb_ros2_ws/install/usb_device_driver/lib/python3.10/site-packages'
[4.543s] Level 1:colcon.colcon_core.environment:checking '/home/miles/usb_ros2_ws/install/usb_device_driver/bin'
[4.543s] INFO:colcon.colcon_core.shell:Creating package script '/home/miles/usb_ros2_ws/install/usb_device_driver/share/usb_device_driver/package.ps1'
[4.544s] INFO:colcon.colcon_core.shell:Creating package descriptor '/home/miles/usb_ros2_ws/install/usb_device_driver/share/usb_device_driver/package.dsv'
[4.544s] INFO:colcon.colcon_core.shell:Creating package script '/home/miles/usb_ros2_ws/install/usb_device_driver/share/usb_device_driver/package.sh'
[4.544s] INFO:colcon.colcon_core.shell:Creating package script '/home/miles/usb_ros2_ws/install/usb_device_driver/share/usb_device_driver/package.bash'
[4.545s] INFO:colcon.colcon_core.shell:Creating package script '/home/miles/usb_ros2_ws/install/usb_device_driver/share/usb_device_driver/package.zsh'
[4.546s] Level 1:colcon.colcon_core.environment:create_file_with_runtime_dependencies(/home/miles/usb_ros2_ws/install/usb_device_driver/share/colcon-core/packages/usb_device_driver)
[4.546s] Level 1:colcon.colcon_core.environment:create_environment_scripts_only(usb_device_driver)
[4.546s] Level 1:colcon.colcon_core.environment:checking '/home/miles/usb_ros2_ws/install/usb_device_driver' for CMake module files
[4.547s] Level 1:colcon.colcon_core.environment:checking '/home/miles/usb_ros2_ws/install/usb_device_driver' for CMake config files
[4.547s] Level 1:colcon.colcon_core.shell:create_environment_hook('usb_device_driver', 'cmake_prefix_path')
[4.547s] INFO:colcon.colcon_core.shell:Creating environment hook '/home/miles/usb_ros2_ws/install/usb_device_driver/share/usb_device_driver/hook/cmake_prefix_path.ps1'
[4.547s] INFO:colcon.colcon_core.shell:Creating environment descriptor '/home/miles/usb_ros2_ws/install/usb_device_driver/share/usb_device_driver/hook/cmake_prefix_path.dsv'
[4.548s] INFO:colcon.colcon_core.shell:Creating environment hook '/home/miles/usb_ros2_ws/install/usb_device_driver/share/usb_device_driver/hook/cmake_prefix_path.sh'
[4.548s] Level 1:colcon.colcon_core.environment:checking '/home/miles/usb_ros2_ws/install/usb_device_driver/lib'
[4.548s] Level 1:colcon.colcon_core.shell:create_environment_hook('usb_device_driver', 'ld_library_path_lib')
[4.548s] INFO:colcon.colcon_core.shell:Creating environment hook '/home/miles/usb_ros2_ws/install/usb_device_driver/share/usb_device_driver/hook/ld_library_path_lib.ps1'
[4.548s] INFO:colcon.colcon_core.shell:Creating environment descriptor '/home/miles/usb_ros2_ws/install/usb_device_driver/share/usb_device_driver/hook/ld_library_path_lib.dsv'
[4.549s] INFO:colcon.colcon_core.shell:Creating environment hook '/home/miles/usb_ros2_ws/install/usb_device_driver/share/usb_device_driver/hook/ld_library_path_lib.sh'
[4.549s] Level 1:colcon.colcon_core.environment:checking '/home/miles/usb_ros2_ws/install/usb_device_driver/bin'
[4.549s] Level 1:colcon.colcon_core.environment:checking '/home/miles/usb_ros2_ws/install/usb_device_driver/lib/pkgconfig/usb_device_driver.pc'
[4.549s] Level 1:colcon.colcon_core.environment:checking '/home/miles/usb_ros2_ws/install/usb_device_driver/lib/python3.10/site-packages'
[4.549s] Level 1:colcon.colcon_core.environment:checking '/home/miles/usb_ros2_ws/install/usb_device_driver/bin'
[4.550s] INFO:colcon.colcon_core.shell:Creating package script '/home/miles/usb_ros2_ws/install/usb_device_driver/share/usb_device_driver/package.ps1'
[4.550s] INFO:colcon.colcon_core.shell:Creating package descriptor '/home/miles/usb_ros2_ws/install/usb_device_driver/share/usb_device_driver/package.dsv'
[4.550s] INFO:colcon.colcon_core.shell:Creating package script '/home/miles/usb_ros2_ws/install/usb_device_driver/share/usb_device_driver/package.sh'
[4.551s] INFO:colcon.colcon_core.shell:Creating package script '/home/miles/usb_ros2_ws/install/usb_device_driver/share/usb_device_driver/package.bash'
[4.551s] INFO:colcon.colcon_core.shell:Creating package script '/home/miles/usb_ros2_ws/install/usb_device_driver/share/usb_device_driver/package.zsh'
[4.551s] Level 1:colcon.colcon_core.environment:create_file_with_runtime_dependencies(/home/miles/usb_ros2_ws/install/usb_device_driver/share/colcon-core/packages/usb_device_driver)
[4.551s] DEBUG:colcon.colcon_parallel_executor.executor.parallel:closing loop
[4.552s] DEBUG:colcon.colcon_parallel_executor.executor.parallel:loop closed
[4.552s] DEBUG:colcon.colcon_parallel_executor.executor.parallel:run_until_complete finished with '0'
[4.552s] DEBUG:colcon.colcon_core.event_reactor:joining thread
[4.556s] INFO:colcon.colcon_core.plugin_system:Skipping extension 'colcon_notification.desktop_notification.terminal_notifier': Not used on non-Darwin systems
[4.556s] INFO:colcon.colcon_core.plugin_system:Skipping extension 'colcon_notification.desktop_notification.win32': Not used on non-Windows systems
[4.556s] INFO:colcon.colcon_notification.desktop_notification:Sending desktop notification using 'notify2'
[4.567s] DEBUG:colcon.colcon_core.event_reactor:joined thread
[4.567s] INFO:colcon.colcon_core.shell:Creating prefix script '/home/miles/usb_ros2_ws/install/local_setup.ps1'
[4.568s] INFO:colcon.colcon_core.shell:Creating prefix util module '/home/miles/usb_ros2_ws/install/_local_setup_util_ps1.py'
[4.569s] INFO:colcon.colcon_core.shell:Creating prefix chain script '/home/miles/usb_ros2_ws/install/setup.ps1'
[4.570s] INFO:colcon.colcon_core.shell:Creating prefix script '/home/miles/usb_ros2_ws/install/local_setup.sh'
[4.570s] INFO:colcon.colcon_core.shell:Creating prefix util module '/home/miles/usb_ros2_ws/install/_local_setup_util_sh.py'
[4.570s] INFO:colcon.colcon_core.shell:Creating prefix chain script '/home/miles/usb_ros2_ws/install/setup.sh'
[4.571s] INFO:colcon.colcon_core.shell:Creating prefix script '/home/miles/usb_ros2_ws/install/local_setup.bash'
[4.571s] INFO:colcon.colcon_core.shell:Creating prefix chain script '/home/miles/usb_ros2_ws/install/setup.bash'
[4.572s] INFO:colcon.colcon_core.shell:Creating prefix script '/home/miles/usb_ros2_ws/install/local_setup.zsh'
[4.572s] INFO:colcon.colcon_core.shell:Creating prefix chain script '/home/miles/usb_ros2_ws/install/setup.zsh'
