[0.242s] DEBUG:colcon:Command line arguments: ['/usr/bin/colcon', 'build']
[0.242s] DEBUG:colcon:Parsed command line arguments: Namespace(log_base=None, log_level=None, verb_name='build', build_base='build', install_base='install', merge_install=False, symlink_install=False, test_result_base=None, continue_on_error=False, executor='parallel', parallel_workers=12, event_handlers=None, ignore_user_meta=False, metas=['./colcon.meta'], base_paths=['.'], packages_ignore=None, packages_ignore_regex=None, paths=None, packages_up_to=None, packages_up_to_regex=None, packages_above=None, packages_above_and_dependencies=None, packages_above_depth=None, packages_select_by_dep=None, packages_skip_by_dep=None, packages_skip_up_to=None, packages_select_build_failed=False, packages_skip_build_finished=False, packages_select_test_failures=False, packages_skip_test_passed=False, packages_select=None, packages_skip=None, packages_select_regex=None, packages_skip_regex=None, packages_start=None, packages_end=None, allow_overriding=[], cmake_args=None, cmake_target=None, cmake_target_skip_unavailable=False, cmake_clean_cache=False, cmake_clean_first=False, cmake_force_configure=False, ament_cmake_args=None, catkin_cmake_args=None, catkin_skip_building_tests=False, verb_parser=<colcon_defaults.argument_parser.defaults.DefaultArgumentsDecorator object at 0x7fc78fd74b80>, verb_extension=<colcon_core.verb.build.BuildVerb object at 0x7fc78fd74580>, main=<bound method BuildVerb.main of <colcon_core.verb.build.BuildVerb object at 0x7fc78fd74580>>)
[0.586s] Level 1:colcon.colcon_core.package_discovery:discover_packages(colcon_meta) check parameters
[0.586s] Level 1:colcon.colcon_core.package_discovery:discover_packages(recursive) check parameters
[0.586s] Level 1:colcon.colcon_core.package_discovery:discover_packages(ignore) check parameters
[0.586s] Level 1:colcon.colcon_core.package_discovery:discover_packages(path) check parameters
[0.586s] Level 1:colcon.colcon_core.package_discovery:discover_packages(colcon_meta) discover
[0.586s] Level 1:colcon.colcon_core.package_discovery:discover_packages(recursive) discover
[0.587s] INFO:colcon.colcon_core.package_discovery:Crawling recursively for packages in '/home/miles/usb_ros2_ws'
[0.587s] Level 1:colcon.colcon_core.package_identification:_identify(.) by extensions ['ignore', 'ignore_ament_install']
[0.587s] Level 1:colcon.colcon_core.package_identification:_identify(.) by extension 'ignore'
[0.587s] Level 1:colcon.colcon_core.package_identification:_identify(.) by extension 'ignore_ament_install'
[0.587s] Level 1:colcon.colcon_core.package_identification:_identify(.) by extensions ['colcon_pkg']
[0.588s] Level 1:colcon.colcon_core.package_identification:_identify(.) by extension 'colcon_pkg'
[0.588s] Level 1:colcon.colcon_core.package_identification:_identify(.) by extensions ['colcon_meta']
[0.588s] Level 1:colcon.colcon_core.package_identification:_identify(.) by extension 'colcon_meta'
[0.588s] Level 1:colcon.colcon_core.package_identification:_identify(.) by extensions ['ros']
[0.588s] Level 1:colcon.colcon_core.package_identification:_identify(.) by extension 'ros'
[0.613s] Level 1:colcon.colcon_core.package_identification:_identify(.) by extensions ['cmake', 'python']
[0.613s] Level 1:colcon.colcon_core.package_identification:_identify(.) by extension 'cmake'
[0.613s] Level 1:colcon.colcon_core.package_identification:_identify(.) by extension 'python'
[0.613s] Level 1:colcon.colcon_core.package_identification:_identify(.) by extensions ['python_setup_py']
[0.614s] Level 1:colcon.colcon_core.package_identification:_identify(.) by extension 'python_setup_py'
[0.614s] Level 1:colcon.colcon_core.package_identification:_identify(build) by extensions ['ignore', 'ignore_ament_install']
[0.614s] Level 1:colcon.colcon_core.package_identification:_identify(build) by extension 'ignore'
[0.614s] Level 1:colcon.colcon_core.package_identification:_identify(build) ignored
[0.614s] Level 1:colcon.colcon_core.package_identification:_identify(install) by extensions ['ignore', 'ignore_ament_install']
[0.615s] Level 1:colcon.colcon_core.package_identification:_identify(install) by extension 'ignore'
[0.615s] Level 1:colcon.colcon_core.package_identification:_identify(install) ignored
[0.615s] Level 1:colcon.colcon_core.package_identification:_identify(log) by extensions ['ignore', 'ignore_ament_install']
[0.615s] Level 1:colcon.colcon_core.package_identification:_identify(log) by extension 'ignore'
[0.615s] Level 1:colcon.colcon_core.package_identification:_identify(log) ignored
[0.616s] Level 1:colcon.colcon_core.package_identification:_identify(src) by extensions ['ignore', 'ignore_ament_install']
[0.616s] Level 1:colcon.colcon_core.package_identification:_identify(src) by extension 'ignore'
[0.616s] Level 1:colcon.colcon_core.package_identification:_identify(src) by extension 'ignore_ament_install'
[0.616s] Level 1:colcon.colcon_core.package_identification:_identify(src) by extensions ['colcon_pkg']
[0.616s] Level 1:colcon.colcon_core.package_identification:_identify(src) by extension 'colcon_pkg'
[0.616s] Level 1:colcon.colcon_core.package_identification:_identify(src) by extensions ['colcon_meta']
[0.616s] Level 1:colcon.colcon_core.package_identification:_identify(src) by extension 'colcon_meta'
[0.617s] Level 1:colcon.colcon_core.package_identification:_identify(src) by extensions ['ros']
[0.617s] Level 1:colcon.colcon_core.package_identification:_identify(src) by extension 'ros'
[0.617s] Level 1:colcon.colcon_core.package_identification:_identify(src) by extensions ['cmake', 'python']
[0.617s] Level 1:colcon.colcon_core.package_identification:_identify(src) by extension 'cmake'
[0.617s] Level 1:colcon.colcon_core.package_identification:_identify(src) by extension 'python'
[0.617s] Level 1:colcon.colcon_core.package_identification:_identify(src) by extensions ['python_setup_py']
[0.617s] Level 1:colcon.colcon_core.package_identification:_identify(src) by extension 'python_setup_py'
[0.617s] Level 1:colcon.colcon_core.package_identification:_identify(src/usb_device_driver) by extensions ['ignore', 'ignore_ament_install']
[0.618s] Level 1:colcon.colcon_core.package_identification:_identify(src/usb_device_driver) by extension 'ignore'
[0.618s] Level 1:colcon.colcon_core.package_identification:_identify(src/usb_device_driver) by extension 'ignore_ament_install'
[0.618s] Level 1:colcon.colcon_core.package_identification:_identify(src/usb_device_driver) by extensions ['colcon_pkg']
[0.618s] Level 1:colcon.colcon_core.package_identification:_identify(src/usb_device_driver) by extension 'colcon_pkg'
[0.618s] Level 1:colcon.colcon_core.package_identification:_identify(src/usb_device_driver) by extensions ['colcon_meta']
[0.618s] Level 1:colcon.colcon_core.package_identification:_identify(src/usb_device_driver) by extension 'colcon_meta'
[0.618s] Level 1:colcon.colcon_core.package_identification:_identify(src/usb_device_driver) by extensions ['ros']
[0.618s] Level 1:colcon.colcon_core.package_identification:_identify(src/usb_device_driver) by extension 'ros'
[0.624s] DEBUG:colcon.colcon_core.package_identification:Package 'src/usb_device_driver' with type 'ros.ament_cmake' and name 'usb_device_driver'
[0.624s] Level 1:colcon.colcon_core.package_discovery:discover_packages(recursive) using defaults
[0.624s] Level 1:colcon.colcon_core.package_discovery:discover_packages(ignore) discover
[0.625s] Level 1:colcon.colcon_core.package_discovery:discover_packages(ignore) using defaults
[0.625s] Level 1:colcon.colcon_core.package_discovery:discover_packages(path) discover
[0.625s] Level 1:colcon.colcon_core.package_discovery:discover_packages(path) using defaults
[0.683s] Level 1:colcon.colcon_core.package_discovery:discover_packages(prefix_path) check parameters
[0.683s] Level 1:colcon.colcon_core.package_discovery:discover_packages(prefix_path) discover
[0.689s] DEBUG:colcon.colcon_installed_package_information.package_discovery:Found 334 installed packages in /opt/ros/humble
[0.692s] Level 1:colcon.colcon_core.package_discovery:discover_packages(prefix_path) using defaults
[0.785s] Level 5:colcon.colcon_core.verb:set package 'usb_device_driver' build argument 'cmake_args' from command line to 'None'
[0.785s] Level 5:colcon.colcon_core.verb:set package 'usb_device_driver' build argument 'cmake_target' from command line to 'None'
[0.785s] Level 5:colcon.colcon_core.verb:set package 'usb_device_driver' build argument 'cmake_target_skip_unavailable' from command line to 'False'
[0.785s] Level 5:colcon.colcon_core.verb:set package 'usb_device_driver' build argument 'cmake_clean_cache' from command line to 'False'
[0.785s] Level 5:colcon.colcon_core.verb:set package 'usb_device_driver' build argument 'cmake_clean_first' from command line to 'False'
[0.785s] Level 5:colcon.colcon_core.verb:set package 'usb_device_driver' build argument 'cmake_force_configure' from command line to 'False'
[0.785s] Level 5:colcon.colcon_core.verb:set package 'usb_device_driver' build argument 'ament_cmake_args' from command line to 'None'
[0.785s] Level 5:colcon.colcon_core.verb:set package 'usb_device_driver' build argument 'catkin_cmake_args' from command line to 'None'
[0.785s] Level 5:colcon.colcon_core.verb:set package 'usb_device_driver' build argument 'catkin_skip_building_tests' from command line to 'False'
[0.786s] DEBUG:colcon.colcon_core.verb:Building package 'usb_device_driver' with the following arguments: {'ament_cmake_args': None, 'build_base': '/home/miles/usb_ros2_ws/build/usb_device_driver', 'catkin_cmake_args': None, 'catkin_skip_building_tests': False, 'cmake_args': None, 'cmake_clean_cache': False, 'cmake_clean_first': False, 'cmake_force_configure': False, 'cmake_target': None, 'cmake_target_skip_unavailable': False, 'install_base': '/home/miles/usb_ros2_ws/install/usb_device_driver', 'merge_install': False, 'path': '/home/miles/usb_ros2_ws/src/usb_device_driver', 'symlink_install': False, 'test_result_base': None}
[0.786s] INFO:colcon.colcon_core.executor:Executing jobs using 'parallel' executor
[0.788s] DEBUG:colcon.colcon_parallel_executor.executor.parallel:run_until_complete
[0.788s] INFO:colcon.colcon_ros.task.ament_cmake.build:Building ROS package in '/home/miles/usb_ros2_ws/src/usb_device_driver' with build type 'ament_cmake'
[0.789s] INFO:colcon.colcon_cmake.task.cmake.build:Building CMake package in '/home/miles/usb_ros2_ws/src/usb_device_driver'
[0.792s] INFO:colcon.colcon_core.plugin_system:Skipping extension 'colcon_core.shell.bat': Not used on non-Windows systems
[0.792s] INFO:colcon.colcon_core.shell:Skip shell extension 'powershell' for command environment: Not usable outside of PowerShell
[0.792s] DEBUG:colcon.colcon_core.shell:Skip shell extension 'dsv' for command environment
[0.806s] DEBUG:colcon.colcon_core.event_handler.log_command:Invoking command in '/home/miles/usb_ros2_ws/build/usb_device_driver': CMAKE_PREFIX_PATH=/opt/ros/humble /usr/bin/cmake --build /home/miles/usb_ros2_ws/build/usb_device_driver -- -j12 -l12
[13.578s] DEBUG:colcon.colcon_core.event_handler.log_command:Invoked command in '/home/miles/usb_ros2_ws/build/usb_device_driver' returned '0': CMAKE_PREFIX_PATH=/opt/ros/humble /usr/bin/cmake --build /home/miles/usb_ros2_ws/build/usb_device_driver -- -j12 -l12
[13.587s] DEBUG:colcon.colcon_core.event_handler.log_command:Invoking command in '/home/miles/usb_ros2_ws/build/usb_device_driver': CMAKE_PREFIX_PATH=/opt/ros/humble /usr/bin/cmake --install /home/miles/usb_ros2_ws/build/usb_device_driver
[13.661s] Level 1:colcon.colcon_core.environment:create_environment_scripts_only(usb_device_driver)
[13.662s] DEBUG:colcon.colcon_core.event_handler.log_command:Invoked command in '/home/miles/usb_ros2_ws/build/usb_device_driver' returned '0': CMAKE_PREFIX_PATH=/opt/ros/humble /usr/bin/cmake --install /home/miles/usb_ros2_ws/build/usb_device_driver
[13.663s] Level 1:colcon.colcon_core.environment:checking '/home/miles/usb_ros2_ws/install/usb_device_driver' for CMake module files
[13.663s] Level 1:colcon.colcon_core.environment:checking '/home/miles/usb_ros2_ws/install/usb_device_driver' for CMake config files
[13.664s] Level 1:colcon.colcon_core.shell:create_environment_hook('usb_device_driver', 'cmake_prefix_path')
[13.664s] INFO:colcon.colcon_core.shell:Creating environment hook '/home/miles/usb_ros2_ws/install/usb_device_driver/share/usb_device_driver/hook/cmake_prefix_path.ps1'
[13.665s] INFO:colcon.colcon_core.shell:Creating environment descriptor '/home/miles/usb_ros2_ws/install/usb_device_driver/share/usb_device_driver/hook/cmake_prefix_path.dsv'
[13.665s] INFO:colcon.colcon_core.shell:Creating environment hook '/home/miles/usb_ros2_ws/install/usb_device_driver/share/usb_device_driver/hook/cmake_prefix_path.sh'
[13.665s] Level 1:colcon.colcon_core.environment:checking '/home/miles/usb_ros2_ws/install/usb_device_driver/lib'
[13.666s] Level 1:colcon.colcon_core.shell:create_environment_hook('usb_device_driver', 'ld_library_path_lib')
[13.666s] INFO:colcon.colcon_core.shell:Creating environment hook '/home/miles/usb_ros2_ws/install/usb_device_driver/share/usb_device_driver/hook/ld_library_path_lib.ps1'
[13.666s] INFO:colcon.colcon_core.shell:Creating environment descriptor '/home/miles/usb_ros2_ws/install/usb_device_driver/share/usb_device_driver/hook/ld_library_path_lib.dsv'
[13.666s] INFO:colcon.colcon_core.shell:Creating environment hook '/home/miles/usb_ros2_ws/install/usb_device_driver/share/usb_device_driver/hook/ld_library_path_lib.sh'
[13.667s] Level 1:colcon.colcon_core.environment:checking '/home/miles/usb_ros2_ws/install/usb_device_driver/bin'
[13.667s] Level 1:colcon.colcon_core.environment:checking '/home/miles/usb_ros2_ws/install/usb_device_driver/lib/pkgconfig/usb_device_driver.pc'
[13.667s] Level 1:colcon.colcon_core.environment:checking '/home/miles/usb_ros2_ws/install/usb_device_driver/lib/python3.10/site-packages'
[13.667s] Level 1:colcon.colcon_core.environment:checking '/home/miles/usb_ros2_ws/install/usb_device_driver/bin'
[13.667s] INFO:colcon.colcon_core.shell:Creating package script '/home/miles/usb_ros2_ws/install/usb_device_driver/share/usb_device_driver/package.ps1'
[13.668s] INFO:colcon.colcon_core.shell:Creating package descriptor '/home/miles/usb_ros2_ws/install/usb_device_driver/share/usb_device_driver/package.dsv'
[13.668s] INFO:colcon.colcon_core.shell:Creating package script '/home/miles/usb_ros2_ws/install/usb_device_driver/share/usb_device_driver/package.sh'
[13.669s] INFO:colcon.colcon_core.shell:Creating package script '/home/miles/usb_ros2_ws/install/usb_device_driver/share/usb_device_driver/package.bash'
[13.669s] INFO:colcon.colcon_core.shell:Creating package script '/home/miles/usb_ros2_ws/install/usb_device_driver/share/usb_device_driver/package.zsh'
[13.670s] Level 1:colcon.colcon_core.environment:create_file_with_runtime_dependencies(/home/miles/usb_ros2_ws/install/usb_device_driver/share/colcon-core/packages/usb_device_driver)
[13.670s] Level 1:colcon.colcon_core.environment:create_environment_scripts_only(usb_device_driver)
[13.670s] Level 1:colcon.colcon_core.environment:checking '/home/miles/usb_ros2_ws/install/usb_device_driver' for CMake module files
[13.671s] Level 1:colcon.colcon_core.environment:checking '/home/miles/usb_ros2_ws/install/usb_device_driver' for CMake config files
[13.671s] Level 1:colcon.colcon_core.shell:create_environment_hook('usb_device_driver', 'cmake_prefix_path')
[13.671s] INFO:colcon.colcon_core.shell:Creating environment hook '/home/miles/usb_ros2_ws/install/usb_device_driver/share/usb_device_driver/hook/cmake_prefix_path.ps1'
[13.672s] INFO:colcon.colcon_core.shell:Creating environment descriptor '/home/miles/usb_ros2_ws/install/usb_device_driver/share/usb_device_driver/hook/cmake_prefix_path.dsv'
[13.672s] INFO:colcon.colcon_core.shell:Creating environment hook '/home/miles/usb_ros2_ws/install/usb_device_driver/share/usb_device_driver/hook/cmake_prefix_path.sh'
[13.672s] Level 1:colcon.colcon_core.environment:checking '/home/miles/usb_ros2_ws/install/usb_device_driver/lib'
[13.672s] Level 1:colcon.colcon_core.shell:create_environment_hook('usb_device_driver', 'ld_library_path_lib')
[13.672s] INFO:colcon.colcon_core.shell:Creating environment hook '/home/miles/usb_ros2_ws/install/usb_device_driver/share/usb_device_driver/hook/ld_library_path_lib.ps1'
[13.673s] INFO:colcon.colcon_core.shell:Creating environment descriptor '/home/miles/usb_ros2_ws/install/usb_device_driver/share/usb_device_driver/hook/ld_library_path_lib.dsv'
[13.673s] INFO:colcon.colcon_core.shell:Creating environment hook '/home/miles/usb_ros2_ws/install/usb_device_driver/share/usb_device_driver/hook/ld_library_path_lib.sh'
[13.673s] Level 1:colcon.colcon_core.environment:checking '/home/miles/usb_ros2_ws/install/usb_device_driver/bin'
[13.673s] Level 1:colcon.colcon_core.environment:checking '/home/miles/usb_ros2_ws/install/usb_device_driver/lib/pkgconfig/usb_device_driver.pc'
[13.674s] Level 1:colcon.colcon_core.environment:checking '/home/miles/usb_ros2_ws/install/usb_device_driver/lib/python3.10/site-packages'
[13.674s] Level 1:colcon.colcon_core.environment:checking '/home/miles/usb_ros2_ws/install/usb_device_driver/bin'
[13.674s] INFO:colcon.colcon_core.shell:Creating package script '/home/miles/usb_ros2_ws/install/usb_device_driver/share/usb_device_driver/package.ps1'
[13.674s] INFO:colcon.colcon_core.shell:Creating package descriptor '/home/miles/usb_ros2_ws/install/usb_device_driver/share/usb_device_driver/package.dsv'
[13.675s] INFO:colcon.colcon_core.shell:Creating package script '/home/miles/usb_ros2_ws/install/usb_device_driver/share/usb_device_driver/package.sh'
[13.675s] INFO:colcon.colcon_core.shell:Creating package script '/home/miles/usb_ros2_ws/install/usb_device_driver/share/usb_device_driver/package.bash'
[13.675s] INFO:colcon.colcon_core.shell:Creating package script '/home/miles/usb_ros2_ws/install/usb_device_driver/share/usb_device_driver/package.zsh'
[13.676s] Level 1:colcon.colcon_core.environment:create_file_with_runtime_dependencies(/home/miles/usb_ros2_ws/install/usb_device_driver/share/colcon-core/packages/usb_device_driver)
[13.676s] DEBUG:colcon.colcon_parallel_executor.executor.parallel:closing loop
[13.676s] DEBUG:colcon.colcon_parallel_executor.executor.parallel:loop closed
[13.676s] DEBUG:colcon.colcon_parallel_executor.executor.parallel:run_until_complete finished with '0'
[13.676s] DEBUG:colcon.colcon_core.event_reactor:joining thread
[13.681s] INFO:colcon.colcon_core.plugin_system:Skipping extension 'colcon_notification.desktop_notification.terminal_notifier': Not used on non-Darwin systems
[13.681s] INFO:colcon.colcon_core.plugin_system:Skipping extension 'colcon_notification.desktop_notification.win32': Not used on non-Windows systems
[13.681s] INFO:colcon.colcon_notification.desktop_notification:Sending desktop notification using 'notify2'
[13.694s] DEBUG:colcon.colcon_core.event_reactor:joined thread
[13.695s] INFO:colcon.colcon_core.shell:Creating prefix script '/home/miles/usb_ros2_ws/install/local_setup.ps1'
[13.696s] INFO:colcon.colcon_core.shell:Creating prefix util module '/home/miles/usb_ros2_ws/install/_local_setup_util_ps1.py'
[13.698s] INFO:colcon.colcon_core.shell:Creating prefix chain script '/home/miles/usb_ros2_ws/install/setup.ps1'
[13.699s] INFO:colcon.colcon_core.shell:Creating prefix script '/home/miles/usb_ros2_ws/install/local_setup.sh'
[13.700s] INFO:colcon.colcon_core.shell:Creating prefix util module '/home/miles/usb_ros2_ws/install/_local_setup_util_sh.py'
[13.700s] INFO:colcon.colcon_core.shell:Creating prefix chain script '/home/miles/usb_ros2_ws/install/setup.sh'
[13.701s] INFO:colcon.colcon_core.shell:Creating prefix script '/home/miles/usb_ros2_ws/install/local_setup.bash'
[13.701s] INFO:colcon.colcon_core.shell:Creating prefix chain script '/home/miles/usb_ros2_ws/install/setup.bash'
[13.702s] INFO:colcon.colcon_core.shell:Creating prefix script '/home/miles/usb_ros2_ws/install/local_setup.zsh'
[13.703s] INFO:colcon.colcon_core.shell:Creating prefix chain script '/home/miles/usb_ros2_ws/install/setup.zsh'
