[0.008s] Invoking command in '/home/miles/usb_ros2_ws/build/usb_device_driver': CMAKE_PREFIX_PATH=/opt/ros/humble /usr/bin/cmake /home/miles/usb_ros2_ws/src/usb_device_driver -DCMAKE_INSTALL_PREFIX=/home/miles/usb_ros2_ws/install/usb_device_driver
[0.019s] -- Found ament_cmake: 1.3.13 (/opt/ros/humble/share/ament_cmake/cmake)
[0.113s] -- Found rclcpp: 16.0.18 (/opt/ros/humble/share/rclcpp/cmake)
[0.135s] -- Found rosidl_generator_c: 3.1.8 (/opt/ros/humble/share/rosidl_generator_c/cmake)
[0.137s] -- Found rosidl_adapter: 3.1.8 (/opt/ros/humble/share/rosidl_adapter/cmake)
[0.141s] -- Found rosidl_generator_cpp: 3.1.8 (/opt/ros/humble/share/rosidl_generator_cpp/cmake)
[0.148s] -- Using all available rosidl_typesupport_c: rosidl_typesupport_fastrtps_c;rosidl_typesupport_introspection_c
[0.156s] -- Using all available rosidl_typesupport_cpp: rosidl_typesupport_fastrtps_cpp;rosidl_typesupport_introspection_cpp
[0.179s] -- Found rmw_implementation_cmake: 6.1.2 (/opt/ros/humble/share/rmw_implementation_cmake/cmake)
[0.180s] -- Found rmw_fastrtps_cpp: 6.2.10 (/opt/ros/humble/share/rmw_fastrtps_cpp/cmake)
[0.272s] -- Using RMW implementation 'rmw_fastrtps_cpp' as default
[0.318s] -- Found geometry_msgs: 4.9.1 (/opt/ros/humble/share/geometry_msgs/cmake)
[0.329s] -- Found rosidl_default_generators: 1.2.0 (/opt/ros/humble/share/rosidl_default_generators/cmake)
[0.563s] -- Found ament_cmake_ros: 0.10.0 (/opt/ros/humble/share/ament_cmake_ros/cmake)
[0.885s] -- Using all available rosidl_typesupport_c: rosidl_typesupport_fastrtps_c;rosidl_typesupport_introspection_c
[1.014s] -- Using all available rosidl_typesupport_cpp: rosidl_typesupport_fastrtps_cpp;rosidl_typesupport_introspection_cpp
[1.033s] -- Found python_cmake_module: 0.10.0 (/opt/ros/humble/share/python_cmake_module/cmake)
[1.051s] -- Using PYTHON_EXECUTABLE: /usr/bin/python3
[1.051s] -- Using PYTHON_INCLUDE_DIRS: /usr/include/python3.10
[1.052s] -- Using PYTHON_LIBRARIES: /usr/lib/x86_64-linux-gnu/libpython3.10.so
[1.083s] -- Configuring done
[1.090s] [31mCMake Error at CMakeLists.txt:75 (add_dependencies):
[1.090s]   The dependency target "usb_device_driver_gencpp" of target
[1.090s]   "usb_reader_node" does not exist.
[1.090s] 
[1.090s] [0m
[1.119s] -- Generating done
[1.122s] [0mCMake Generate step failed.  Build files cannot be regenerated correctly.[0m
[1.130s] Invoked command in '/home/miles/usb_ros2_ws/build/usb_device_driver' returned '1': CMAKE_PREFIX_PATH=/opt/ros/humble /usr/bin/cmake /home/miles/usb_ros2_ws/src/usb_device_driver -DCMAKE_INSTALL_PREFIX=/home/miles/usb_ros2_ws/install/usb_device_driver
