[0.008s] Invoking command in '/home/miles/usb_ros2_ws/build/usb_device_driver': CMAKE_PREFIX_PATH=/opt/ros/humble /usr/bin/cmake --build /home/miles/usb_ros2_ws/build/usb_device_driver -- -j12 -l12
[0.060s] [  2%] Built target usb_device_driver__cpp
[0.060s] [ 12%] Built target usb_device_driver__rosidl_generator_c
[0.069s] [ 12%] Built target ament_cmake_python_copy_usb_device_driver
[0.079s] [ 30%] Built target usb_device_driver__rosidl_typesupport_c
[0.079s] [ 32%] Built target usb_device_driver__rosidl_typesupport_introspection_c
[0.080s] [ 42%] Built target usb_device_driver__rosidl_typesupport_fastrtps_cpp
[0.080s] [ 52%] Built target usb_device_driver__rosidl_typesupport_cpp
[0.082s] [ 62%] Built target usb_device_driver__rosidl_typesupport_introspection_cpp
[0.091s] [ 72%] Built target usb_device_driver__rosidl_typesupport_fastrtps_c
[0.104s] [ 76%] [32mBuilding CXX object CMakeFiles/usb_reader_node.dir/src/main.cpp.o[0m
[0.104s] [ 76%] [32mBuilding CXX object CMakeFiles/usb_reader_node.dir/src/usb_reader_node.cpp.o[0m
[0.112s] [ 76%] Built target usb_device_driver
[0.133s] [ 78%] Built target usb_device_driver__py
[0.156s] [ 86%] Built target usb_device_driver__rosidl_generator_py
[0.177s] [ 94%] Built target usb_device_driver__rosidl_typesupport_c__pyext
[0.177s] [ 94%] Built target usb_device_driver__rosidl_typesupport_introspection_c__pyext
[0.177s] [ 98%] Built target usb_device_driver__rosidl_typesupport_fastrtps_c__pyext
[0.293s] running egg_info
[0.293s] writing usb_device_driver.egg-info/PKG-INFO
[0.293s] writing dependency_links to usb_device_driver.egg-info/dependency_links.txt
[0.294s] writing top-level names to usb_device_driver.egg-info/top_level.txt
[0.295s] reading manifest file 'usb_device_driver.egg-info/SOURCES.txt'
[0.295s] writing manifest file 'usb_device_driver.egg-info/SOURCES.txt'
[0.322s] [ 98%] Built target ament_cmake_python_build_usb_device_driver_egg
[4.015s] [100%] [32m[1mLinking CXX executable usb_reader_node[0m
[4.178s] [100%] Built target usb_reader_node
[4.190s] Invoked command in '/home/miles/usb_ros2_ws/build/usb_device_driver' returned '0': CMAKE_PREFIX_PATH=/opt/ros/humble /usr/bin/cmake --build /home/miles/usb_ros2_ws/build/usb_device_driver -- -j12 -l12
[4.199s] Invoking command in '/home/miles/usb_ros2_ws/build/usb_device_driver': CMAKE_PREFIX_PATH=/opt/ros/humble /usr/bin/cmake --install /home/miles/usb_ros2_ws/build/usb_device_driver
[4.207s] -- Install configuration: ""
[4.208s] -- Up-to-date: /home/miles/usb_ros2_ws/install/usb_device_driver/share/ament_index/resource_index/rosidl_interfaces/usb_device_driver
[4.208s] -- Up-to-date: /home/miles/usb_ros2_ws/install/usb_device_driver/include/usb_device_driver/usb_device_driver
[4.208s] -- Up-to-date: /home/miles/usb_ros2_ws/install/usb_device_driver/include/usb_device_driver/usb_device_driver/msg
[4.208s] -- Up-to-date: /home/miles/usb_ros2_ws/install/usb_device_driver/include/usb_device_driver/usb_device_driver/msg/detail
[4.208s] -- Up-to-date: /home/miles/usb_ros2_ws/install/usb_device_driver/include/usb_device_driver/usb_device_driver/msg/detail/motors_cmd__struct.h
[4.208s] -- Up-to-date: /home/miles/usb_ros2_ws/install/usb_device_driver/include/usb_device_driver/usb_device_driver/msg/detail/motors_states__struct.h
[4.208s] -- Up-to-date: /home/miles/usb_ros2_ws/install/usb_device_driver/include/usb_device_driver/usb_device_driver/msg/detail/motors_cmd__type_support.h
[4.208s] -- Up-to-date: /home/miles/usb_ros2_ws/install/usb_device_driver/include/usb_device_driver/usb_device_driver/msg/detail/motors_states__functions.c
[4.208s] -- Up-to-date: /home/miles/usb_ros2_ws/install/usb_device_driver/include/usb_device_driver/usb_device_driver/msg/detail/imu_data__type_support.h
[4.208s] -- Up-to-date: /home/miles/usb_ros2_ws/install/usb_device_driver/include/usb_device_driver/usb_device_driver/msg/detail/imu_data__functions.h
[4.208s] -- Up-to-date: /home/miles/usb_ros2_ws/install/usb_device_driver/include/usb_device_driver/usb_device_driver/msg/detail/motors_cmd__functions.c
[4.208s] -- Up-to-date: /home/miles/usb_ros2_ws/install/usb_device_driver/include/usb_device_driver/usb_device_driver/msg/detail/motors_states__type_support.h
[4.208s] -- Up-to-date: /home/miles/usb_ros2_ws/install/usb_device_driver/include/usb_device_driver/usb_device_driver/msg/detail/motors_cmd__functions.h
[4.208s] -- Up-to-date: /home/miles/usb_ros2_ws/install/usb_device_driver/include/usb_device_driver/usb_device_driver/msg/detail/imu_data__functions.c
[4.209s] -- Up-to-date: /home/miles/usb_ros2_ws/install/usb_device_driver/include/usb_device_driver/usb_device_driver/msg/detail/motors_states__functions.h
[4.209s] -- Up-to-date: /home/miles/usb_ros2_ws/install/usb_device_driver/include/usb_device_driver/usb_device_driver/msg/detail/imu_data__struct.h
[4.209s] -- Up-to-date: /home/miles/usb_ros2_ws/install/usb_device_driver/include/usb_device_driver/usb_device_driver/msg/rosidl_generator_c__visibility_control.h
[4.209s] -- Up-to-date: /home/miles/usb_ros2_ws/install/usb_device_driver/include/usb_device_driver/usb_device_driver/msg/motors_cmd.h
[4.209s] -- Up-to-date: /home/miles/usb_ros2_ws/install/usb_device_driver/include/usb_device_driver/usb_device_driver/msg/motors_states.h
[4.209s] -- Up-to-date: /home/miles/usb_ros2_ws/install/usb_device_driver/include/usb_device_driver/usb_device_driver/msg/imu_data.h
[4.209s] -- Up-to-date: /home/miles/usb_ros2_ws/install/usb_device_driver/share/usb_device_driver/environment/library_path.sh
[4.209s] -- Installing: /home/miles/usb_ros2_ws/install/usb_device_driver/share/usb_device_driver/environment/library_path.dsv
[4.209s] -- Up-to-date: /home/miles/usb_ros2_ws/install/usb_device_driver/lib/libusb_device_driver__rosidl_generator_c.so
[4.209s] -- Up-to-date: /home/miles/usb_ros2_ws/install/usb_device_driver/include/usb_device_driver/usb_device_driver
[4.209s] -- Up-to-date: /home/miles/usb_ros2_ws/install/usb_device_driver/include/usb_device_driver/usb_device_driver/msg
[4.209s] -- Up-to-date: /home/miles/usb_ros2_ws/install/usb_device_driver/include/usb_device_driver/usb_device_driver/msg/detail
[4.210s] -- Up-to-date: /home/miles/usb_ros2_ws/install/usb_device_driver/include/usb_device_driver/usb_device_driver/msg/detail/motors_states__rosidl_typesupport_fastrtps_c.h
[4.210s] -- Up-to-date: /home/miles/usb_ros2_ws/install/usb_device_driver/include/usb_device_driver/usb_device_driver/msg/detail/imu_data__rosidl_typesupport_fastrtps_c.h
[4.210s] -- Up-to-date: /home/miles/usb_ros2_ws/install/usb_device_driver/include/usb_device_driver/usb_device_driver/msg/detail/motors_cmd__rosidl_typesupport_fastrtps_c.h
[4.210s] -- Up-to-date: /home/miles/usb_ros2_ws/install/usb_device_driver/include/usb_device_driver/usb_device_driver/msg/rosidl_typesupport_fastrtps_c__visibility_control.h
[4.210s] -- Up-to-date: /home/miles/usb_ros2_ws/install/usb_device_driver/lib/libusb_device_driver__rosidl_typesupport_fastrtps_c.so
[4.210s] -- Up-to-date: /home/miles/usb_ros2_ws/install/usb_device_driver/include/usb_device_driver/usb_device_driver
[4.210s] -- Up-to-date: /home/miles/usb_ros2_ws/install/usb_device_driver/include/usb_device_driver/usb_device_driver/msg
[4.210s] -- Up-to-date: /home/miles/usb_ros2_ws/install/usb_device_driver/include/usb_device_driver/usb_device_driver/msg/detail
[4.210s] -- Up-to-date: /home/miles/usb_ros2_ws/install/usb_device_driver/include/usb_device_driver/usb_device_driver/msg/detail/imu_data__builder.hpp
[4.210s] -- Up-to-date: /home/miles/usb_ros2_ws/install/usb_device_driver/include/usb_device_driver/usb_device_driver/msg/detail/imu_data__type_support.hpp
[4.210s] -- Up-to-date: /home/miles/usb_ros2_ws/install/usb_device_driver/include/usb_device_driver/usb_device_driver/msg/detail/motors_states__type_support.hpp
[4.210s] -- Up-to-date: /home/miles/usb_ros2_ws/install/usb_device_driver/include/usb_device_driver/usb_device_driver/msg/detail/motors_cmd__struct.hpp
[4.210s] -- Up-to-date: /home/miles/usb_ros2_ws/install/usb_device_driver/include/usb_device_driver/usb_device_driver/msg/detail/motors_cmd__traits.hpp
[4.210s] -- Up-to-date: /home/miles/usb_ros2_ws/install/usb_device_driver/include/usb_device_driver/usb_device_driver/msg/detail/motors_states__struct.hpp
[4.210s] -- Up-to-date: /home/miles/usb_ros2_ws/install/usb_device_driver/include/usb_device_driver/usb_device_driver/msg/detail/imu_data__traits.hpp
[4.210s] -- Up-to-date: /home/miles/usb_ros2_ws/install/usb_device_driver/include/usb_device_driver/usb_device_driver/msg/detail/motors_states__builder.hpp
[4.210s] -- Up-to-date: /home/miles/usb_ros2_ws/install/usb_device_driver/include/usb_device_driver/usb_device_driver/msg/detail/imu_data__struct.hpp
[4.210s] -- Up-to-date: /home/miles/usb_ros2_ws/install/usb_device_driver/include/usb_device_driver/usb_device_driver/msg/detail/motors_states__traits.hpp
[4.210s] -- Up-to-date: /home/miles/usb_ros2_ws/install/usb_device_driver/include/usb_device_driver/usb_device_driver/msg/detail/motors_cmd__builder.hpp
[4.211s] -- Up-to-date: /home/miles/usb_ros2_ws/install/usb_device_driver/include/usb_device_driver/usb_device_driver/msg/detail/motors_cmd__type_support.hpp
[4.211s] -- Up-to-date: /home/miles/usb_ros2_ws/install/usb_device_driver/include/usb_device_driver/usb_device_driver/msg/motors_states.hpp
[4.211s] -- Up-to-date: /home/miles/usb_ros2_ws/install/usb_device_driver/include/usb_device_driver/usb_device_driver/msg/motors_cmd.hpp
[4.211s] -- Up-to-date: /home/miles/usb_ros2_ws/install/usb_device_driver/include/usb_device_driver/usb_device_driver/msg/rosidl_generator_cpp__visibility_control.hpp
[4.211s] -- Up-to-date: /home/miles/usb_ros2_ws/install/usb_device_driver/include/usb_device_driver/usb_device_driver/msg/imu_data.hpp
[4.211s] -- Up-to-date: /home/miles/usb_ros2_ws/install/usb_device_driver/include/usb_device_driver/usb_device_driver
[4.211s] -- Up-to-date: /home/miles/usb_ros2_ws/install/usb_device_driver/include/usb_device_driver/usb_device_driver/msg
[4.211s] -- Up-to-date: /home/miles/usb_ros2_ws/install/usb_device_driver/include/usb_device_driver/usb_device_driver/msg/detail
[4.211s] -- Up-to-date: /home/miles/usb_ros2_ws/install/usb_device_driver/include/usb_device_driver/usb_device_driver/msg/detail/dds_fastrtps
[4.211s] -- Up-to-date: /home/miles/usb_ros2_ws/install/usb_device_driver/include/usb_device_driver/usb_device_driver/msg/detail/motors_cmd__rosidl_typesupport_fastrtps_cpp.hpp
[4.211s] -- Up-to-date: /home/miles/usb_ros2_ws/install/usb_device_driver/include/usb_device_driver/usb_device_driver/msg/detail/motors_states__rosidl_typesupport_fastrtps_cpp.hpp
[4.211s] -- Up-to-date: /home/miles/usb_ros2_ws/install/usb_device_driver/include/usb_device_driver/usb_device_driver/msg/detail/imu_data__rosidl_typesupport_fastrtps_cpp.hpp
[4.211s] -- Up-to-date: /home/miles/usb_ros2_ws/install/usb_device_driver/include/usb_device_driver/usb_device_driver/msg/rosidl_typesupport_fastrtps_cpp__visibility_control.h
[4.211s] -- Up-to-date: /home/miles/usb_ros2_ws/install/usb_device_driver/lib/libusb_device_driver__rosidl_typesupport_fastrtps_cpp.so
[4.211s] -- Up-to-date: /home/miles/usb_ros2_ws/install/usb_device_driver/include/usb_device_driver/usb_device_driver
[4.211s] -- Up-to-date: /home/miles/usb_ros2_ws/install/usb_device_driver/include/usb_device_driver/usb_device_driver/msg
[4.211s] -- Up-to-date: /home/miles/usb_ros2_ws/install/usb_device_driver/include/usb_device_driver/usb_device_driver/msg/detail
[4.212s] -- Up-to-date: /home/miles/usb_ros2_ws/install/usb_device_driver/include/usb_device_driver/usb_device_driver/msg/detail/motors_cmd__rosidl_typesupport_introspection_c.h
[4.212s] -- Up-to-date: /home/miles/usb_ros2_ws/install/usb_device_driver/include/usb_device_driver/usb_device_driver/msg/detail/imu_data__rosidl_typesupport_introspection_c.h
[4.212s] -- Up-to-date: /home/miles/usb_ros2_ws/install/usb_device_driver/include/usb_device_driver/usb_device_driver/msg/detail/imu_data__type_support.c
[4.212s] -- Up-to-date: /home/miles/usb_ros2_ws/install/usb_device_driver/include/usb_device_driver/usb_device_driver/msg/detail/motors_cmd__type_support.c
[4.212s] -- Up-to-date: /home/miles/usb_ros2_ws/install/usb_device_driver/include/usb_device_driver/usb_device_driver/msg/detail/motors_states__rosidl_typesupport_introspection_c.h
[4.212s] -- Up-to-date: /home/miles/usb_ros2_ws/install/usb_device_driver/include/usb_device_driver/usb_device_driver/msg/detail/motors_states__type_support.c
[4.212s] -- Up-to-date: /home/miles/usb_ros2_ws/install/usb_device_driver/include/usb_device_driver/usb_device_driver/msg/rosidl_typesupport_introspection_c__visibility_control.h
[4.212s] -- Up-to-date: /home/miles/usb_ros2_ws/install/usb_device_driver/lib/libusb_device_driver__rosidl_typesupport_introspection_c.so
[4.212s] -- Up-to-date: /home/miles/usb_ros2_ws/install/usb_device_driver/lib/libusb_device_driver__rosidl_typesupport_c.so
[4.212s] -- Up-to-date: /home/miles/usb_ros2_ws/install/usb_device_driver/include/usb_device_driver/usb_device_driver
[4.212s] -- Up-to-date: /home/miles/usb_ros2_ws/install/usb_device_driver/include/usb_device_driver/usb_device_driver/msg
[4.212s] -- Up-to-date: /home/miles/usb_ros2_ws/install/usb_device_driver/include/usb_device_driver/usb_device_driver/msg/detail
[4.212s] -- Up-to-date: /home/miles/usb_ros2_ws/install/usb_device_driver/include/usb_device_driver/usb_device_driver/msg/detail/motors_cmd__type_support.cpp
[4.212s] -- Up-to-date: /home/miles/usb_ros2_ws/install/usb_device_driver/include/usb_device_driver/usb_device_driver/msg/detail/motors_states__rosidl_typesupport_introspection_cpp.hpp
[4.212s] -- Up-to-date: /home/miles/usb_ros2_ws/install/usb_device_driver/include/usb_device_driver/usb_device_driver/msg/detail/imu_data__type_support.cpp
[4.212s] -- Up-to-date: /home/miles/usb_ros2_ws/install/usb_device_driver/include/usb_device_driver/usb_device_driver/msg/detail/motors_cmd__rosidl_typesupport_introspection_cpp.hpp
[4.212s] -- Up-to-date: /home/miles/usb_ros2_ws/install/usb_device_driver/include/usb_device_driver/usb_device_driver/msg/detail/imu_data__rosidl_typesupport_introspection_cpp.hpp
[4.212s] -- Up-to-date: /home/miles/usb_ros2_ws/install/usb_device_driver/include/usb_device_driver/usb_device_driver/msg/detail/motors_states__type_support.cpp
[4.213s] -- Up-to-date: /home/miles/usb_ros2_ws/install/usb_device_driver/lib/libusb_device_driver__rosidl_typesupport_introspection_cpp.so
[4.213s] -- Up-to-date: /home/miles/usb_ros2_ws/install/usb_device_driver/lib/libusb_device_driver__rosidl_typesupport_cpp.so
[4.213s] -- Up-to-date: /home/miles/usb_ros2_ws/install/usb_device_driver/share/usb_device_driver/environment/pythonpath.sh
[4.213s] -- Installing: /home/miles/usb_ros2_ws/install/usb_device_driver/share/usb_device_driver/environment/pythonpath.dsv
[4.213s] -- Up-to-date: /home/miles/usb_ros2_ws/install/usb_device_driver/local/lib/python3.10/dist-packages/usb_device_driver-0.0.0-py3.10.egg-info
[4.213s] -- Installing: /home/miles/usb_ros2_ws/install/usb_device_driver/local/lib/python3.10/dist-packages/usb_device_driver-0.0.0-py3.10.egg-info/SOURCES.txt
[4.213s] -- Installing: /home/miles/usb_ros2_ws/install/usb_device_driver/local/lib/python3.10/dist-packages/usb_device_driver-0.0.0-py3.10.egg-info/dependency_links.txt
[4.213s] -- Installing: /home/miles/usb_ros2_ws/install/usb_device_driver/local/lib/python3.10/dist-packages/usb_device_driver-0.0.0-py3.10.egg-info/top_level.txt
[4.213s] -- Installing: /home/miles/usb_ros2_ws/install/usb_device_driver/local/lib/python3.10/dist-packages/usb_device_driver-0.0.0-py3.10.egg-info/PKG-INFO
[4.213s] -- Up-to-date: /home/miles/usb_ros2_ws/install/usb_device_driver/local/lib/python3.10/dist-packages/usb_device_driver
[4.213s] -- Up-to-date: /home/miles/usb_ros2_ws/install/usb_device_driver/local/lib/python3.10/dist-packages/usb_device_driver/libusb_device_driver__rosidl_generator_py.so
[4.213s] -- Up-to-date: /home/miles/usb_ros2_ws/install/usb_device_driver/local/lib/python3.10/dist-packages/usb_device_driver/usb_device_driver_s__rosidl_typesupport_fastrtps_c.cpython-310-x86_64-linux-gnu.so
[4.213s] -- Up-to-date: /home/miles/usb_ros2_ws/install/usb_device_driver/local/lib/python3.10/dist-packages/usb_device_driver/msg
[4.213s] -- Up-to-date: /home/miles/usb_ros2_ws/install/usb_device_driver/local/lib/python3.10/dist-packages/usb_device_driver/msg/_imu_data.py
[4.213s] -- Up-to-date: /home/miles/usb_ros2_ws/install/usb_device_driver/local/lib/python3.10/dist-packages/usb_device_driver/msg/_motors_cmd_s.c
[4.213s] -- Up-to-date: /home/miles/usb_ros2_ws/install/usb_device_driver/local/lib/python3.10/dist-packages/usb_device_driver/msg/_motors_cmd.py
[4.214s] -- Up-to-date: /home/miles/usb_ros2_ws/install/usb_device_driver/local/lib/python3.10/dist-packages/usb_device_driver/msg/_imu_data_s.c
[4.214s] -- Up-to-date: /home/miles/usb_ros2_ws/install/usb_device_driver/local/lib/python3.10/dist-packages/usb_device_driver/msg/_motors_states_s.c
[4.214s] -- Up-to-date: /home/miles/usb_ros2_ws/install/usb_device_driver/local/lib/python3.10/dist-packages/usb_device_driver/msg/_motors_states.py
[4.214s] -- Up-to-date: /home/miles/usb_ros2_ws/install/usb_device_driver/local/lib/python3.10/dist-packages/usb_device_driver/msg/__init__.py
[4.214s] -- Up-to-date: /home/miles/usb_ros2_ws/install/usb_device_driver/local/lib/python3.10/dist-packages/usb_device_driver/_usb_device_driver_s.ep.rosidl_typesupport_c.c
[4.214s] -- Up-to-date: /home/miles/usb_ros2_ws/install/usb_device_driver/local/lib/python3.10/dist-packages/usb_device_driver/_usb_device_driver_s.ep.rosidl_typesupport_fastrtps_c.c
[4.214s] -- Up-to-date: /home/miles/usb_ros2_ws/install/usb_device_driver/local/lib/python3.10/dist-packages/usb_device_driver/usb_device_driver_s__rosidl_typesupport_c.cpython-310-x86_64-linux-gnu.so
[4.214s] -- Up-to-date: /home/miles/usb_ros2_ws/install/usb_device_driver/local/lib/python3.10/dist-packages/usb_device_driver/usb_device_driver_s__rosidl_typesupport_introspection_c.cpython-310-x86_64-linux-gnu.so
[4.214s] -- Installing: /home/miles/usb_ros2_ws/install/usb_device_driver/local/lib/python3.10/dist-packages/usb_device_driver/__init__.py
[4.214s] -- Up-to-date: /home/miles/usb_ros2_ws/install/usb_device_driver/local/lib/python3.10/dist-packages/usb_device_driver/_usb_device_driver_s.ep.rosidl_typesupport_introspection_c.c
[4.238s] Listing '/home/miles/usb_ros2_ws/install/usb_device_driver/local/lib/python3.10/dist-packages/usb_device_driver'...
[4.239s] Compiling '/home/miles/usb_ros2_ws/install/usb_device_driver/local/lib/python3.10/dist-packages/usb_device_driver/__init__.py'...
[4.239s] Listing '/home/miles/usb_ros2_ws/install/usb_device_driver/local/lib/python3.10/dist-packages/usb_device_driver/msg'...
[4.243s] -- Up-to-date: /home/miles/usb_ros2_ws/install/usb_device_driver/local/lib/python3.10/dist-packages/usb_device_driver/usb_device_driver_s__rosidl_typesupport_fastrtps_c.cpython-310-x86_64-linux-gnu.so
[4.243s] -- Up-to-date: /home/miles/usb_ros2_ws/install/usb_device_driver/local/lib/python3.10/dist-packages/usb_device_driver/usb_device_driver_s__rosidl_typesupport_introspection_c.cpython-310-x86_64-linux-gnu.so
[4.244s] -- Up-to-date: /home/miles/usb_ros2_ws/install/usb_device_driver/local/lib/python3.10/dist-packages/usb_device_driver/usb_device_driver_s__rosidl_typesupport_c.cpython-310-x86_64-linux-gnu.so
[4.244s] -- Up-to-date: /home/miles/usb_ros2_ws/install/usb_device_driver/lib/libusb_device_driver__rosidl_generator_py.so
[4.244s] -- Up-to-date: /home/miles/usb_ros2_ws/install/usb_device_driver/share/usb_device_driver/msg/IMUData.idl
[4.245s] -- Up-to-date: /home/miles/usb_ros2_ws/install/usb_device_driver/share/usb_device_driver/msg/MotorsCmd.idl
[4.245s] -- Up-to-date: /home/miles/usb_ros2_ws/install/usb_device_driver/share/usb_device_driver/msg/MotorsStates.idl
[4.245s] -- Up-to-date: /home/miles/usb_ros2_ws/install/usb_device_driver/share/usb_device_driver/msg/IMUData.msg
[4.245s] -- Up-to-date: /home/miles/usb_ros2_ws/install/usb_device_driver/share/usb_device_driver/msg/MotorsCmd.msg
[4.245s] -- Up-to-date: /home/miles/usb_ros2_ws/install/usb_device_driver/share/usb_device_driver/msg/MotorsStates.msg
[4.245s] -- Installing: /home/miles/usb_ros2_ws/install/usb_device_driver/lib/usb_device_driver/usb_reader_node
[4.247s] -- Set runtime path of "/home/miles/usb_ros2_ws/install/usb_device_driver/lib/usb_device_driver/usb_reader_node" to ""
[4.247s] -- Up-to-date: /home/miles/usb_ros2_ws/install/usb_device_driver/lib/usb_device_driver/usb_reader_node
[4.247s] -- Up-to-date: /home/miles/usb_ros2_ws/install/usb_device_driver/include/
[4.247s] -- Up-to-date: /home/miles/usb_ros2_ws/install/usb_device_driver/include//usb_device_driver
[4.247s] -- Installing: /home/miles/usb_ros2_ws/install/usb_device_driver/include//usb_device_driver/usb_reader_node.hpp
[4.248s] -- Up-to-date: /home/miles/usb_ros2_ws/install/usb_device_driver/share/usb_device_driver//launch
[4.248s] -- Up-to-date: /home/miles/usb_ros2_ws/install/usb_device_driver/share/usb_device_driver//launch/usb_reader.launch.py
[4.248s] -- Up-to-date: /home/miles/usb_ros2_ws/install/usb_device_driver/share/usb_device_driver//config
[4.248s] -- Up-to-date: /home/miles/usb_ros2_ws/install/usb_device_driver/share/usb_device_driver//config/usb_reader.yaml
[4.248s] -- Up-to-date: /home/miles/usb_ros2_ws/install/usb_device_driver/share/ament_index/resource_index/package_run_dependencies/usb_device_driver
[4.248s] -- Up-to-date: /home/miles/usb_ros2_ws/install/usb_device_driver/share/ament_index/resource_index/parent_prefix_path/usb_device_driver
[4.248s] -- Up-to-date: /home/miles/usb_ros2_ws/install/usb_device_driver/share/usb_device_driver/environment/ament_prefix_path.sh
[4.248s] -- Installing: /home/miles/usb_ros2_ws/install/usb_device_driver/share/usb_device_driver/environment/ament_prefix_path.dsv
[4.248s] -- Up-to-date: /home/miles/usb_ros2_ws/install/usb_device_driver/share/usb_device_driver/environment/path.sh
[4.248s] -- Installing: /home/miles/usb_ros2_ws/install/usb_device_driver/share/usb_device_driver/environment/path.dsv
[4.248s] -- Up-to-date: /home/miles/usb_ros2_ws/install/usb_device_driver/share/usb_device_driver/local_setup.bash
[4.249s] -- Up-to-date: /home/miles/usb_ros2_ws/install/usb_device_driver/share/usb_device_driver/local_setup.sh
[4.249s] -- Up-to-date: /home/miles/usb_ros2_ws/install/usb_device_driver/share/usb_device_driver/local_setup.zsh
[4.249s] -- Installing: /home/miles/usb_ros2_ws/install/usb_device_driver/share/usb_device_driver/local_setup.dsv
[4.249s] -- Installing: /home/miles/usb_ros2_ws/install/usb_device_driver/share/usb_device_driver/package.dsv
[4.249s] -- Up-to-date: /home/miles/usb_ros2_ws/install/usb_device_driver/share/ament_index/resource_index/packages/usb_device_driver
[4.249s] -- Up-to-date: /home/miles/usb_ros2_ws/install/usb_device_driver/share/usb_device_driver/cmake/export_usb_device_driver__rosidl_generator_cExport.cmake
[4.249s] -- Up-to-date: /home/miles/usb_ros2_ws/install/usb_device_driver/share/usb_device_driver/cmake/export_usb_device_driver__rosidl_generator_cExport-noconfig.cmake
[4.249s] -- Up-to-date: /home/miles/usb_ros2_ws/install/usb_device_driver/share/usb_device_driver/cmake/export_usb_device_driver__rosidl_typesupport_fastrtps_cExport.cmake
[4.249s] -- Up-to-date: /home/miles/usb_ros2_ws/install/usb_device_driver/share/usb_device_driver/cmake/export_usb_device_driver__rosidl_typesupport_fastrtps_cExport-noconfig.cmake
[4.249s] -- Up-to-date: /home/miles/usb_ros2_ws/install/usb_device_driver/share/usb_device_driver/cmake/export_usb_device_driver__rosidl_generator_cppExport.cmake
[4.249s] -- Up-to-date: /home/miles/usb_ros2_ws/install/usb_device_driver/share/usb_device_driver/cmake/export_usb_device_driver__rosidl_typesupport_fastrtps_cppExport.cmake
[4.249s] -- Up-to-date: /home/miles/usb_ros2_ws/install/usb_device_driver/share/usb_device_driver/cmake/export_usb_device_driver__rosidl_typesupport_fastrtps_cppExport-noconfig.cmake
[4.249s] -- Up-to-date: /home/miles/usb_ros2_ws/install/usb_device_driver/share/usb_device_driver/cmake/usb_device_driver__rosidl_typesupport_introspection_cExport.cmake
[4.249s] -- Up-to-date: /home/miles/usb_ros2_ws/install/usb_device_driver/share/usb_device_driver/cmake/usb_device_driver__rosidl_typesupport_introspection_cExport-noconfig.cmake
[4.249s] -- Up-to-date: /home/miles/usb_ros2_ws/install/usb_device_driver/share/usb_device_driver/cmake/usb_device_driver__rosidl_typesupport_cExport.cmake
[4.250s] -- Up-to-date: /home/miles/usb_ros2_ws/install/usb_device_driver/share/usb_device_driver/cmake/usb_device_driver__rosidl_typesupport_cExport-noconfig.cmake
[4.250s] -- Up-to-date: /home/miles/usb_ros2_ws/install/usb_device_driver/share/usb_device_driver/cmake/usb_device_driver__rosidl_typesupport_introspection_cppExport.cmake
[4.250s] -- Up-to-date: /home/miles/usb_ros2_ws/install/usb_device_driver/share/usb_device_driver/cmake/usb_device_driver__rosidl_typesupport_introspection_cppExport-noconfig.cmake
[4.250s] -- Up-to-date: /home/miles/usb_ros2_ws/install/usb_device_driver/share/usb_device_driver/cmake/usb_device_driver__rosidl_typesupport_cppExport.cmake
[4.250s] -- Up-to-date: /home/miles/usb_ros2_ws/install/usb_device_driver/share/usb_device_driver/cmake/usb_device_driver__rosidl_typesupport_cppExport-noconfig.cmake
[4.250s] -- Up-to-date: /home/miles/usb_ros2_ws/install/usb_device_driver/share/usb_device_driver/cmake/export_usb_device_driver__rosidl_generator_pyExport.cmake
[4.250s] -- Up-to-date: /home/miles/usb_ros2_ws/install/usb_device_driver/share/usb_device_driver/cmake/export_usb_device_driver__rosidl_generator_pyExport-noconfig.cmake
[4.250s] -- Up-to-date: /home/miles/usb_ros2_ws/install/usb_device_driver/share/usb_device_driver/cmake/rosidl_cmake-extras.cmake
[4.250s] -- Up-to-date: /home/miles/usb_ros2_ws/install/usb_device_driver/share/usb_device_driver/cmake/ament_cmake_export_dependencies-extras.cmake
[4.250s] -- Up-to-date: /home/miles/usb_ros2_ws/install/usb_device_driver/share/usb_device_driver/cmake/ament_cmake_export_include_directories-extras.cmake
[4.250s] -- Up-to-date: /home/miles/usb_ros2_ws/install/usb_device_driver/share/usb_device_driver/cmake/ament_cmake_export_libraries-extras.cmake
[4.250s] -- Up-to-date: /home/miles/usb_ros2_ws/install/usb_device_driver/share/usb_device_driver/cmake/ament_cmake_export_targets-extras.cmake
[4.250s] -- Up-to-date: /home/miles/usb_ros2_ws/install/usb_device_driver/share/usb_device_driver/cmake/rosidl_cmake_export_typesupport_targets-extras.cmake
[4.250s] -- Up-to-date: /home/miles/usb_ros2_ws/install/usb_device_driver/share/usb_device_driver/cmake/rosidl_cmake_export_typesupport_libraries-extras.cmake
[4.250s] -- Up-to-date: /home/miles/usb_ros2_ws/install/usb_device_driver/share/usb_device_driver/cmake/usb_device_driverConfig.cmake
[4.250s] -- Up-to-date: /home/miles/usb_ros2_ws/install/usb_device_driver/share/usb_device_driver/cmake/usb_device_driverConfig-version.cmake
[4.250s] -- Up-to-date: /home/miles/usb_ros2_ws/install/usb_device_driver/share/usb_device_driver/package.xml
[4.252s] Invoked command in '/home/miles/usb_ros2_ws/build/usb_device_driver' returned '0': CMAKE_PREFIX_PATH=/opt/ros/humble /usr/bin/cmake --install /home/miles/usb_ros2_ws/build/usb_device_driver
