[0.022s] Invoking command in '/home/miles/usb_ros2_ws/src/usb_device_driver/build/usb_device_driver': CMAKE_PREFIX_PATH=/opt/ros/humble /usr/bin/cmake /home/miles/usb_ros2_ws/src/usb_device_driver -DCMAKE_INSTALL_PREFIX=/home/miles/usb_ros2_ws/src/usb_device_driver/install/usb_device_driver
[0.140s] -- The C compiler identification is GNU 11.4.0
[0.269s] -- The CXX compiler identification is GNU 11.4.0
[0.288s] -- Detecting C compiler ABI info
[0.454s] -- Detecting C compiler ABI info - done
[0.464s] -- Check for working C compiler: /usr/bin/cc - skipped
[0.472s] -- Detecting C compile features
[0.472s] -- Detecting C compile features - done
[0.477s] -- Detecting CXX compiler ABI info
[0.654s] -- Detecting CXX compiler ABI info - done
[0.669s] -- Check for working CXX compiler: /usr/bin/c++ - skipped
[0.669s] -- Detecting CXX compile features
[0.670s] -- Detecting CXX compile features - done
[0.684s] -- Found ament_cmake: 1.3.13 (/opt/ros/humble/share/ament_cmake/cmake)
[1.038s] -- Found Python3: /usr/bin/python3 (found version "3.10.12") found components: Interpreter 
[1.254s] -- Found rclcpp: 16.0.18 (/opt/ros/humble/share/rclcpp/cmake)
[1.353s] -- Found rosidl_generator_c: 3.1.8 (/opt/ros/humble/share/rosidl_generator_c/cmake)
[1.373s] -- Found rosidl_adapter: 3.1.8 (/opt/ros/humble/share/rosidl_adapter/cmake)
[1.393s] -- Found rosidl_generator_cpp: 3.1.8 (/opt/ros/humble/share/rosidl_generator_cpp/cmake)
[1.422s] -- Using all available rosidl_typesupport_c: rosidl_typesupport_fastrtps_c;rosidl_typesupport_introspection_c
[1.459s] -- Using all available rosidl_typesupport_cpp: rosidl_typesupport_fastrtps_cpp;rosidl_typesupport_introspection_cpp
[1.558s] -- Found rmw_implementation_cmake: 6.1.2 (/opt/ros/humble/share/rmw_implementation_cmake/cmake)
[1.563s] -- Found rmw_fastrtps_cpp: 6.2.10 (/opt/ros/humble/share/rmw_fastrtps_cpp/cmake)
[1.791s] -- Found OpenSSL: /usr/lib/x86_64-linux-gnu/libcrypto.so (found version "3.0.2")  
[1.863s] -- Found FastRTPS: /opt/ros/humble/include  
[1.972s] -- Using RMW implementation 'rmw_fastrtps_cpp' as default
[1.999s] -- Looking for pthread.h
[2.163s] -- Looking for pthread.h - found
[2.164s] -- Performing Test CMAKE_HAVE_LIBC_PTHREAD
[2.337s] -- Performing Test CMAKE_HAVE_LIBC_PTHREAD - Success
[2.341s] -- Found Threads: TRUE  
[2.457s] -- Found geometry_msgs: 4.9.1 (/opt/ros/humble/share/geometry_msgs/cmake)
[2.487s] -- Found rosidl_default_generators: 1.2.0 (/opt/ros/humble/share/rosidl_default_generators/cmake)
[2.515s] -- Found PkgConfig: /usr/bin/pkg-config (found version "0.29.2") 
[2.516s] -- Checking for module 'libserial'
[2.553s] --   Found libserial, version 1.0.0
[3.279s] -- Found ament_cmake_ros: 0.10.0 (/opt/ros/humble/share/ament_cmake_ros/cmake)
[4.020s] -- Using all available rosidl_typesupport_c: rosidl_typesupport_fastrtps_c;rosidl_typesupport_introspection_c
[4.265s] -- Using all available rosidl_typesupport_cpp: rosidl_typesupport_fastrtps_cpp;rosidl_typesupport_introspection_cpp
[4.295s] -- Found PythonInterp: /usr/bin/python3 (found suitable version "3.10.12", minimum required is "3.6") 
[4.298s] -- Found python_cmake_module: 0.10.0 (/opt/ros/humble/share/python_cmake_module/cmake)
[4.334s] -- Found PythonLibs: /usr/lib/x86_64-linux-gnu/libpython3.10.so (found suitable version "3.10.12", minimum required is "3.5") 
[4.335s] -- Using PYTHON_EXECUTABLE: /usr/bin/python3
[4.335s] -- Using PYTHON_INCLUDE_DIRS: /usr/include/python3.10
[4.335s] -- Using PYTHON_LIBRARIES: /usr/lib/x86_64-linux-gnu/libpython3.10.so
[4.363s] -- Found PythonExtra: .so  
[4.448s] -- Configuring done
[4.508s] -- Generating done
[4.525s] -- Build files have been written to: /home/miles/usb_ros2_ws/src/usb_device_driver/build/usb_device_driver
[4.540s] Invoked command in '/home/miles/usb_ros2_ws/src/usb_device_driver/build/usb_device_driver' returned '0': CMAKE_PREFIX_PATH=/opt/ros/humble /usr/bin/cmake /home/miles/usb_ros2_ws/src/usb_device_driver -DCMAKE_INSTALL_PREFIX=/home/miles/usb_ros2_ws/src/usb_device_driver/install/usb_device_driver
[4.543s] Invoking command in '/home/miles/usb_ros2_ws/src/usb_device_driver/build/usb_device_driver': CMAKE_PREFIX_PATH=/opt/ros/humble /usr/bin/cmake --build /home/miles/usb_ros2_ws/src/usb_device_driver/build/usb_device_driver -- -j12 -l12
[4.599s] [  2%] [34m[1mGenerating C code for ROS interfaces[0m
[4.612s] [  4%] [34m[1mGenerating C++ code for ROS interfaces[0m
[4.622s] [  4%] Built target ament_cmake_python_copy_usb_device_driver
[4.888s] running egg_info
[4.889s] creating usb_device_driver.egg-info
[4.889s] writing usb_device_driver.egg-info/PKG-INFO
[4.889s] writing dependency_links to usb_device_driver.egg-info/dependency_links.txt
[4.889s] writing top-level names to usb_device_driver.egg-info/top_level.txt
[4.890s] writing manifest file 'usb_device_driver.egg-info/SOURCES.txt'
[4.891s] reading manifest file 'usb_device_driver.egg-info/SOURCES.txt'
[4.892s] writing manifest file 'usb_device_driver.egg-info/SOURCES.txt'
[4.920s] [  4%] Built target ament_cmake_python_build_usb_device_driver_egg
[5.179s] [  4%] Built target usb_device_driver__cpp
[5.180s] [  6%] [32mBuilding C object CMakeFiles/usb_device_driver__rosidl_generator_c.dir/rosidl_generator_c/usb_device_driver/msg/detail/imu_data__functions.c.o[0m
[5.180s] [  8%] [32mBuilding C object CMakeFiles/usb_device_driver__rosidl_generator_c.dir/rosidl_generator_c/usb_device_driver/msg/detail/motors_states__functions.c.o[0m
[5.181s] [ 10%] [32mBuilding C object CMakeFiles/usb_device_driver__rosidl_generator_c.dir/rosidl_generator_c/usb_device_driver/msg/detail/motors_cmd__functions.c.o[0m
[5.189s] [ 16%] [34m[1mGenerating C++ introspection for ROS interfaces[0m
[5.189s] [ 16%] [34m[1mGenerating C++ type support for eProsima Fast-RTPS[0m
[5.189s] [ 16%] [34m[1mGenerating C++ type support dispatch for ROS interfaces[0m
[5.228s] [ 18%] [32m[1mLinking C shared library libusb_device_driver__rosidl_generator_c.so[0m
[5.267s] [ 18%] Built target usb_device_driver__rosidl_generator_c
[5.277s] [ 24%] [34m[1mGenerating C type support dispatch for ROS interfaces[0m
[5.278s] [ 24%] [34m[1mGenerating C introspection for ROS interfaces[0m
[5.278s] [ 24%] [34m[1mGenerating C type support for eProsima Fast-RTPS[0m
[5.606s] [ 26%] [32mBuilding CXX object CMakeFiles/usb_device_driver__rosidl_typesupport_cpp.dir/rosidl_typesupport_cpp/usb_device_driver/msg/imu_data__type_support.cpp.o[0m
[5.608s] [ 30%] [32mBuilding CXX object CMakeFiles/usb_device_driver__rosidl_typesupport_cpp.dir/rosidl_typesupport_cpp/usb_device_driver/msg/motors_states__type_support.cpp.o[0m
[5.608s] [ 30%] [32mBuilding CXX object CMakeFiles/usb_device_driver__rosidl_typesupport_cpp.dir/rosidl_typesupport_cpp/usb_device_driver/msg/motors_cmd__type_support.cpp.o[0m
[5.662s] [ 32%] [32mBuilding CXX object CMakeFiles/usb_device_driver__rosidl_typesupport_introspection_cpp.dir/rosidl_typesupport_introspection_cpp/usb_device_driver/msg/detail/imu_data__type_support.cpp.o[0m
[5.663s] [ 36%] [32mBuilding CXX object CMakeFiles/usb_device_driver__rosidl_typesupport_introspection_cpp.dir/rosidl_typesupport_introspection_cpp/usb_device_driver/msg/detail/motors_cmd__type_support.cpp.o[0m
[5.664s] [ 36%] [32mBuilding CXX object CMakeFiles/usb_device_driver__rosidl_typesupport_introspection_cpp.dir/rosidl_typesupport_introspection_cpp/usb_device_driver/msg/detail/motors_states__type_support.cpp.o[0m
[5.678s] [ 40%] [32mBuilding CXX object CMakeFiles/usb_device_driver__rosidl_typesupport_fastrtps_cpp.dir/rosidl_typesupport_fastrtps_cpp/usb_device_driver/msg/detail/dds_fastrtps/motors_states__type_support.cpp.o[0m
[5.678s] [ 40%] [32mBuilding CXX object CMakeFiles/usb_device_driver__rosidl_typesupport_fastrtps_cpp.dir/rosidl_typesupport_fastrtps_cpp/usb_device_driver/msg/detail/dds_fastrtps/imu_data__type_support.cpp.o[0m
[5.683s] [ 42%] [32mBuilding CXX object CMakeFiles/usb_device_driver__rosidl_typesupport_fastrtps_cpp.dir/rosidl_typesupport_fastrtps_cpp/usb_device_driver/msg/detail/dds_fastrtps/motors_cmd__type_support.cpp.o[0m
[5.749s] [ 44%] [32mBuilding CXX object CMakeFiles/usb_device_driver__rosidl_typesupport_c.dir/rosidl_typesupport_c/usb_device_driver/msg/imu_data__type_support.cpp.o[0m
[5.792s] [ 46%] [32mBuilding CXX object CMakeFiles/usb_device_driver__rosidl_typesupport_c.dir/rosidl_typesupport_c/usb_device_driver/msg/motors_cmd__type_support.cpp.o[0m
[5.815s] [ 48%] [32mBuilding C object CMakeFiles/usb_device_driver__rosidl_typesupport_introspection_c.dir/rosidl_typesupport_introspection_c/usb_device_driver/msg/detail/imu_data__type_support.c.o[0m
[5.830s] [ 50%] [32mBuilding CXX object CMakeFiles/usb_device_driver__rosidl_typesupport_c.dir/rosidl_typesupport_c/usb_device_driver/msg/motors_states__type_support.cpp.o[0m
[5.843s] [ 52%] [32mBuilding CXX object CMakeFiles/usb_device_driver__rosidl_typesupport_fastrtps_c.dir/rosidl_typesupport_fastrtps_c/usb_device_driver/msg/detail/imu_data__type_support_c.cpp.o[0m
[5.863s] [ 54%] [32mBuilding C object CMakeFiles/usb_device_driver__rosidl_typesupport_introspection_c.dir/rosidl_typesupport_introspection_c/usb_device_driver/msg/detail/motors_cmd__type_support.c.o[0m
[5.877s] [ 56%] [32m[1mLinking CXX shared library libusb_device_driver__rosidl_typesupport_c.so[0m
[5.920s] [ 58%] [32mBuilding C object CMakeFiles/usb_device_driver__rosidl_typesupport_introspection_c.dir/rosidl_typesupport_introspection_c/usb_device_driver/msg/detail/motors_states__type_support.c.o[0m
[5.942s] [ 60%] [32mBuilding CXX object CMakeFiles/usb_device_driver__rosidl_typesupport_fastrtps_c.dir/rosidl_typesupport_fastrtps_c/usb_device_driver/msg/detail/motors_cmd__type_support_c.cpp.o[0m
[5.942s] [ 60%] Built target usb_device_driver__rosidl_typesupport_c
[5.946s] [ 62%] [32mBuilding CXX object CMakeFiles/usb_device_driver__rosidl_typesupport_fastrtps_c.dir/rosidl_typesupport_fastrtps_c/usb_device_driver/msg/detail/motors_states__type_support_c.cpp.o[0m
[5.982s] [ 64%] [32m[1mLinking CXX shared library libusb_device_driver__rosidl_typesupport_cpp.so[0m
[5.988s] [ 66%] [32m[1mLinking C shared library libusb_device_driver__rosidl_typesupport_introspection_c.so[0m
[6.037s] [ 66%] Built target usb_device_driver__rosidl_typesupport_introspection_c
[6.047s] [ 66%] Built target usb_device_driver__rosidl_typesupport_cpp
[6.086s] [ 70%] [32mBuilding CXX object CMakeFiles/usb_reader_node.dir/src/usb_reader_node.cpp.o[0m
[6.086s] [ 70%] [32mBuilding CXX object CMakeFiles/usb_reader_node.dir/src/main.cpp.o[0m
[6.175s] [ 72%] [32m[1mLinking CXX shared library libusb_device_driver__rosidl_typesupport_introspection_cpp.so[0m
[6.188s] [ 74%] [32m[1mLinking CXX shared library libusb_device_driver__rosidl_typesupport_fastrtps_cpp.so[0m
[6.251s] [ 74%] Built target usb_device_driver__rosidl_typesupport_introspection_cpp
[6.265s] [ 74%] Built target usb_device_driver__rosidl_typesupport_fastrtps_cpp
[6.309s] [ 76%] [32m[1mLinking CXX shared library libusb_device_driver__rosidl_typesupport_fastrtps_c.so[0m
[6.376s] [ 76%] Built target usb_device_driver__rosidl_typesupport_fastrtps_c
[6.397s] [ 76%] Built target usb_device_driver
[6.419s] [ 78%] [34m[1mGenerating Python code for ROS interfaces[0m
[7.089s] [ 78%] Built target usb_device_driver__py
[7.110s] [ 84%] [32mBuilding C object CMakeFiles/usb_device_driver__rosidl_generator_py.dir/rosidl_generator_py/usb_device_driver/msg/_motors_cmd_s.c.o[0m
[7.110s] [ 84%] [32mBuilding C object CMakeFiles/usb_device_driver__rosidl_generator_py.dir/rosidl_generator_py/usb_device_driver/msg/_motors_states_s.c.o[0m
[7.110s] [ 84%] [32mBuilding C object CMakeFiles/usb_device_driver__rosidl_generator_py.dir/rosidl_generator_py/usb_device_driver/msg/_imu_data_s.c.o[0m
[7.206s] [ 86%] [32m[1mLinking C shared library rosidl_generator_py/usb_device_driver/libusb_device_driver__rosidl_generator_py.so[0m
[7.247s] [ 86%] Built target usb_device_driver__rosidl_generator_py
[7.266s] [ 92%] [32mBuilding C object CMakeFiles/usb_device_driver__rosidl_typesupport_introspection_c__pyext.dir/rosidl_generator_py/usb_device_driver/_usb_device_driver_s.ep.rosidl_typesupport_introspection_c.c.o[0m
[7.266s] [ 92%] [32mBuilding C object CMakeFiles/usb_device_driver__rosidl_typesupport_c__pyext.dir/rosidl_generator_py/usb_device_driver/_usb_device_driver_s.ep.rosidl_typesupport_c.c.o[0m
[7.266s] [ 92%] [32mBuilding C object CMakeFiles/usb_device_driver__rosidl_typesupport_fastrtps_c__pyext.dir/rosidl_generator_py/usb_device_driver/_usb_device_driver_s.ep.rosidl_typesupport_fastrtps_c.c.o[0m
[7.352s] [ 98%] [32m[1mLinking C shared library rosidl_generator_py/usb_device_driver/usb_device_driver_s__rosidl_typesupport_introspection_c.cpython-310-x86_64-linux-gnu.so[0m
[7.352s] [ 98%] [32m[1mLinking C shared library rosidl_generator_py/usb_device_driver/usb_device_driver_s__rosidl_typesupport_c.cpython-310-x86_64-linux-gnu.so[0m
[7.352s] [ 98%] [32m[1mLinking C shared library rosidl_generator_py/usb_device_driver/usb_device_driver_s__rosidl_typesupport_fastrtps_c.cpython-310-x86_64-linux-gnu.so[0m
[7.390s] [ 98%] Built target usb_device_driver__rosidl_typesupport_introspection_c__pyext
[7.390s] [ 98%] Built target usb_device_driver__rosidl_typesupport_c__pyext
[7.390s] [ 98%] Built target usb_device_driver__rosidl_typesupport_fastrtps_c__pyext
[8.273s] In file included from [01m[K/opt/ros/humble/include/rclcpp/rclcpp/logging.hpp:24[m[K,
[8.273s]                  from [01m[K/opt/ros/humble/include/rclcpp/rclcpp/client.hpp:40[m[K,
[8.274s]                  from [01m[K/opt/ros/humble/include/rclcpp/rclcpp/callback_group.hpp:24[m[K,
[8.274s]                  from [01m[K/opt/ros/humble/include/rclcpp/rclcpp/any_executable.hpp:20[m[K,
[8.274s]                  from [01m[K/opt/ros/humble/include/rclcpp/rclcpp/memory_strategy.hpp:25[m[K,
[8.274s]                  from [01m[K/opt/ros/humble/include/rclcpp/rclcpp/memory_strategies.hpp:18[m[K,
[8.274s]                  from [01m[K/opt/ros/humble/include/rclcpp/rclcpp/executor_options.hpp:20[m[K,
[8.274s]                  from [01m[K/opt/ros/humble/include/rclcpp/rclcpp/executor.hpp:37[m[K,
[8.274s]                  from [01m[K/opt/ros/humble/include/rclcpp/rclcpp/executors/multi_threaded_executor.hpp:25[m[K,
[8.274s]                  from [01m[K/opt/ros/humble/include/rclcpp/rclcpp/executors.hpp:21[m[K,
[8.274s]                  from [01m[K/opt/ros/humble/include/rclcpp/rclcpp/rclcpp.hpp:155[m[K,
[8.274s]                  from [01m[K/home/miles/usb_ros2_ws/src/usb_device_driver/include/usb_device_driver/usb_reader_node.hpp:4[m[K,
[8.274s]                  from [01m[K/home/miles/usb_ros2_ws/src/usb_device_driver/src/usb_reader_node.cpp:1[m[K:
[8.274s] [01m[K/home/miles/usb_ros2_ws/src/usb_device_driver/src/usb_reader_node.cpp:[m[K In member function ‘[01m[Kvoid usb_device_driver::USBReaderNode::handleReceivedMavlinkData(const uint8_t*, size_t)[m[K’:
[8.274s] [01m[K/home/miles/usb_ros2_ws/src/usb_device_driver/src/usb_reader_node.cpp:607:61:[m[K [01;35m[Kwarning: [m[Kformat ‘[01m[K%d[m[K’ expects argument of type ‘[01m[Kint[m[K’, but argument 5 has type ‘[01m[Ksize_t[m[K’ {aka ‘[01m[Klong unsigned int[m[K’} [[01;35m[K]8;;https://gcc.gnu.org/onlinedocs/gcc/Warning-Options.html#index-Wformat=-Wformat=]8;;[m[K]
[8.274s]   607 |                             RCLCPP_INFO(this->get_logger(), [01;35m[K"发布电机状态消息到ROS2:，长度：%d"[m[K, [32m[Klen[m[K);
[8.274s]       |                                                             [01;35m[K^~~~~~~~~~~~~~~~~~~~~~~~~~~~~~~~~~~[m[K  [32m[K~~~[m[K
[8.274s]       |                                                                                                  [32m[K|[m[K
[8.275s]       |                                                                                                  [32m[Ksize_t {aka long unsigned int}[m[K
[8.275s] [01m[K/home/miles/usb_ros2_ws/src/usb_device_driver/src/usb_reader_node.cpp:607:94:[m[K [01;36m[Knote: [m[Kformat string is defined here
[8.275s]   607 |                             RCLCPP_INFO(this->get_logger(), "发布电机状态消息到ROS2:，长度：[01;36m[K%d[m[K", len);
[8.275s]       |                                                                                             [01;36m[K~^[m[K
[8.275s]       |                                                                                              [01;36m[K|[m[K
[8.275s]       |                                                                                              [01;36m[Kint[m[K
[8.275s]       |                                                                                             [32m[K%ld[m[K
[8.275s] In file included from [01m[K/opt/ros/humble/include/rclcpp/rclcpp/logging.hpp:24[m[K,
[8.275s]                  from [01m[K/opt/ros/humble/include/rclcpp/rclcpp/client.hpp:40[m[K,
[8.275s]                  from [01m[K/opt/ros/humble/include/rclcpp/rclcpp/callback_group.hpp:24[m[K,
[8.275s]                  from [01m[K/opt/ros/humble/include/rclcpp/rclcpp/any_executable.hpp:20[m[K,
[8.275s]                  from [01m[K/opt/ros/humble/include/rclcpp/rclcpp/memory_strategy.hpp:25[m[K,
[8.275s]                  from [01m[K/opt/ros/humble/include/rclcpp/rclcpp/memory_strategies.hpp:18[m[K,
[8.275s]                  from [01m[K/opt/ros/humble/include/rclcpp/rclcpp/executor_options.hpp:20[m[K,
[8.275s]                  from [01m[K/opt/ros/humble/include/rclcpp/rclcpp/executor.hpp:37[m[K,
[8.275s]                  from [01m[K/opt/ros/humble/include/rclcpp/rclcpp/executors/multi_threaded_executor.hpp:25[m[K,
[8.275s]                  from [01m[K/opt/ros/humble/include/rclcpp/rclcpp/executors.hpp:21[m[K,
[8.275s]                  from [01m[K/opt/ros/humble/include/rclcpp/rclcpp/rclcpp.hpp:155[m[K,
[8.275s]                  from [01m[K/home/miles/usb_ros2_ws/src/usb_device_driver/include/usb_device_driver/usb_reader_node.hpp:4[m[K,
[8.275s]                  from [01m[K/home/miles/usb_ros2_ws/src/usb_device_driver/src/usb_reader_node.cpp:1[m[K:
[8.275s] [01m[K/home/miles/usb_ros2_ws/src/usb_device_driver/src/usb_reader_node.cpp:646:61:[m[K [01;35m[Kwarning: [m[Kformat ‘[01m[K%d[m[K’ expects argument of type ‘[01m[Kint[m[K’, but argument 5 has type ‘[01m[Ksize_t[m[K’ {aka ‘[01m[Klong unsigned int[m[K’} [[01;35m[K]8;;https://gcc.gnu.org/onlinedocs/gcc/Warning-Options.html#index-Wformat=-Wformat=]8;;[m[K]
[8.275s]   646 |                             RCLCPP_INFO(this->get_logger(), [01;35m[K"发布IMU数据消息到ROS2:，长度：%d"[m[K, [32m[Klen[m[K);
[8.275s]       |                                                             [01;35m[K^~~~~~~~~~~~~~~~~~~~~~~~~~~~~~~~~~[m[K  [32m[K~~~[m[K
[8.275s]       |                                                                                                 [32m[K|[m[K
[8.275s]       |                                                                                                 [32m[Ksize_t {aka long unsigned int}[m[K
[8.275s] [01m[K/home/miles/usb_ros2_ws/src/usb_device_driver/src/usb_reader_node.cpp:646:93:[m[K [01;36m[Knote: [m[Kformat string is defined here
[8.275s]   646 |                             RCLCPP_INFO(this->get_logger(), "发布IMU数据消息到ROS2:，长度：[01;36m[K%d[m[K", len);
[8.276s]       |                                                                                            [01;36m[K~^[m[K
[8.276s]       |                                                                                             [01;36m[K|[m[K
[8.276s]       |                                                                                             [01;36m[Kint[m[K
[8.276s]       |                                                                                            [32m[K%ld[m[K
[13.821s] [100%] [32m[1mLinking CXX executable usb_reader_node[0m
[14.151s] [100%] Built target usb_reader_node
[14.163s] Invoked command in '/home/miles/usb_ros2_ws/src/usb_device_driver/build/usb_device_driver' returned '0': CMAKE_PREFIX_PATH=/opt/ros/humble /usr/bin/cmake --build /home/miles/usb_ros2_ws/src/usb_device_driver/build/usb_device_driver -- -j12 -l12
[14.174s] Invoking command in '/home/miles/usb_ros2_ws/src/usb_device_driver/build/usb_device_driver': CMAKE_PREFIX_PATH=/opt/ros/humble /usr/bin/cmake --install /home/miles/usb_ros2_ws/src/usb_device_driver/build/usb_device_driver
[14.181s] -- Install configuration: ""
[14.181s] -- Installing: /home/miles/usb_ros2_ws/src/usb_device_driver/install/usb_device_driver/share/ament_index/resource_index/rosidl_interfaces/usb_device_driver
[14.182s] -- Installing: /home/miles/usb_ros2_ws/src/usb_device_driver/install/usb_device_driver/include/usb_device_driver/usb_device_driver
[14.182s] -- Installing: /home/miles/usb_ros2_ws/src/usb_device_driver/install/usb_device_driver/include/usb_device_driver/usb_device_driver/msg
[14.182s] -- Installing: /home/miles/usb_ros2_ws/src/usb_device_driver/install/usb_device_driver/include/usb_device_driver/usb_device_driver/msg/detail
[14.182s] -- Installing: /home/miles/usb_ros2_ws/src/usb_device_driver/install/usb_device_driver/include/usb_device_driver/usb_device_driver/msg/detail/motors_cmd__struct.h
[14.182s] -- Installing: /home/miles/usb_ros2_ws/src/usb_device_driver/install/usb_device_driver/include/usb_device_driver/usb_device_driver/msg/detail/motors_states__struct.h
[14.182s] -- Installing: /home/miles/usb_ros2_ws/src/usb_device_driver/install/usb_device_driver/include/usb_device_driver/usb_device_driver/msg/detail/motors_cmd__type_support.h
[14.182s] -- Installing: /home/miles/usb_ros2_ws/src/usb_device_driver/install/usb_device_driver/include/usb_device_driver/usb_device_driver/msg/detail/motors_states__functions.c
[14.182s] -- Installing: /home/miles/usb_ros2_ws/src/usb_device_driver/install/usb_device_driver/include/usb_device_driver/usb_device_driver/msg/detail/imu_data__type_support.h
[14.183s] -- Installing: /home/miles/usb_ros2_ws/src/usb_device_driver/install/usb_device_driver/include/usb_device_driver/usb_device_driver/msg/detail/imu_data__functions.h
[14.183s] -- Installing: /home/miles/usb_ros2_ws/src/usb_device_driver/install/usb_device_driver/include/usb_device_driver/usb_device_driver/msg/detail/motors_cmd__functions.c
[14.183s] -- Installing: /home/miles/usb_ros2_ws/src/usb_device_driver/install/usb_device_driver/include/usb_device_driver/usb_device_driver/msg/detail/motors_states__type_support.h
[14.183s] -- Installing: /home/miles/usb_ros2_ws/src/usb_device_driver/install/usb_device_driver/include/usb_device_driver/usb_device_driver/msg/detail/motors_cmd__functions.h
[14.183s] -- Installing: /home/miles/usb_ros2_ws/src/usb_device_driver/install/usb_device_driver/include/usb_device_driver/usb_device_driver/msg/detail/imu_data__functions.c
[14.184s] -- Installing: /home/miles/usb_ros2_ws/src/usb_device_driver/install/usb_device_driver/include/usb_device_driver/usb_device_driver/msg/detail/motors_states__functions.h
[14.184s] -- Installing: /home/miles/usb_ros2_ws/src/usb_device_driver/install/usb_device_driver/include/usb_device_driver/usb_device_driver/msg/detail/imu_data__struct.h
[14.184s] -- Installing: /home/miles/usb_ros2_ws/src/usb_device_driver/install/usb_device_driver/include/usb_device_driver/usb_device_driver/msg/rosidl_generator_c__visibility_control.h
[14.184s] -- Installing: /home/miles/usb_ros2_ws/src/usb_device_driver/install/usb_device_driver/include/usb_device_driver/usb_device_driver/msg/motors_cmd.h
[14.184s] -- Installing: /home/miles/usb_ros2_ws/src/usb_device_driver/install/usb_device_driver/include/usb_device_driver/usb_device_driver/msg/motors_states.h
[14.184s] -- Installing: /home/miles/usb_ros2_ws/src/usb_device_driver/install/usb_device_driver/include/usb_device_driver/usb_device_driver/msg/imu_data.h
[14.184s] -- Installing: /home/miles/usb_ros2_ws/src/usb_device_driver/install/usb_device_driver/share/usb_device_driver/environment/library_path.sh
[14.185s] -- Installing: /home/miles/usb_ros2_ws/src/usb_device_driver/install/usb_device_driver/share/usb_device_driver/environment/library_path.dsv
[14.185s] -- Installing: /home/miles/usb_ros2_ws/src/usb_device_driver/install/usb_device_driver/lib/libusb_device_driver__rosidl_generator_c.so
[14.186s] -- Set runtime path of "/home/miles/usb_ros2_ws/src/usb_device_driver/install/usb_device_driver/lib/libusb_device_driver__rosidl_generator_c.so" to ""
[14.186s] -- Up-to-date: /home/miles/usb_ros2_ws/src/usb_device_driver/install/usb_device_driver/include/usb_device_driver/usb_device_driver
[14.186s] -- Up-to-date: /home/miles/usb_ros2_ws/src/usb_device_driver/install/usb_device_driver/include/usb_device_driver/usb_device_driver/msg
[14.186s] -- Up-to-date: /home/miles/usb_ros2_ws/src/usb_device_driver/install/usb_device_driver/include/usb_device_driver/usb_device_driver/msg/detail
[14.186s] -- Installing: /home/miles/usb_ros2_ws/src/usb_device_driver/install/usb_device_driver/include/usb_device_driver/usb_device_driver/msg/detail/motors_states__rosidl_typesupport_fastrtps_c.h
[14.186s] -- Installing: /home/miles/usb_ros2_ws/src/usb_device_driver/install/usb_device_driver/include/usb_device_driver/usb_device_driver/msg/detail/imu_data__rosidl_typesupport_fastrtps_c.h
[14.186s] -- Installing: /home/miles/usb_ros2_ws/src/usb_device_driver/install/usb_device_driver/include/usb_device_driver/usb_device_driver/msg/detail/motors_cmd__rosidl_typesupport_fastrtps_c.h
[14.186s] -- Installing: /home/miles/usb_ros2_ws/src/usb_device_driver/install/usb_device_driver/include/usb_device_driver/usb_device_driver/msg/rosidl_typesupport_fastrtps_c__visibility_control.h
[14.186s] -- Installing: /home/miles/usb_ros2_ws/src/usb_device_driver/install/usb_device_driver/lib/libusb_device_driver__rosidl_typesupport_fastrtps_c.so
[14.187s] -- Set runtime path of "/home/miles/usb_ros2_ws/src/usb_device_driver/install/usb_device_driver/lib/libusb_device_driver__rosidl_typesupport_fastrtps_c.so" to ""
[14.187s] -- Up-to-date: /home/miles/usb_ros2_ws/src/usb_device_driver/install/usb_device_driver/include/usb_device_driver/usb_device_driver
[14.187s] -- Up-to-date: /home/miles/usb_ros2_ws/src/usb_device_driver/install/usb_device_driver/include/usb_device_driver/usb_device_driver/msg
[14.187s] -- Up-to-date: /home/miles/usb_ros2_ws/src/usb_device_driver/install/usb_device_driver/include/usb_device_driver/usb_device_driver/msg/detail
[14.187s] -- Installing: /home/miles/usb_ros2_ws/src/usb_device_driver/install/usb_device_driver/include/usb_device_driver/usb_device_driver/msg/detail/imu_data__builder.hpp
[14.187s] -- Installing: /home/miles/usb_ros2_ws/src/usb_device_driver/install/usb_device_driver/include/usb_device_driver/usb_device_driver/msg/detail/imu_data__type_support.hpp
[14.187s] -- Installing: /home/miles/usb_ros2_ws/src/usb_device_driver/install/usb_device_driver/include/usb_device_driver/usb_device_driver/msg/detail/motors_states__type_support.hpp
[14.187s] -- Installing: /home/miles/usb_ros2_ws/src/usb_device_driver/install/usb_device_driver/include/usb_device_driver/usb_device_driver/msg/detail/motors_cmd__struct.hpp
[14.188s] -- Installing: /home/miles/usb_ros2_ws/src/usb_device_driver/install/usb_device_driver/include/usb_device_driver/usb_device_driver/msg/detail/motors_cmd__traits.hpp
[14.188s] -- Installing: /home/miles/usb_ros2_ws/src/usb_device_driver/install/usb_device_driver/include/usb_device_driver/usb_device_driver/msg/detail/motors_states__struct.hpp
[14.188s] -- Installing: /home/miles/usb_ros2_ws/src/usb_device_driver/install/usb_device_driver/include/usb_device_driver/usb_device_driver/msg/detail/imu_data__traits.hpp
[14.188s] -- Installing: /home/miles/usb_ros2_ws/src/usb_device_driver/install/usb_device_driver/include/usb_device_driver/usb_device_driver/msg/detail/motors_states__builder.hpp
[14.188s] -- Installing: /home/miles/usb_ros2_ws/src/usb_device_driver/install/usb_device_driver/include/usb_device_driver/usb_device_driver/msg/detail/imu_data__struct.hpp
[14.188s] -- Installing: /home/miles/usb_ros2_ws/src/usb_device_driver/install/usb_device_driver/include/usb_device_driver/usb_device_driver/msg/detail/motors_states__traits.hpp
[14.188s] -- Installing: /home/miles/usb_ros2_ws/src/usb_device_driver/install/usb_device_driver/include/usb_device_driver/usb_device_driver/msg/detail/motors_cmd__builder.hpp
[14.188s] -- Installing: /home/miles/usb_ros2_ws/src/usb_device_driver/install/usb_device_driver/include/usb_device_driver/usb_device_driver/msg/detail/motors_cmd__type_support.hpp
[14.188s] -- Installing: /home/miles/usb_ros2_ws/src/usb_device_driver/install/usb_device_driver/include/usb_device_driver/usb_device_driver/msg/motors_states.hpp
[14.189s] -- Installing: /home/miles/usb_ros2_ws/src/usb_device_driver/install/usb_device_driver/include/usb_device_driver/usb_device_driver/msg/motors_cmd.hpp
[14.189s] -- Installing: /home/miles/usb_ros2_ws/src/usb_device_driver/install/usb_device_driver/include/usb_device_driver/usb_device_driver/msg/rosidl_generator_cpp__visibility_control.hpp
[14.189s] -- Installing: /home/miles/usb_ros2_ws/src/usb_device_driver/install/usb_device_driver/include/usb_device_driver/usb_device_driver/msg/imu_data.hpp
[14.189s] -- Up-to-date: /home/miles/usb_ros2_ws/src/usb_device_driver/install/usb_device_driver/include/usb_device_driver/usb_device_driver
[14.189s] -- Up-to-date: /home/miles/usb_ros2_ws/src/usb_device_driver/install/usb_device_driver/include/usb_device_driver/usb_device_driver/msg
[14.189s] -- Up-to-date: /home/miles/usb_ros2_ws/src/usb_device_driver/install/usb_device_driver/include/usb_device_driver/usb_device_driver/msg/detail
[14.189s] -- Installing: /home/miles/usb_ros2_ws/src/usb_device_driver/install/usb_device_driver/include/usb_device_driver/usb_device_driver/msg/detail/dds_fastrtps
[14.189s] -- Installing: /home/miles/usb_ros2_ws/src/usb_device_driver/install/usb_device_driver/include/usb_device_driver/usb_device_driver/msg/detail/motors_cmd__rosidl_typesupport_fastrtps_cpp.hpp
[14.189s] -- Installing: /home/miles/usb_ros2_ws/src/usb_device_driver/install/usb_device_driver/include/usb_device_driver/usb_device_driver/msg/detail/motors_states__rosidl_typesupport_fastrtps_cpp.hpp
[14.189s] -- Installing: /home/miles/usb_ros2_ws/src/usb_device_driver/install/usb_device_driver/include/usb_device_driver/usb_device_driver/msg/detail/imu_data__rosidl_typesupport_fastrtps_cpp.hpp
[14.189s] -- Installing: /home/miles/usb_ros2_ws/src/usb_device_driver/install/usb_device_driver/include/usb_device_driver/usb_device_driver/msg/rosidl_typesupport_fastrtps_cpp__visibility_control.h
[14.190s] -- Installing: /home/miles/usb_ros2_ws/src/usb_device_driver/install/usb_device_driver/lib/libusb_device_driver__rosidl_typesupport_fastrtps_cpp.so
[14.190s] -- Set runtime path of "/home/miles/usb_ros2_ws/src/usb_device_driver/install/usb_device_driver/lib/libusb_device_driver__rosidl_typesupport_fastrtps_cpp.so" to ""
[14.190s] -- Up-to-date: /home/miles/usb_ros2_ws/src/usb_device_driver/install/usb_device_driver/include/usb_device_driver/usb_device_driver
[14.190s] -- Up-to-date: /home/miles/usb_ros2_ws/src/usb_device_driver/install/usb_device_driver/include/usb_device_driver/usb_device_driver/msg
[14.190s] -- Up-to-date: /home/miles/usb_ros2_ws/src/usb_device_driver/install/usb_device_driver/include/usb_device_driver/usb_device_driver/msg/detail
[14.190s] -- Installing: /home/miles/usb_ros2_ws/src/usb_device_driver/install/usb_device_driver/include/usb_device_driver/usb_device_driver/msg/detail/motors_cmd__rosidl_typesupport_introspection_c.h
[14.190s] -- Installing: /home/miles/usb_ros2_ws/src/usb_device_driver/install/usb_device_driver/include/usb_device_driver/usb_device_driver/msg/detail/imu_data__rosidl_typesupport_introspection_c.h
[14.190s] -- Installing: /home/miles/usb_ros2_ws/src/usb_device_driver/install/usb_device_driver/include/usb_device_driver/usb_device_driver/msg/detail/imu_data__type_support.c
[14.191s] -- Installing: /home/miles/usb_ros2_ws/src/usb_device_driver/install/usb_device_driver/include/usb_device_driver/usb_device_driver/msg/detail/motors_cmd__type_support.c
[14.191s] -- Installing: /home/miles/usb_ros2_ws/src/usb_device_driver/install/usb_device_driver/include/usb_device_driver/usb_device_driver/msg/detail/motors_states__rosidl_typesupport_introspection_c.h
[14.191s] -- Installing: /home/miles/usb_ros2_ws/src/usb_device_driver/install/usb_device_driver/include/usb_device_driver/usb_device_driver/msg/detail/motors_states__type_support.c
[14.191s] -- Installing: /home/miles/usb_ros2_ws/src/usb_device_driver/install/usb_device_driver/include/usb_device_driver/usb_device_driver/msg/rosidl_typesupport_introspection_c__visibility_control.h
[14.191s] -- Installing: /home/miles/usb_ros2_ws/src/usb_device_driver/install/usb_device_driver/lib/libusb_device_driver__rosidl_typesupport_introspection_c.so
[14.191s] -- Set runtime path of "/home/miles/usb_ros2_ws/src/usb_device_driver/install/usb_device_driver/lib/libusb_device_driver__rosidl_typesupport_introspection_c.so" to ""
[14.192s] -- Installing: /home/miles/usb_ros2_ws/src/usb_device_driver/install/usb_device_driver/lib/libusb_device_driver__rosidl_typesupport_c.so
[14.192s] -- Set runtime path of "/home/miles/usb_ros2_ws/src/usb_device_driver/install/usb_device_driver/lib/libusb_device_driver__rosidl_typesupport_c.so" to ""
[14.192s] -- Up-to-date: /home/miles/usb_ros2_ws/src/usb_device_driver/install/usb_device_driver/include/usb_device_driver/usb_device_driver
[14.192s] -- Up-to-date: /home/miles/usb_ros2_ws/src/usb_device_driver/install/usb_device_driver/include/usb_device_driver/usb_device_driver/msg
[14.192s] -- Up-to-date: /home/miles/usb_ros2_ws/src/usb_device_driver/install/usb_device_driver/include/usb_device_driver/usb_device_driver/msg/detail
[14.192s] -- Installing: /home/miles/usb_ros2_ws/src/usb_device_driver/install/usb_device_driver/include/usb_device_driver/usb_device_driver/msg/detail/motors_cmd__type_support.cpp
[14.192s] -- Installing: /home/miles/usb_ros2_ws/src/usb_device_driver/install/usb_device_driver/include/usb_device_driver/usb_device_driver/msg/detail/motors_states__rosidl_typesupport_introspection_cpp.hpp
[14.192s] -- Installing: /home/miles/usb_ros2_ws/src/usb_device_driver/install/usb_device_driver/include/usb_device_driver/usb_device_driver/msg/detail/imu_data__type_support.cpp
[14.192s] -- Installing: /home/miles/usb_ros2_ws/src/usb_device_driver/install/usb_device_driver/include/usb_device_driver/usb_device_driver/msg/detail/motors_cmd__rosidl_typesupport_introspection_cpp.hpp
[14.192s] -- Installing: /home/miles/usb_ros2_ws/src/usb_device_driver/install/usb_device_driver/include/usb_device_driver/usb_device_driver/msg/detail/imu_data__rosidl_typesupport_introspection_cpp.hpp
[14.193s] -- Installing: /home/miles/usb_ros2_ws/src/usb_device_driver/install/usb_device_driver/include/usb_device_driver/usb_device_driver/msg/detail/motors_states__type_support.cpp
[14.193s] -- Installing: /home/miles/usb_ros2_ws/src/usb_device_driver/install/usb_device_driver/lib/libusb_device_driver__rosidl_typesupport_introspection_cpp.so
[14.193s] -- Set runtime path of "/home/miles/usb_ros2_ws/src/usb_device_driver/install/usb_device_driver/lib/libusb_device_driver__rosidl_typesupport_introspection_cpp.so" to ""
[14.193s] -- Installing: /home/miles/usb_ros2_ws/src/usb_device_driver/install/usb_device_driver/lib/libusb_device_driver__rosidl_typesupport_cpp.so
[14.194s] -- Set runtime path of "/home/miles/usb_ros2_ws/src/usb_device_driver/install/usb_device_driver/lib/libusb_device_driver__rosidl_typesupport_cpp.so" to ""
[14.194s] -- Installing: /home/miles/usb_ros2_ws/src/usb_device_driver/install/usb_device_driver/share/usb_device_driver/environment/pythonpath.sh
[14.194s] -- Installing: /home/miles/usb_ros2_ws/src/usb_device_driver/install/usb_device_driver/share/usb_device_driver/environment/pythonpath.dsv
[14.194s] -- Installing: /home/miles/usb_ros2_ws/src/usb_device_driver/install/usb_device_driver/local/lib/python3.10/dist-packages/usb_device_driver-0.0.0-py3.10.egg-info
[14.194s] -- Installing: /home/miles/usb_ros2_ws/src/usb_device_driver/install/usb_device_driver/local/lib/python3.10/dist-packages/usb_device_driver-0.0.0-py3.10.egg-info/SOURCES.txt
[14.194s] -- Installing: /home/miles/usb_ros2_ws/src/usb_device_driver/install/usb_device_driver/local/lib/python3.10/dist-packages/usb_device_driver-0.0.0-py3.10.egg-info/dependency_links.txt
[14.194s] -- Installing: /home/miles/usb_ros2_ws/src/usb_device_driver/install/usb_device_driver/local/lib/python3.10/dist-packages/usb_device_driver-0.0.0-py3.10.egg-info/top_level.txt
[14.194s] -- Installing: /home/miles/usb_ros2_ws/src/usb_device_driver/install/usb_device_driver/local/lib/python3.10/dist-packages/usb_device_driver-0.0.0-py3.10.egg-info/PKG-INFO
[14.195s] -- Installing: /home/miles/usb_ros2_ws/src/usb_device_driver/install/usb_device_driver/local/lib/python3.10/dist-packages/usb_device_driver
[14.195s] -- Installing: /home/miles/usb_ros2_ws/src/usb_device_driver/install/usb_device_driver/local/lib/python3.10/dist-packages/usb_device_driver/libusb_device_driver__rosidl_generator_py.so
[14.195s] -- Installing: /home/miles/usb_ros2_ws/src/usb_device_driver/install/usb_device_driver/local/lib/python3.10/dist-packages/usb_device_driver/usb_device_driver_s__rosidl_typesupport_fastrtps_c.cpython-310-x86_64-linux-gnu.so
[14.195s] -- Installing: /home/miles/usb_ros2_ws/src/usb_device_driver/install/usb_device_driver/local/lib/python3.10/dist-packages/usb_device_driver/msg
[14.195s] -- Installing: /home/miles/usb_ros2_ws/src/usb_device_driver/install/usb_device_driver/local/lib/python3.10/dist-packages/usb_device_driver/msg/_imu_data.py
[14.195s] -- Installing: /home/miles/usb_ros2_ws/src/usb_device_driver/install/usb_device_driver/local/lib/python3.10/dist-packages/usb_device_driver/msg/_motors_cmd_s.c
[14.195s] -- Installing: /home/miles/usb_ros2_ws/src/usb_device_driver/install/usb_device_driver/local/lib/python3.10/dist-packages/usb_device_driver/msg/_motors_cmd.py
[14.195s] -- Installing: /home/miles/usb_ros2_ws/src/usb_device_driver/install/usb_device_driver/local/lib/python3.10/dist-packages/usb_device_driver/msg/_imu_data_s.c
[14.196s] -- Installing: /home/miles/usb_ros2_ws/src/usb_device_driver/install/usb_device_driver/local/lib/python3.10/dist-packages/usb_device_driver/msg/_motors_states_s.c
[14.196s] -- Installing: /home/miles/usb_ros2_ws/src/usb_device_driver/install/usb_device_driver/local/lib/python3.10/dist-packages/usb_device_driver/msg/_motors_states.py
[14.196s] -- Installing: /home/miles/usb_ros2_ws/src/usb_device_driver/install/usb_device_driver/local/lib/python3.10/dist-packages/usb_device_driver/msg/__init__.py
[14.196s] -- Installing: /home/miles/usb_ros2_ws/src/usb_device_driver/install/usb_device_driver/local/lib/python3.10/dist-packages/usb_device_driver/_usb_device_driver_s.ep.rosidl_typesupport_c.c
[14.196s] -- Installing: /home/miles/usb_ros2_ws/src/usb_device_driver/install/usb_device_driver/local/lib/python3.10/dist-packages/usb_device_driver/_usb_device_driver_s.ep.rosidl_typesupport_fastrtps_c.c
[14.196s] -- Installing: /home/miles/usb_ros2_ws/src/usb_device_driver/install/usb_device_driver/local/lib/python3.10/dist-packages/usb_device_driver/usb_device_driver_s__rosidl_typesupport_c.cpython-310-x86_64-linux-gnu.so
[14.196s] -- Installing: /home/miles/usb_ros2_ws/src/usb_device_driver/install/usb_device_driver/local/lib/python3.10/dist-packages/usb_device_driver/usb_device_driver_s__rosidl_typesupport_introspection_c.cpython-310-x86_64-linux-gnu.so
[14.197s] -- Installing: /home/miles/usb_ros2_ws/src/usb_device_driver/install/usb_device_driver/local/lib/python3.10/dist-packages/usb_device_driver/__init__.py
[14.197s] -- Installing: /home/miles/usb_ros2_ws/src/usb_device_driver/install/usb_device_driver/local/lib/python3.10/dist-packages/usb_device_driver/_usb_device_driver_s.ep.rosidl_typesupport_introspection_c.c
[14.227s] Listing '/home/miles/usb_ros2_ws/src/usb_device_driver/install/usb_device_driver/local/lib/python3.10/dist-packages/usb_device_driver'...
[14.227s] Compiling '/home/miles/usb_ros2_ws/src/usb_device_driver/install/usb_device_driver/local/lib/python3.10/dist-packages/usb_device_driver/__init__.py'...
[14.227s] Listing '/home/miles/usb_ros2_ws/src/usb_device_driver/install/usb_device_driver/local/lib/python3.10/dist-packages/usb_device_driver/msg'...
[14.227s] Compiling '/home/miles/usb_ros2_ws/src/usb_device_driver/install/usb_device_driver/local/lib/python3.10/dist-packages/usb_device_driver/msg/__init__.py'...
[14.227s] Compiling '/home/miles/usb_ros2_ws/src/usb_device_driver/install/usb_device_driver/local/lib/python3.10/dist-packages/usb_device_driver/msg/_imu_data.py'...
[14.227s] Compiling '/home/miles/usb_ros2_ws/src/usb_device_driver/install/usb_device_driver/local/lib/python3.10/dist-packages/usb_device_driver/msg/_motors_cmd.py'...
[14.227s] Compiling '/home/miles/usb_ros2_ws/src/usb_device_driver/install/usb_device_driver/local/lib/python3.10/dist-packages/usb_device_driver/msg/_motors_states.py'...
[14.230s] -- Installing: /home/miles/usb_ros2_ws/src/usb_device_driver/install/usb_device_driver/local/lib/python3.10/dist-packages/usb_device_driver/usb_device_driver_s__rosidl_typesupport_fastrtps_c.cpython-310-x86_64-linux-gnu.so
[14.231s] -- Set runtime path of "/home/miles/usb_ros2_ws/src/usb_device_driver/install/usb_device_driver/local/lib/python3.10/dist-packages/usb_device_driver/usb_device_driver_s__rosidl_typesupport_fastrtps_c.cpython-310-x86_64-linux-gnu.so" to ""
[14.231s] -- Installing: /home/miles/usb_ros2_ws/src/usb_device_driver/install/usb_device_driver/local/lib/python3.10/dist-packages/usb_device_driver/usb_device_driver_s__rosidl_typesupport_introspection_c.cpython-310-x86_64-linux-gnu.so
[14.231s] -- Set runtime path of "/home/miles/usb_ros2_ws/src/usb_device_driver/install/usb_device_driver/local/lib/python3.10/dist-packages/usb_device_driver/usb_device_driver_s__rosidl_typesupport_introspection_c.cpython-310-x86_64-linux-gnu.so" to ""
[14.231s] -- Installing: /home/miles/usb_ros2_ws/src/usb_device_driver/install/usb_device_driver/local/lib/python3.10/dist-packages/usb_device_driver/usb_device_driver_s__rosidl_typesupport_c.cpython-310-x86_64-linux-gnu.so
[14.231s] -- Set runtime path of "/home/miles/usb_ros2_ws/src/usb_device_driver/install/usb_device_driver/local/lib/python3.10/dist-packages/usb_device_driver/usb_device_driver_s__rosidl_typesupport_c.cpython-310-x86_64-linux-gnu.so" to ""
[14.231s] -- Installing: /home/miles/usb_ros2_ws/src/usb_device_driver/install/usb_device_driver/lib/libusb_device_driver__rosidl_generator_py.so
[14.232s] -- Set runtime path of "/home/miles/usb_ros2_ws/src/usb_device_driver/install/usb_device_driver/lib/libusb_device_driver__rosidl_generator_py.so" to ""
[14.232s] -- Installing: /home/miles/usb_ros2_ws/src/usb_device_driver/install/usb_device_driver/share/usb_device_driver/msg/IMUData.idl
[14.232s] -- Installing: /home/miles/usb_ros2_ws/src/usb_device_driver/install/usb_device_driver/share/usb_device_driver/msg/MotorsCmd.idl
[14.232s] -- Installing: /home/miles/usb_ros2_ws/src/usb_device_driver/install/usb_device_driver/share/usb_device_driver/msg/MotorsStates.idl
[14.232s] -- Installing: /home/miles/usb_ros2_ws/src/usb_device_driver/install/usb_device_driver/share/usb_device_driver/msg/IMUData.msg
[14.232s] -- Installing: /home/miles/usb_ros2_ws/src/usb_device_driver/install/usb_device_driver/share/usb_device_driver/msg/MotorsCmd.msg
[14.233s] -- Installing: /home/miles/usb_ros2_ws/src/usb_device_driver/install/usb_device_driver/share/usb_device_driver/msg/MotorsStates.msg
[14.233s] -- Installing: /home/miles/usb_ros2_ws/src/usb_device_driver/install/usb_device_driver/lib/usb_device_driver/usb_reader_node
[14.238s] -- Set runtime path of "/home/miles/usb_ros2_ws/src/usb_device_driver/install/usb_device_driver/lib/usb_device_driver/usb_reader_node" to ""
[14.238s] -- Up-to-date: /home/miles/usb_ros2_ws/src/usb_device_driver/install/usb_device_driver/lib/usb_device_driver/usb_reader_node
[14.238s] -- Up-to-date: /home/miles/usb_ros2_ws/src/usb_device_driver/install/usb_device_driver/include/
[14.238s] -- Up-to-date: /home/miles/usb_ros2_ws/src/usb_device_driver/install/usb_device_driver/include//usb_device_driver
[14.238s] -- Installing: /home/miles/usb_ros2_ws/src/usb_device_driver/install/usb_device_driver/include//usb_device_driver/usb_reader_node.hpp
[14.238s] -- Installing: /home/miles/usb_ros2_ws/src/usb_device_driver/install/usb_device_driver/share/usb_device_driver//launch
[14.238s] -- Installing: /home/miles/usb_ros2_ws/src/usb_device_driver/install/usb_device_driver/share/usb_device_driver//launch/usb_reader.launch.py
[14.238s] -- Installing: /home/miles/usb_ros2_ws/src/usb_device_driver/install/usb_device_driver/share/usb_device_driver//config
[14.238s] -- Installing: /home/miles/usb_ros2_ws/src/usb_device_driver/install/usb_device_driver/share/usb_device_driver//config/usb_reader.yaml
[14.239s] -- Installing: /home/miles/usb_ros2_ws/src/usb_device_driver/install/usb_device_driver/share/ament_index/resource_index/package_run_dependencies/usb_device_driver
[14.239s] -- Installing: /home/miles/usb_ros2_ws/src/usb_device_driver/install/usb_device_driver/share/ament_index/resource_index/parent_prefix_path/usb_device_driver
[14.239s] -- Installing: /home/miles/usb_ros2_ws/src/usb_device_driver/install/usb_device_driver/share/usb_device_driver/environment/ament_prefix_path.sh
[14.239s] -- Installing: /home/miles/usb_ros2_ws/src/usb_device_driver/install/usb_device_driver/share/usb_device_driver/environment/ament_prefix_path.dsv
[14.239s] -- Installing: /home/miles/usb_ros2_ws/src/usb_device_driver/install/usb_device_driver/share/usb_device_driver/environment/path.sh
[14.239s] -- Installing: /home/miles/usb_ros2_ws/src/usb_device_driver/install/usb_device_driver/share/usb_device_driver/environment/path.dsv
[14.239s] -- Installing: /home/miles/usb_ros2_ws/src/usb_device_driver/install/usb_device_driver/share/usb_device_driver/local_setup.bash
[14.240s] -- Installing: /home/miles/usb_ros2_ws/src/usb_device_driver/install/usb_device_driver/share/usb_device_driver/local_setup.sh
[14.240s] -- Installing: /home/miles/usb_ros2_ws/src/usb_device_driver/install/usb_device_driver/share/usb_device_driver/local_setup.zsh
[14.240s] -- Installing: /home/miles/usb_ros2_ws/src/usb_device_driver/install/usb_device_driver/share/usb_device_driver/local_setup.dsv
[14.240s] -- Installing: /home/miles/usb_ros2_ws/src/usb_device_driver/install/usb_device_driver/share/usb_device_driver/package.dsv
[14.240s] -- Installing: /home/miles/usb_ros2_ws/src/usb_device_driver/install/usb_device_driver/share/ament_index/resource_index/packages/usb_device_driver
[14.240s] -- Installing: /home/miles/usb_ros2_ws/src/usb_device_driver/install/usb_device_driver/share/usb_device_driver/cmake/export_usb_device_driver__rosidl_generator_cExport.cmake
[14.241s] -- Installing: /home/miles/usb_ros2_ws/src/usb_device_driver/install/usb_device_driver/share/usb_device_driver/cmake/export_usb_device_driver__rosidl_generator_cExport-noconfig.cmake
[14.241s] -- Installing: /home/miles/usb_ros2_ws/src/usb_device_driver/install/usb_device_driver/share/usb_device_driver/cmake/export_usb_device_driver__rosidl_typesupport_fastrtps_cExport.cmake
[14.241s] -- Installing: /home/miles/usb_ros2_ws/src/usb_device_driver/install/usb_device_driver/share/usb_device_driver/cmake/export_usb_device_driver__rosidl_typesupport_fastrtps_cExport-noconfig.cmake
[14.241s] -- Installing: /home/miles/usb_ros2_ws/src/usb_device_driver/install/usb_device_driver/share/usb_device_driver/cmake/export_usb_device_driver__rosidl_generator_cppExport.cmake
[14.241s] -- Installing: /home/miles/usb_ros2_ws/src/usb_device_driver/install/usb_device_driver/share/usb_device_driver/cmake/export_usb_device_driver__rosidl_typesupport_fastrtps_cppExport.cmake
[14.241s] -- Installing: /home/miles/usb_ros2_ws/src/usb_device_driver/install/usb_device_driver/share/usb_device_driver/cmake/export_usb_device_driver__rosidl_typesupport_fastrtps_cppExport-noconfig.cmake
[14.241s] -- Installing: /home/miles/usb_ros2_ws/src/usb_device_driver/install/usb_device_driver/share/usb_device_driver/cmake/usb_device_driver__rosidl_typesupport_introspection_cExport.cmake
[14.242s] -- Installing: /home/miles/usb_ros2_ws/src/usb_device_driver/install/usb_device_driver/share/usb_device_driver/cmake/usb_device_driver__rosidl_typesupport_introspection_cExport-noconfig.cmake
[14.242s] -- Installing: /home/miles/usb_ros2_ws/src/usb_device_driver/install/usb_device_driver/share/usb_device_driver/cmake/usb_device_driver__rosidl_typesupport_cExport.cmake
[14.242s] -- Installing: /home/miles/usb_ros2_ws/src/usb_device_driver/install/usb_device_driver/share/usb_device_driver/cmake/usb_device_driver__rosidl_typesupport_cExport-noconfig.cmake
[14.242s] -- Installing: /home/miles/usb_ros2_ws/src/usb_device_driver/install/usb_device_driver/share/usb_device_driver/cmake/usb_device_driver__rosidl_typesupport_introspection_cppExport.cmake
[14.242s] -- Installing: /home/miles/usb_ros2_ws/src/usb_device_driver/install/usb_device_driver/share/usb_device_driver/cmake/usb_device_driver__rosidl_typesupport_introspection_cppExport-noconfig.cmake
[14.242s] -- Installing: /home/miles/usb_ros2_ws/src/usb_device_driver/install/usb_device_driver/share/usb_device_driver/cmake/usb_device_driver__rosidl_typesupport_cppExport.cmake
[14.243s] -- Installing: /home/miles/usb_ros2_ws/src/usb_device_driver/install/usb_device_driver/share/usb_device_driver/cmake/usb_device_driver__rosidl_typesupport_cppExport-noconfig.cmake
[14.243s] -- Installing: /home/miles/usb_ros2_ws/src/usb_device_driver/install/usb_device_driver/share/usb_device_driver/cmake/export_usb_device_driver__rosidl_generator_pyExport.cmake
[14.243s] -- Installing: /home/miles/usb_ros2_ws/src/usb_device_driver/install/usb_device_driver/share/usb_device_driver/cmake/export_usb_device_driver__rosidl_generator_pyExport-noconfig.cmake
[14.243s] -- Installing: /home/miles/usb_ros2_ws/src/usb_device_driver/install/usb_device_driver/share/usb_device_driver/cmake/rosidl_cmake-extras.cmake
[14.243s] -- Installing: /home/miles/usb_ros2_ws/src/usb_device_driver/install/usb_device_driver/share/usb_device_driver/cmake/ament_cmake_export_dependencies-extras.cmake
[14.243s] -- Installing: /home/miles/usb_ros2_ws/src/usb_device_driver/install/usb_device_driver/share/usb_device_driver/cmake/ament_cmake_export_include_directories-extras.cmake
[14.243s] -- Installing: /home/miles/usb_ros2_ws/src/usb_device_driver/install/usb_device_driver/share/usb_device_driver/cmake/ament_cmake_export_libraries-extras.cmake
[14.243s] -- Installing: /home/miles/usb_ros2_ws/src/usb_device_driver/install/usb_device_driver/share/usb_device_driver/cmake/ament_cmake_export_targets-extras.cmake
[14.244s] -- Installing: /home/miles/usb_ros2_ws/src/usb_device_driver/install/usb_device_driver/share/usb_device_driver/cmake/rosidl_cmake_export_typesupport_targets-extras.cmake
[14.244s] -- Installing: /home/miles/usb_ros2_ws/src/usb_device_driver/install/usb_device_driver/share/usb_device_driver/cmake/rosidl_cmake_export_typesupport_libraries-extras.cmake
[14.244s] -- Installing: /home/miles/usb_ros2_ws/src/usb_device_driver/install/usb_device_driver/share/usb_device_driver/cmake/usb_device_driverConfig.cmake
[14.244s] -- Installing: /home/miles/usb_ros2_ws/src/usb_device_driver/install/usb_device_driver/share/usb_device_driver/cmake/usb_device_driverConfig-version.cmake
[14.244s] -- Installing: /home/miles/usb_ros2_ws/src/usb_device_driver/install/usb_device_driver/share/usb_device_driver/package.xml
[14.247s] Invoked command in '/home/miles/usb_ros2_ws/src/usb_device_driver/build/usb_device_driver' returned '0': CMAKE_PREFIX_PATH=/opt/ros/humble /usr/bin/cmake --install /home/miles/usb_ros2_ws/src/usb_device_driver/build/usb_device_driver
