[0.009s] Invoking command in '/home/miles/usb_ros2_ws/build/usb_device_driver': CMAKE_PREFIX_PATH=/opt/ros/humble /usr/bin/cmake /home/miles/usb_ros2_ws/src/usb_device_driver -DCMAKE_INSTALL_PREFIX=/home/miles/usb_ros2_ws/install/usb_device_driver
[0.020s] -- Found ament_cmake: 1.3.13 (/opt/ros/humble/share/ament_cmake/cmake)
[0.116s] -- Found rclcpp: 16.0.18 (/opt/ros/humble/share/rclcpp/cmake)
[0.139s] -- Found rosidl_generator_c: 3.1.8 (/opt/ros/humble/share/rosidl_generator_c/cmake)
[0.141s] -- Found rosidl_adapter: 3.1.8 (/opt/ros/humble/share/rosidl_adapter/cmake)
[0.145s] -- Found rosidl_generator_cpp: 3.1.8 (/opt/ros/humble/share/rosidl_generator_cpp/cmake)
[0.152s] -- Using all available rosidl_typesupport_c: rosidl_typesupport_fastrtps_c;rosidl_typesupport_introspection_c
[0.161s] -- Using all available rosidl_typesupport_cpp: rosidl_typesupport_fastrtps_cpp;rosidl_typesupport_introspection_cpp
[0.183s] -- Found rmw_implementation_cmake: 6.1.2 (/opt/ros/humble/share/rmw_implementation_cmake/cmake)
[0.184s] -- Found rmw_fastrtps_cpp: 6.2.10 (/opt/ros/humble/share/rmw_fastrtps_cpp/cmake)
[0.277s] -- Using RMW implementation 'rmw_fastrtps_cpp' as default
[0.313s] -- Found geometry_msgs: 4.9.1 (/opt/ros/humble/share/geometry_msgs/cmake)
[0.322s] -- Found rosidl_default_generators: 1.2.0 (/opt/ros/humble/share/rosidl_default_generators/cmake)
[0.562s] -- Found ament_cmake_ros: 0.10.0 (/opt/ros/humble/share/ament_cmake_ros/cmake)
[0.894s] -- Using all available rosidl_typesupport_c: rosidl_typesupport_fastrtps_c;rosidl_typesupport_introspection_c
[1.021s] -- Using all available rosidl_typesupport_cpp: rosidl_typesupport_fastrtps_cpp;rosidl_typesupport_introspection_cpp
[1.039s] -- Found python_cmake_module: 0.10.0 (/opt/ros/humble/share/python_cmake_module/cmake)
[1.058s] -- Using PYTHON_EXECUTABLE: /usr/bin/python3
[1.058s] -- Using PYTHON_INCLUDE_DIRS: /usr/include/python3.10
[1.058s] -- Using PYTHON_LIBRARIES: /usr/lib/x86_64-linux-gnu/libpython3.10.so
[1.090s] -- Configuring done
[1.125s] -- Generating done
[1.137s] -- Build files have been written to: /home/miles/usb_ros2_ws/build/usb_device_driver
[1.145s] Invoked command in '/home/miles/usb_ros2_ws/build/usb_device_driver' returned '0': CMAKE_PREFIX_PATH=/opt/ros/humble /usr/bin/cmake /home/miles/usb_ros2_ws/src/usb_device_driver -DCMAKE_INSTALL_PREFIX=/home/miles/usb_ros2_ws/install/usb_device_driver
[1.146s] Invoking command in '/home/miles/usb_ros2_ws/build/usb_device_driver': CMAKE_PREFIX_PATH=/opt/ros/humble /usr/bin/cmake --build /home/miles/usb_ros2_ws/build/usb_device_driver -- -j12 -l12
[1.186s] [35m[1mConsolidate compiler generated dependencies of target usb_device_driver__rosidl_generator_c[0m
[1.195s] [  2%] Built target usb_device_driver__cpp
[1.196s] [ 12%] Built target usb_device_driver__rosidl_generator_c
[1.204s] [ 12%] Built target ament_cmake_python_copy_usb_device_driver
[1.204s] [35m[1mConsolidate compiler generated dependencies of target usb_device_driver__rosidl_typesupport_fastrtps_cpp[0m
[1.204s] [35m[1mConsolidate compiler generated dependencies of target usb_device_driver__rosidl_typesupport_cpp[0m
[1.204s] [35m[1mConsolidate compiler generated dependencies of target usb_device_driver__rosidl_typesupport_introspection_cpp[0m
[1.205s] [35m[1mConsolidate compiler generated dependencies of target usb_device_driver__rosidl_typesupport_introspection_c[0m
[1.205s] [35m[1mConsolidate compiler generated dependencies of target usb_device_driver__rosidl_typesupport_c[0m
[1.206s] [35m[1mConsolidate compiler generated dependencies of target usb_device_driver__rosidl_typesupport_fastrtps_c[0m
[1.216s] [ 22%] Built target usb_device_driver__rosidl_typesupport_c
[1.216s] [ 32%] Built target usb_device_driver__rosidl_typesupport_cpp
[1.217s] [ 50%] Built target usb_device_driver__rosidl_typesupport_introspection_cpp
[1.217s] [ 52%] Built target usb_device_driver__rosidl_typesupport_introspection_c
[1.218s] [ 62%] Built target usb_device_driver__rosidl_typesupport_fastrtps_cpp
[1.224s] [ 72%] Built target usb_device_driver__rosidl_typesupport_fastrtps_c
[1.233s] [ 76%] [32mBuilding CXX object CMakeFiles/usb_reader_node.dir/src/usb_reader_node.cpp.o[0m
[1.233s] [ 76%] [32mBuilding CXX object CMakeFiles/usb_reader_node.dir/src/main.cpp.o[0m
[1.242s] [ 76%] Built target usb_device_driver
[1.263s] [ 78%] Built target usb_device_driver__py
[1.283s] [ 84%] [32mBuilding C object CMakeFiles/usb_device_driver__rosidl_generator_py.dir/rosidl_generator_py/usb_device_driver/msg/_imu_data_s.c.o[0m
[1.283s] [ 84%] [32mBuilding C object CMakeFiles/usb_device_driver__rosidl_generator_py.dir/rosidl_generator_py/usb_device_driver/msg/_motors_cmd_s.c.o[0m
[1.283s] [ 84%] [32mBuilding C object CMakeFiles/usb_device_driver__rosidl_generator_py.dir/rosidl_generator_py/usb_device_driver/msg/_motors_states_s.c.o[0m
[1.386s] [ 86%] [32m[1mLinking C shared library rosidl_generator_py/usb_device_driver/libusb_device_driver__rosidl_generator_py.so[0m
[1.403s] running egg_info
[1.404s] writing usb_device_driver.egg-info/PKG-INFO
[1.404s] writing dependency_links to usb_device_driver.egg-info/dependency_links.txt
[1.404s] writing top-level names to usb_device_driver.egg-info/top_level.txt
[1.406s] reading manifest file 'usb_device_driver.egg-info/SOURCES.txt'
[1.406s] writing manifest file 'usb_device_driver.egg-info/SOURCES.txt'
[1.429s] [ 86%] Built target usb_device_driver__rosidl_generator_py
[1.438s] [ 86%] Built target ament_cmake_python_build_usb_device_driver_egg
[1.448s] [ 90%] [32mBuilding C object CMakeFiles/usb_device_driver__rosidl_typesupport_introspection_c__pyext.dir/rosidl_generator_py/usb_device_driver/_usb_device_driver_s.ep.rosidl_typesupport_introspection_c.c.o[0m
[1.448s] [ 90%] [32mBuilding C object CMakeFiles/usb_device_driver__rosidl_typesupport_fastrtps_c__pyext.dir/rosidl_generator_py/usb_device_driver/_usb_device_driver_s.ep.rosidl_typesupport_fastrtps_c.c.o[0m
[1.448s] [ 92%] [32mBuilding C object CMakeFiles/usb_device_driver__rosidl_typesupport_c__pyext.dir/rosidl_generator_py/usb_device_driver/_usb_device_driver_s.ep.rosidl_typesupport_c.c.o[0m
[1.536s] [ 94%] [32m[1mLinking C shared library rosidl_generator_py/usb_device_driver/usb_device_driver_s__rosidl_typesupport_c.cpython-310-x86_64-linux-gnu.so[0m
[1.537s] [ 96%] [32m[1mLinking C shared library rosidl_generator_py/usb_device_driver/usb_device_driver_s__rosidl_typesupport_introspection_c.cpython-310-x86_64-linux-gnu.so[0m
[1.537s] [ 98%] [32m[1mLinking C shared library rosidl_generator_py/usb_device_driver/usb_device_driver_s__rosidl_typesupport_fastrtps_c.cpython-310-x86_64-linux-gnu.so[0m
[1.573s] [ 98%] Built target usb_device_driver__rosidl_typesupport_fastrtps_c__pyext
[1.574s] [ 98%] Built target usb_device_driver__rosidl_typesupport_introspection_c__pyext
[1.574s] [ 98%] Built target usb_device_driver__rosidl_typesupport_c__pyext
[5.131s] [100%] [32m[1mLinking CXX executable usb_reader_node[0m
[5.313s] [100%] Built target usb_reader_node
[5.326s] Invoked command in '/home/miles/usb_ros2_ws/build/usb_device_driver' returned '0': CMAKE_PREFIX_PATH=/opt/ros/humble /usr/bin/cmake --build /home/miles/usb_ros2_ws/build/usb_device_driver -- -j12 -l12
[5.336s] Invoking command in '/home/miles/usb_ros2_ws/build/usb_device_driver': CMAKE_PREFIX_PATH=/opt/ros/humble /usr/bin/cmake --install /home/miles/usb_ros2_ws/build/usb_device_driver
[5.343s] -- Install configuration: ""
[5.343s] -- Installing: /home/miles/usb_ros2_ws/install/usb_device_driver/share/ament_index/resource_index/rosidl_interfaces/usb_device_driver
[5.343s] -- Installing: /home/miles/usb_ros2_ws/install/usb_device_driver/include/usb_device_driver/usb_device_driver
[5.343s] -- Installing: /home/miles/usb_ros2_ws/install/usb_device_driver/include/usb_device_driver/usb_device_driver/msg
[5.343s] -- Installing: /home/miles/usb_ros2_ws/install/usb_device_driver/include/usb_device_driver/usb_device_driver/msg/detail
[5.343s] -- Installing: /home/miles/usb_ros2_ws/install/usb_device_driver/include/usb_device_driver/usb_device_driver/msg/detail/motors_cmd__struct.h
[5.343s] -- Installing: /home/miles/usb_ros2_ws/install/usb_device_driver/include/usb_device_driver/usb_device_driver/msg/detail/motors_states__struct.h
[5.343s] -- Installing: /home/miles/usb_ros2_ws/install/usb_device_driver/include/usb_device_driver/usb_device_driver/msg/detail/motors_cmd__type_support.h
[5.343s] -- Installing: /home/miles/usb_ros2_ws/install/usb_device_driver/include/usb_device_driver/usb_device_driver/msg/detail/motors_states__functions.c
[5.344s] -- Installing: /home/miles/usb_ros2_ws/install/usb_device_driver/include/usb_device_driver/usb_device_driver/msg/detail/imu_data__type_support.h
[5.344s] -- Installing: /home/miles/usb_ros2_ws/install/usb_device_driver/include/usb_device_driver/usb_device_driver/msg/detail/imu_data__functions.h
[5.344s] -- Installing: /home/miles/usb_ros2_ws/install/usb_device_driver/include/usb_device_driver/usb_device_driver/msg/detail/motors_cmd__functions.c
[5.344s] -- Installing: /home/miles/usb_ros2_ws/install/usb_device_driver/include/usb_device_driver/usb_device_driver/msg/detail/motors_states__type_support.h
[5.344s] -- Installing: /home/miles/usb_ros2_ws/install/usb_device_driver/include/usb_device_driver/usb_device_driver/msg/detail/motors_cmd__functions.h
[5.344s] -- Installing: /home/miles/usb_ros2_ws/install/usb_device_driver/include/usb_device_driver/usb_device_driver/msg/detail/imu_data__functions.c
[5.344s] -- Installing: /home/miles/usb_ros2_ws/install/usb_device_driver/include/usb_device_driver/usb_device_driver/msg/detail/motors_states__functions.h
[5.344s] -- Installing: /home/miles/usb_ros2_ws/install/usb_device_driver/include/usb_device_driver/usb_device_driver/msg/detail/imu_data__struct.h
[5.344s] -- Installing: /home/miles/usb_ros2_ws/install/usb_device_driver/include/usb_device_driver/usb_device_driver/msg/rosidl_generator_c__visibility_control.h
[5.345s] -- Installing: /home/miles/usb_ros2_ws/install/usb_device_driver/include/usb_device_driver/usb_device_driver/msg/motors_cmd.h
[5.345s] -- Installing: /home/miles/usb_ros2_ws/install/usb_device_driver/include/usb_device_driver/usb_device_driver/msg/motors_states.h
[5.345s] -- Installing: /home/miles/usb_ros2_ws/install/usb_device_driver/include/usb_device_driver/usb_device_driver/msg/imu_data.h
[5.345s] -- Installing: /home/miles/usb_ros2_ws/install/usb_device_driver/share/usb_device_driver/environment/library_path.sh
[5.345s] -- Installing: /home/miles/usb_ros2_ws/install/usb_device_driver/share/usb_device_driver/environment/library_path.dsv
[5.345s] -- Installing: /home/miles/usb_ros2_ws/install/usb_device_driver/lib/libusb_device_driver__rosidl_generator_c.so
[5.346s] -- Set runtime path of "/home/miles/usb_ros2_ws/install/usb_device_driver/lib/libusb_device_driver__rosidl_generator_c.so" to ""
[5.346s] -- Up-to-date: /home/miles/usb_ros2_ws/install/usb_device_driver/include/usb_device_driver/usb_device_driver
[5.346s] -- Up-to-date: /home/miles/usb_ros2_ws/install/usb_device_driver/include/usb_device_driver/usb_device_driver/msg
[5.346s] -- Up-to-date: /home/miles/usb_ros2_ws/install/usb_device_driver/include/usb_device_driver/usb_device_driver/msg/detail
[5.346s] -- Installing: /home/miles/usb_ros2_ws/install/usb_device_driver/include/usb_device_driver/usb_device_driver/msg/detail/motors_states__rosidl_typesupport_fastrtps_c.h
[5.346s] -- Installing: /home/miles/usb_ros2_ws/install/usb_device_driver/include/usb_device_driver/usb_device_driver/msg/detail/imu_data__rosidl_typesupport_fastrtps_c.h
[5.346s] -- Installing: /home/miles/usb_ros2_ws/install/usb_device_driver/include/usb_device_driver/usb_device_driver/msg/detail/motors_cmd__rosidl_typesupport_fastrtps_c.h
[5.346s] -- Installing: /home/miles/usb_ros2_ws/install/usb_device_driver/include/usb_device_driver/usb_device_driver/msg/rosidl_typesupport_fastrtps_c__visibility_control.h
[5.347s] -- Installing: /home/miles/usb_ros2_ws/install/usb_device_driver/lib/libusb_device_driver__rosidl_typesupport_fastrtps_c.so
[5.347s] -- Set runtime path of "/home/miles/usb_ros2_ws/install/usb_device_driver/lib/libusb_device_driver__rosidl_typesupport_fastrtps_c.so" to ""
[5.348s] -- Up-to-date: /home/miles/usb_ros2_ws/install/usb_device_driver/include/usb_device_driver/usb_device_driver
[5.348s] -- Up-to-date: /home/miles/usb_ros2_ws/install/usb_device_driver/include/usb_device_driver/usb_device_driver/msg
[5.348s] -- Up-to-date: /home/miles/usb_ros2_ws/install/usb_device_driver/include/usb_device_driver/usb_device_driver/msg/detail
[5.348s] -- Installing: /home/miles/usb_ros2_ws/install/usb_device_driver/include/usb_device_driver/usb_device_driver/msg/detail/imu_data__builder.hpp
[5.348s] -- Installing: /home/miles/usb_ros2_ws/install/usb_device_driver/include/usb_device_driver/usb_device_driver/msg/detail/imu_data__type_support.hpp
[5.348s] -- Installing: /home/miles/usb_ros2_ws/install/usb_device_driver/include/usb_device_driver/usb_device_driver/msg/detail/motors_states__type_support.hpp
[5.348s] -- Installing: /home/miles/usb_ros2_ws/install/usb_device_driver/include/usb_device_driver/usb_device_driver/msg/detail/motors_cmd__struct.hpp
[5.348s] -- Installing: /home/miles/usb_ros2_ws/install/usb_device_driver/include/usb_device_driver/usb_device_driver/msg/detail/motors_cmd__traits.hpp
[5.348s] -- Installing: /home/miles/usb_ros2_ws/install/usb_device_driver/include/usb_device_driver/usb_device_driver/msg/detail/motors_states__struct.hpp
[5.349s] -- Installing: /home/miles/usb_ros2_ws/install/usb_device_driver/include/usb_device_driver/usb_device_driver/msg/detail/imu_data__traits.hpp
[5.349s] -- Installing: /home/miles/usb_ros2_ws/install/usb_device_driver/include/usb_device_driver/usb_device_driver/msg/detail/motors_states__builder.hpp
[5.349s] -- Installing: /home/miles/usb_ros2_ws/install/usb_device_driver/include/usb_device_driver/usb_device_driver/msg/detail/imu_data__struct.hpp
[5.349s] -- Installing: /home/miles/usb_ros2_ws/install/usb_device_driver/include/usb_device_driver/usb_device_driver/msg/detail/motors_states__traits.hpp
[5.349s] -- Installing: /home/miles/usb_ros2_ws/install/usb_device_driver/include/usb_device_driver/usb_device_driver/msg/detail/motors_cmd__builder.hpp
[5.349s] -- Installing: /home/miles/usb_ros2_ws/install/usb_device_driver/include/usb_device_driver/usb_device_driver/msg/detail/motors_cmd__type_support.hpp
[5.349s] -- Installing: /home/miles/usb_ros2_ws/install/usb_device_driver/include/usb_device_driver/usb_device_driver/msg/motors_states.hpp
[5.349s] -- Installing: /home/miles/usb_ros2_ws/install/usb_device_driver/include/usb_device_driver/usb_device_driver/msg/motors_cmd.hpp
[5.349s] -- Installing: /home/miles/usb_ros2_ws/install/usb_device_driver/include/usb_device_driver/usb_device_driver/msg/rosidl_generator_cpp__visibility_control.hpp
[5.349s] -- Installing: /home/miles/usb_ros2_ws/install/usb_device_driver/include/usb_device_driver/usb_device_driver/msg/imu_data.hpp
[5.349s] -- Up-to-date: /home/miles/usb_ros2_ws/install/usb_device_driver/include/usb_device_driver/usb_device_driver
[5.349s] -- Up-to-date: /home/miles/usb_ros2_ws/install/usb_device_driver/include/usb_device_driver/usb_device_driver/msg
[5.350s] -- Up-to-date: /home/miles/usb_ros2_ws/install/usb_device_driver/include/usb_device_driver/usb_device_driver/msg/detail
[5.350s] -- Installing: /home/miles/usb_ros2_ws/install/usb_device_driver/include/usb_device_driver/usb_device_driver/msg/detail/dds_fastrtps
[5.350s] -- Installing: /home/miles/usb_ros2_ws/install/usb_device_driver/include/usb_device_driver/usb_device_driver/msg/detail/motors_cmd__rosidl_typesupport_fastrtps_cpp.hpp
[5.350s] -- Installing: /home/miles/usb_ros2_ws/install/usb_device_driver/include/usb_device_driver/usb_device_driver/msg/detail/motors_states__rosidl_typesupport_fastrtps_cpp.hpp
[5.350s] -- Installing: /home/miles/usb_ros2_ws/install/usb_device_driver/include/usb_device_driver/usb_device_driver/msg/detail/imu_data__rosidl_typesupport_fastrtps_cpp.hpp
[5.350s] -- Installing: /home/miles/usb_ros2_ws/install/usb_device_driver/include/usb_device_driver/usb_device_driver/msg/rosidl_typesupport_fastrtps_cpp__visibility_control.h
[5.350s] -- Installing: /home/miles/usb_ros2_ws/install/usb_device_driver/lib/libusb_device_driver__rosidl_typesupport_fastrtps_cpp.so
[5.350s] -- Set runtime path of "/home/miles/usb_ros2_ws/install/usb_device_driver/lib/libusb_device_driver__rosidl_typesupport_fastrtps_cpp.so" to ""
[5.351s] -- Up-to-date: /home/miles/usb_ros2_ws/install/usb_device_driver/include/usb_device_driver/usb_device_driver
[5.351s] -- Up-to-date: /home/miles/usb_ros2_ws/install/usb_device_driver/include/usb_device_driver/usb_device_driver/msg
[5.351s] -- Up-to-date: /home/miles/usb_ros2_ws/install/usb_device_driver/include/usb_device_driver/usb_device_driver/msg/detail
[5.351s] -- Installing: /home/miles/usb_ros2_ws/install/usb_device_driver/include/usb_device_driver/usb_device_driver/msg/detail/motors_cmd__rosidl_typesupport_introspection_c.h
[5.351s] -- Installing: /home/miles/usb_ros2_ws/install/usb_device_driver/include/usb_device_driver/usb_device_driver/msg/detail/imu_data__rosidl_typesupport_introspection_c.h
[5.351s] -- Installing: /home/miles/usb_ros2_ws/install/usb_device_driver/include/usb_device_driver/usb_device_driver/msg/detail/imu_data__type_support.c
[5.351s] -- Installing: /home/miles/usb_ros2_ws/install/usb_device_driver/include/usb_device_driver/usb_device_driver/msg/detail/motors_cmd__type_support.c
[5.351s] -- Installing: /home/miles/usb_ros2_ws/install/usb_device_driver/include/usb_device_driver/usb_device_driver/msg/detail/motors_states__rosidl_typesupport_introspection_c.h
[5.351s] -- Installing: /home/miles/usb_ros2_ws/install/usb_device_driver/include/usb_device_driver/usb_device_driver/msg/detail/motors_states__type_support.c
[5.351s] -- Installing: /home/miles/usb_ros2_ws/install/usb_device_driver/include/usb_device_driver/usb_device_driver/msg/rosidl_typesupport_introspection_c__visibility_control.h
[5.351s] -- Installing: /home/miles/usb_ros2_ws/install/usb_device_driver/lib/libusb_device_driver__rosidl_typesupport_introspection_c.so
[5.352s] -- Set runtime path of "/home/miles/usb_ros2_ws/install/usb_device_driver/lib/libusb_device_driver__rosidl_typesupport_introspection_c.so" to ""
[5.352s] -- Installing: /home/miles/usb_ros2_ws/install/usb_device_driver/lib/libusb_device_driver__rosidl_typesupport_c.so
[5.352s] -- Set runtime path of "/home/miles/usb_ros2_ws/install/usb_device_driver/lib/libusb_device_driver__rosidl_typesupport_c.so" to ""
[5.352s] -- Up-to-date: /home/miles/usb_ros2_ws/install/usb_device_driver/include/usb_device_driver/usb_device_driver
[5.352s] -- Up-to-date: /home/miles/usb_ros2_ws/install/usb_device_driver/include/usb_device_driver/usb_device_driver/msg
[5.352s] -- Up-to-date: /home/miles/usb_ros2_ws/install/usb_device_driver/include/usb_device_driver/usb_device_driver/msg/detail
[5.352s] -- Installing: /home/miles/usb_ros2_ws/install/usb_device_driver/include/usb_device_driver/usb_device_driver/msg/detail/motors_cmd__type_support.cpp
[5.353s] -- Installing: /home/miles/usb_ros2_ws/install/usb_device_driver/include/usb_device_driver/usb_device_driver/msg/detail/motors_states__rosidl_typesupport_introspection_cpp.hpp
[5.353s] -- Installing: /home/miles/usb_ros2_ws/install/usb_device_driver/include/usb_device_driver/usb_device_driver/msg/detail/imu_data__type_support.cpp
[5.353s] -- Installing: /home/miles/usb_ros2_ws/install/usb_device_driver/include/usb_device_driver/usb_device_driver/msg/detail/motors_cmd__rosidl_typesupport_introspection_cpp.hpp
[5.353s] -- Installing: /home/miles/usb_ros2_ws/install/usb_device_driver/include/usb_device_driver/usb_device_driver/msg/detail/imu_data__rosidl_typesupport_introspection_cpp.hpp
[5.353s] -- Installing: /home/miles/usb_ros2_ws/install/usb_device_driver/include/usb_device_driver/usb_device_driver/msg/detail/motors_states__type_support.cpp
[5.353s] -- Installing: /home/miles/usb_ros2_ws/install/usb_device_driver/lib/libusb_device_driver__rosidl_typesupport_introspection_cpp.so
[5.354s] -- Set runtime path of "/home/miles/usb_ros2_ws/install/usb_device_driver/lib/libusb_device_driver__rosidl_typesupport_introspection_cpp.so" to ""
[5.354s] -- Installing: /home/miles/usb_ros2_ws/install/usb_device_driver/lib/libusb_device_driver__rosidl_typesupport_cpp.so
[5.355s] -- Set runtime path of "/home/miles/usb_ros2_ws/install/usb_device_driver/lib/libusb_device_driver__rosidl_typesupport_cpp.so" to ""
[5.355s] -- Installing: /home/miles/usb_ros2_ws/install/usb_device_driver/share/usb_device_driver/environment/pythonpath.sh
[5.355s] -- Installing: /home/miles/usb_ros2_ws/install/usb_device_driver/share/usb_device_driver/environment/pythonpath.dsv
[5.355s] -- Installing: /home/miles/usb_ros2_ws/install/usb_device_driver/local/lib/python3.10/dist-packages/usb_device_driver-0.0.0-py3.10.egg-info
[5.355s] -- Installing: /home/miles/usb_ros2_ws/install/usb_device_driver/local/lib/python3.10/dist-packages/usb_device_driver-0.0.0-py3.10.egg-info/SOURCES.txt
[5.355s] -- Installing: /home/miles/usb_ros2_ws/install/usb_device_driver/local/lib/python3.10/dist-packages/usb_device_driver-0.0.0-py3.10.egg-info/dependency_links.txt
[5.355s] -- Installing: /home/miles/usb_ros2_ws/install/usb_device_driver/local/lib/python3.10/dist-packages/usb_device_driver-0.0.0-py3.10.egg-info/top_level.txt
[5.355s] -- Installing: /home/miles/usb_ros2_ws/install/usb_device_driver/local/lib/python3.10/dist-packages/usb_device_driver-0.0.0-py3.10.egg-info/PKG-INFO
[5.356s] -- Installing: /home/miles/usb_ros2_ws/install/usb_device_driver/local/lib/python3.10/dist-packages/usb_device_driver
[5.356s] -- Installing: /home/miles/usb_ros2_ws/install/usb_device_driver/local/lib/python3.10/dist-packages/usb_device_driver/libusb_device_driver__rosidl_generator_py.so
[5.356s] -- Installing: /home/miles/usb_ros2_ws/install/usb_device_driver/local/lib/python3.10/dist-packages/usb_device_driver/usb_device_driver_s__rosidl_typesupport_fastrtps_c.cpython-310-x86_64-linux-gnu.so
[5.356s] -- Installing: /home/miles/usb_ros2_ws/install/usb_device_driver/local/lib/python3.10/dist-packages/usb_device_driver/msg
[5.356s] -- Installing: /home/miles/usb_ros2_ws/install/usb_device_driver/local/lib/python3.10/dist-packages/usb_device_driver/msg/_imu_data.py
[5.356s] -- Installing: /home/miles/usb_ros2_ws/install/usb_device_driver/local/lib/python3.10/dist-packages/usb_device_driver/msg/_motors_cmd_s.c
[5.357s] -- Installing: /home/miles/usb_ros2_ws/install/usb_device_driver/local/lib/python3.10/dist-packages/usb_device_driver/msg/_motors_cmd.py
[5.357s] -- Installing: /home/miles/usb_ros2_ws/install/usb_device_driver/local/lib/python3.10/dist-packages/usb_device_driver/msg/_imu_data_s.c
[5.357s] -- Installing: /home/miles/usb_ros2_ws/install/usb_device_driver/local/lib/python3.10/dist-packages/usb_device_driver/msg/_motors_states_s.c
[5.357s] -- Installing: /home/miles/usb_ros2_ws/install/usb_device_driver/local/lib/python3.10/dist-packages/usb_device_driver/msg/_motors_states.py
[5.357s] -- Installing: /home/miles/usb_ros2_ws/install/usb_device_driver/local/lib/python3.10/dist-packages/usb_device_driver/msg/__init__.py
[5.357s] -- Installing: /home/miles/usb_ros2_ws/install/usb_device_driver/local/lib/python3.10/dist-packages/usb_device_driver/_usb_device_driver_s.ep.rosidl_typesupport_c.c
[5.357s] -- Installing: /home/miles/usb_ros2_ws/install/usb_device_driver/local/lib/python3.10/dist-packages/usb_device_driver/_usb_device_driver_s.ep.rosidl_typesupport_fastrtps_c.c
[5.357s] -- Installing: /home/miles/usb_ros2_ws/install/usb_device_driver/local/lib/python3.10/dist-packages/usb_device_driver/usb_device_driver_s__rosidl_typesupport_c.cpython-310-x86_64-linux-gnu.so
[5.358s] -- Installing: /home/miles/usb_ros2_ws/install/usb_device_driver/local/lib/python3.10/dist-packages/usb_device_driver/usb_device_driver_s__rosidl_typesupport_introspection_c.cpython-310-x86_64-linux-gnu.so
[5.358s] -- Installing: /home/miles/usb_ros2_ws/install/usb_device_driver/local/lib/python3.10/dist-packages/usb_device_driver/__init__.py
[5.358s] -- Installing: /home/miles/usb_ros2_ws/install/usb_device_driver/local/lib/python3.10/dist-packages/usb_device_driver/_usb_device_driver_s.ep.rosidl_typesupport_introspection_c.c
[5.387s] Listing '/home/miles/usb_ros2_ws/install/usb_device_driver/local/lib/python3.10/dist-packages/usb_device_driver'...
[5.387s] Compiling '/home/miles/usb_ros2_ws/install/usb_device_driver/local/lib/python3.10/dist-packages/usb_device_driver/__init__.py'...
[5.388s] Listing '/home/miles/usb_ros2_ws/install/usb_device_driver/local/lib/python3.10/dist-packages/usb_device_driver/msg'...
[5.388s] Compiling '/home/miles/usb_ros2_ws/install/usb_device_driver/local/lib/python3.10/dist-packages/usb_device_driver/msg/__init__.py'...
[5.388s] Compiling '/home/miles/usb_ros2_ws/install/usb_device_driver/local/lib/python3.10/dist-packages/usb_device_driver/msg/_imu_data.py'...
[5.388s] Compiling '/home/miles/usb_ros2_ws/install/usb_device_driver/local/lib/python3.10/dist-packages/usb_device_driver/msg/_motors_cmd.py'...
[5.388s] Compiling '/home/miles/usb_ros2_ws/install/usb_device_driver/local/lib/python3.10/dist-packages/usb_device_driver/msg/_motors_states.py'...
[5.391s] -- Installing: /home/miles/usb_ros2_ws/install/usb_device_driver/local/lib/python3.10/dist-packages/usb_device_driver/usb_device_driver_s__rosidl_typesupport_fastrtps_c.cpython-310-x86_64-linux-gnu.so
[5.391s] -- Set runtime path of "/home/miles/usb_ros2_ws/install/usb_device_driver/local/lib/python3.10/dist-packages/usb_device_driver/usb_device_driver_s__rosidl_typesupport_fastrtps_c.cpython-310-x86_64-linux-gnu.so" to ""
[5.391s] -- Installing: /home/miles/usb_ros2_ws/install/usb_device_driver/local/lib/python3.10/dist-packages/usb_device_driver/usb_device_driver_s__rosidl_typesupport_introspection_c.cpython-310-x86_64-linux-gnu.so
[5.392s] -- Set runtime path of "/home/miles/usb_ros2_ws/install/usb_device_driver/local/lib/python3.10/dist-packages/usb_device_driver/usb_device_driver_s__rosidl_typesupport_introspection_c.cpython-310-x86_64-linux-gnu.so" to ""
[5.392s] -- Installing: /home/miles/usb_ros2_ws/install/usb_device_driver/local/lib/python3.10/dist-packages/usb_device_driver/usb_device_driver_s__rosidl_typesupport_c.cpython-310-x86_64-linux-gnu.so
[5.392s] -- Set runtime path of "/home/miles/usb_ros2_ws/install/usb_device_driver/local/lib/python3.10/dist-packages/usb_device_driver/usb_device_driver_s__rosidl_typesupport_c.cpython-310-x86_64-linux-gnu.so" to ""
[5.392s] -- Installing: /home/miles/usb_ros2_ws/install/usb_device_driver/lib/libusb_device_driver__rosidl_generator_py.so
[5.393s] -- Set runtime path of "/home/miles/usb_ros2_ws/install/usb_device_driver/lib/libusb_device_driver__rosidl_generator_py.so" to ""
[5.393s] -- Installing: /home/miles/usb_ros2_ws/install/usb_device_driver/share/usb_device_driver/msg/IMUData.idl
[5.393s] -- Installing: /home/miles/usb_ros2_ws/install/usb_device_driver/share/usb_device_driver/msg/MotorsCmd.idl
[5.393s] -- Installing: /home/miles/usb_ros2_ws/install/usb_device_driver/share/usb_device_driver/msg/MotorsStates.idl
[5.393s] -- Installing: /home/miles/usb_ros2_ws/install/usb_device_driver/share/usb_device_driver/msg/IMUData.msg
[5.393s] -- Installing: /home/miles/usb_ros2_ws/install/usb_device_driver/share/usb_device_driver/msg/MotorsCmd.msg
[5.393s] -- Installing: /home/miles/usb_ros2_ws/install/usb_device_driver/share/usb_device_driver/msg/MotorsStates.msg
[5.393s] -- Installing: /home/miles/usb_ros2_ws/install/usb_device_driver/lib/usb_device_driver/usb_reader_node
[5.395s] -- Set runtime path of "/home/miles/usb_ros2_ws/install/usb_device_driver/lib/usb_device_driver/usb_reader_node" to ""
[5.395s] -- Up-to-date: /home/miles/usb_ros2_ws/install/usb_device_driver/lib/usb_device_driver/usb_reader_node
[5.395s] -- Up-to-date: /home/miles/usb_ros2_ws/install/usb_device_driver/include/
[5.395s] -- Up-to-date: /home/miles/usb_ros2_ws/install/usb_device_driver/include//usb_device_driver
[5.395s] -- Installing: /home/miles/usb_ros2_ws/install/usb_device_driver/include//usb_device_driver/usb_reader_node.hpp
[5.396s] -- Installing: /home/miles/usb_ros2_ws/install/usb_device_driver/share/usb_device_driver//launch
[5.396s] -- Installing: /home/miles/usb_ros2_ws/install/usb_device_driver/share/usb_device_driver//launch/usb_reader.launch.py
[5.396s] -- Installing: /home/miles/usb_ros2_ws/install/usb_device_driver/share/usb_device_driver//config
[5.396s] -- Installing: /home/miles/usb_ros2_ws/install/usb_device_driver/share/usb_device_driver//config/usb_reader.yaml
[5.396s] -- Installing: /home/miles/usb_ros2_ws/install/usb_device_driver/share/ament_index/resource_index/package_run_dependencies/usb_device_driver
[5.396s] -- Installing: /home/miles/usb_ros2_ws/install/usb_device_driver/share/ament_index/resource_index/parent_prefix_path/usb_device_driver
[5.396s] -- Installing: /home/miles/usb_ros2_ws/install/usb_device_driver/share/usb_device_driver/environment/ament_prefix_path.sh
[5.396s] -- Installing: /home/miles/usb_ros2_ws/install/usb_device_driver/share/usb_device_driver/environment/ament_prefix_path.dsv
[5.397s] -- Installing: /home/miles/usb_ros2_ws/install/usb_device_driver/share/usb_device_driver/environment/path.sh
[5.397s] -- Installing: /home/miles/usb_ros2_ws/install/usb_device_driver/share/usb_device_driver/environment/path.dsv
[5.397s] -- Installing: /home/miles/usb_ros2_ws/install/usb_device_driver/share/usb_device_driver/local_setup.bash
[5.397s] -- Installing: /home/miles/usb_ros2_ws/install/usb_device_driver/share/usb_device_driver/local_setup.sh
[5.397s] -- Installing: /home/miles/usb_ros2_ws/install/usb_device_driver/share/usb_device_driver/local_setup.zsh
[5.397s] -- Installing: /home/miles/usb_ros2_ws/install/usb_device_driver/share/usb_device_driver/local_setup.dsv
[5.397s] -- Installing: /home/miles/usb_ros2_ws/install/usb_device_driver/share/usb_device_driver/package.dsv
[5.397s] -- Installing: /home/miles/usb_ros2_ws/install/usb_device_driver/share/ament_index/resource_index/packages/usb_device_driver
[5.398s] -- Installing: /home/miles/usb_ros2_ws/install/usb_device_driver/share/usb_device_driver/cmake/export_usb_device_driver__rosidl_generator_cExport.cmake
[5.398s] -- Installing: /home/miles/usb_ros2_ws/install/usb_device_driver/share/usb_device_driver/cmake/export_usb_device_driver__rosidl_generator_cExport-noconfig.cmake
[5.398s] -- Installing: /home/miles/usb_ros2_ws/install/usb_device_driver/share/usb_device_driver/cmake/export_usb_device_driver__rosidl_typesupport_fastrtps_cExport.cmake
[5.398s] -- Installing: /home/miles/usb_ros2_ws/install/usb_device_driver/share/usb_device_driver/cmake/export_usb_device_driver__rosidl_typesupport_fastrtps_cExport-noconfig.cmake
[5.398s] -- Installing: /home/miles/usb_ros2_ws/install/usb_device_driver/share/usb_device_driver/cmake/export_usb_device_driver__rosidl_generator_cppExport.cmake
[5.398s] -- Installing: /home/miles/usb_ros2_ws/install/usb_device_driver/share/usb_device_driver/cmake/export_usb_device_driver__rosidl_typesupport_fastrtps_cppExport.cmake
[5.398s] -- Installing: /home/miles/usb_ros2_ws/install/usb_device_driver/share/usb_device_driver/cmake/export_usb_device_driver__rosidl_typesupport_fastrtps_cppExport-noconfig.cmake
[5.399s] -- Installing: /home/miles/usb_ros2_ws/install/usb_device_driver/share/usb_device_driver/cmake/usb_device_driver__rosidl_typesupport_introspection_cExport.cmake
[5.399s] -- Installing: /home/miles/usb_ros2_ws/install/usb_device_driver/share/usb_device_driver/cmake/usb_device_driver__rosidl_typesupport_introspection_cExport-noconfig.cmake
[5.399s] -- Installing: /home/miles/usb_ros2_ws/install/usb_device_driver/share/usb_device_driver/cmake/usb_device_driver__rosidl_typesupport_cExport.cmake
[5.399s] -- Installing: /home/miles/usb_ros2_ws/install/usb_device_driver/share/usb_device_driver/cmake/usb_device_driver__rosidl_typesupport_cExport-noconfig.cmake
[5.399s] -- Installing: /home/miles/usb_ros2_ws/install/usb_device_driver/share/usb_device_driver/cmake/usb_device_driver__rosidl_typesupport_introspection_cppExport.cmake
[5.399s] -- Installing: /home/miles/usb_ros2_ws/install/usb_device_driver/share/usb_device_driver/cmake/usb_device_driver__rosidl_typesupport_introspection_cppExport-noconfig.cmake
[5.399s] -- Installing: /home/miles/usb_ros2_ws/install/usb_device_driver/share/usb_device_driver/cmake/usb_device_driver__rosidl_typesupport_cppExport.cmake
[5.399s] -- Installing: /home/miles/usb_ros2_ws/install/usb_device_driver/share/usb_device_driver/cmake/usb_device_driver__rosidl_typesupport_cppExport-noconfig.cmake
[5.400s] -- Installing: /home/miles/usb_ros2_ws/install/usb_device_driver/share/usb_device_driver/cmake/export_usb_device_driver__rosidl_generator_pyExport.cmake
[5.400s] -- Installing: /home/miles/usb_ros2_ws/install/usb_device_driver/share/usb_device_driver/cmake/export_usb_device_driver__rosidl_generator_pyExport-noconfig.cmake
[5.400s] -- Installing: /home/miles/usb_ros2_ws/install/usb_device_driver/share/usb_device_driver/cmake/rosidl_cmake-extras.cmake
[5.400s] -- Installing: /home/miles/usb_ros2_ws/install/usb_device_driver/share/usb_device_driver/cmake/ament_cmake_export_dependencies-extras.cmake
[5.400s] -- Installing: /home/miles/usb_ros2_ws/install/usb_device_driver/share/usb_device_driver/cmake/ament_cmake_export_include_directories-extras.cmake
[5.400s] -- Installing: /home/miles/usb_ros2_ws/install/usb_device_driver/share/usb_device_driver/cmake/ament_cmake_export_libraries-extras.cmake
[5.400s] -- Installing: /home/miles/usb_ros2_ws/install/usb_device_driver/share/usb_device_driver/cmake/ament_cmake_export_targets-extras.cmake
[5.401s] -- Installing: /home/miles/usb_ros2_ws/install/usb_device_driver/share/usb_device_driver/cmake/rosidl_cmake_export_typesupport_targets-extras.cmake
[5.401s] -- Installing: /home/miles/usb_ros2_ws/install/usb_device_driver/share/usb_device_driver/cmake/rosidl_cmake_export_typesupport_libraries-extras.cmake
[5.401s] -- Installing: /home/miles/usb_ros2_ws/install/usb_device_driver/share/usb_device_driver/cmake/usb_device_driverConfig.cmake
[5.401s] -- Installing: /home/miles/usb_ros2_ws/install/usb_device_driver/share/usb_device_driver/cmake/usb_device_driverConfig-version.cmake
[5.401s] -- Installing: /home/miles/usb_ros2_ws/install/usb_device_driver/share/usb_device_driver/package.xml
[5.404s] Invoked command in '/home/miles/usb_ros2_ws/build/usb_device_driver' returned '0': CMAKE_PREFIX_PATH=/opt/ros/humble /usr/bin/cmake --install /home/miles/usb_ros2_ws/build/usb_device_driver
