[  2%] Built target usb_device_driver__cpp
[ 12%] Built target usb_device_driver__rosidl_generator_c
[ 12%] Built target ament_cmake_python_copy_usb_device_driver
[ 22%] Built target usb_device_driver__rosidl_typesupport_introspection_c
[ 38%] Built target usb_device_driver__rosidl_typesupport_cpp
[ 42%] Built target usb_device_driver__rosidl_typesupport_fastrtps_cpp
[ 52%] Built target usb_device_driver__rosidl_typesupport_introspection_cpp
[ 68%] Built target usb_device_driver__rosidl_typesupport_c
[ 72%] Built target usb_device_driver__rosidl_typesupport_fastrtps_c
[ 72%] Built target usb_device_driver
[ 76%] [32mBuilding CXX object CMakeFiles/usb_reader_node.dir/src/main.cpp.o[0m
[ 76%] [32mBuilding CXX object CMakeFiles/usb_reader_node.dir/src/usb_reader_node.cpp.o[0m
[ 78%] Built target usb_device_driver__py
[ 86%] Built target usb_device_driver__rosidl_generator_py
[ 94%] Built target usb_device_driver__rosidl_typesupport_fastrtps_c__pyext
[ 94%] Built target usb_device_driver__rosidl_typesupport_introspection_c__pyext
[ 98%] Built target usb_device_driver__rosidl_typesupport_c__pyext
running egg_info
writing usb_device_driver.egg-info/PKG-INFO
writing dependency_links to usb_device_driver.egg-info/dependency_links.txt
writing top-level names to usb_device_driver.egg-info/top_level.txt
reading manifest file 'usb_device_driver.egg-info/SOURCES.txt'
writing manifest file 'usb_device_driver.egg-info/SOURCES.txt'
[ 98%] Built target ament_cmake_python_build_usb_device_driver_egg
In file included from [01m[K/home/miles/usb_ros2_ws/src/usb_device_driver/src/usb_reader_node.cpp:1[m[K:
[01m[K/home/miles/usb_ros2_ws/src/usb_device_driver/include/usb_device_driver/usb_reader_node.hpp:15:10:[m[K [01;31m[Kfatal error: [m[Kusb_device_driver/msg/IMUData.hpp: 没有那个文件或目录
   15 | #include [01;31m[K"usb_device_driver/msg/IMUData.hpp"[m[K
      |          [01;31m[K^~~~~~~~~~~~~~~~~~~~~~~~~~~~~~~~~~~[m[K
compilation terminated.
In file included from [01m[K/home/miles/usb_ros2_ws/src/usb_device_driver/src/main.cpp:1[m[K:
[01m[K/home/miles/usb_ros2_ws/src/usb_device_driver/include/usb_device_driver/usb_reader_node.hpp:15:10:[m[K [01;31m[Kfatal error: [m[Kusb_device_driver/msg/IMUData.hpp: 没有那个文件或目录
   15 | #include [01;31m[K"usb_device_driver/msg/IMUData.hpp"[m[K
      |          [01;31m[K^~~~~~~~~~~~~~~~~~~~~~~~~~~~~~~~~~~[m[K
compilation terminated.
gmake[2]: *** [CMakeFiles/usb_reader_node.dir/build.make:90：CMakeFiles/usb_reader_node.dir/src/usb_reader_node.cpp.o] 错误 1
gmake[2]: *** 正在等待未完成的任务....
gmake[2]: *** [CMakeFiles/usb_reader_node.dir/build.make:76：CMakeFiles/usb_reader_node.dir/src/main.cpp.o] 错误 1
gmake[1]: *** [CMakeFiles/Makefile2:593：CMakeFiles/usb_reader_node.dir/all] 错误 2
gmake: *** [Makefile:146：all] 错误 2
