[0.023s] Invoking command in '/home/miles/usb_ros2_ws/src/usb_device_driver/build/usb_device_driver': CMAKE_PREFIX_PATH=${CMAKE_PREFIX_PATH}:/opt/ros/humble /usr/bin/cmake --build /home/miles/usb_ros2_ws/src/usb_device_driver/build/usb_device_driver -- -j12 -l12
[0.145s] [ 10%] Built target usb_device_driver__rosidl_generator_c
[0.149s] [ 12%] Built target usb_device_driver__cpp
[0.168s] [ 12%] Built target ament_cmake_python_copy_usb_device_driver
[0.193s] [ 22%] Built target usb_device_driver__rosidl_typesupport_cpp
[0.203s] [ 32%] Built target usb_device_driver__rosidl_typesupport_introspection_cpp
[0.204s] [ 42%] Built target usb_device_driver__rosidl_typesupport_c
[0.206s] [ 52%] Built target usb_device_driver__rosidl_typesupport_introspection_c
[0.211s] [ 62%] Built target usb_device_driver__rosidl_typesupport_fastrtps_cpp
[0.212s] [ 72%] Built target usb_device_driver__rosidl_typesupport_fastrtps_c
[0.259s] [ 74%] [32mBuilding CXX object CMakeFiles/usb_reader_node.dir/src/main.cpp.o[0m
[0.262s] [ 74%] Built target usb_device_driver
[0.262s] [ 76%] [32mBuilding CXX object CMakeFiles/usb_reader_node.dir/src/usb_reader_node.cpp.o[0m
[0.314s] [ 78%] Built target usb_device_driver__py
[0.366s] [ 86%] Built target usb_device_driver__rosidl_generator_py
[0.407s] [ 90%] Built target usb_device_driver__rosidl_typesupport_introspection_c__pyext
[0.419s] [ 94%] Built target usb_device_driver__rosidl_typesupport_fastrtps_c__pyext
[0.429s] [ 98%] Built target usb_device_driver__rosidl_typesupport_c__pyext
[0.703s] running egg_info
[0.705s] writing usb_device_driver.egg-info/PKG-INFO
[0.705s] writing dependency_links to usb_device_driver.egg-info/dependency_links.txt
[0.706s] writing top-level names to usb_device_driver.egg-info/top_level.txt
[0.710s] reading manifest file 'usb_device_driver.egg-info/SOURCES.txt'
[0.712s] writing manifest file 'usb_device_driver.egg-info/SOURCES.txt'
[0.777s] [ 98%] Built target ament_cmake_python_build_usb_device_driver_egg
[5.179s] In file included from [01m[K/home/miles/usb_ros2_ws/src/usb_device_driver/generated/include/mavlink/v2.0/robot_dog/../protocol.h:4[m[K,
[5.179s]                  from [01m[K/home/miles/usb_ros2_ws/src/usb_device_driver/generated/include/mavlink/v2.0/robot_dog/robot_dog.h:29[m[K,
[5.179s]                  from [01m[K/home/miles/usb_ros2_ws/src/usb_device_driver/generated/include/mavlink/v2.0/robot_dog/mavlink.h:32[m[K,
[5.179s]                  from [01m[K/home/miles/usb_ros2_ws/src/usb_device_driver/include/usb_device_driver/usb_reader_node.hpp:20[m[K,
[5.179s]                  from [01m[K/home/miles/usb_ros2_ws/src/usb_device_driver/src/main.cpp:1[m[K:
[5.179s] [01m[K/home/miles/usb_ros2_ws/src/usb_device_driver/generated/include/mavlink/v2.0/robot_dog/../mavlink_types.h:78:12:[m[K [01;35m[Kwarning: [m[KISO C++ prohibits anonymous structs [[01;35m[K]8;;https://gcc.gnu.org/onlinedocs/gcc/Warning-Options.html#index-Wpedantic-Wpedantic]8;;[m[K]
[5.179s]    78 |     struct [01;35m[K{[m[K
[5.179s]       |            [01;35m[K^[m[K
[5.179s] [01m[K/home/miles/usb_ros2_ws/src/usb_device_driver/generated/include/mavlink/v2.0/robot_dog/../mavlink_types.h:17:40:[m[K [01;36m[Knote: [m[Kin definition of macro ‘[01m[KMAVPACKED[m[K’
[5.180s]    17 |   #define MAVPACKED( __Declaration__ ) [01;36m[K__Declaration__[m[K __attribute__((packed))
[5.180s]       |                                        [01;36m[K^~~~~~~~~~~~~~~[m[K
[5.309s] In file included from [01m[K/home/miles/usb_ros2_ws/src/usb_device_driver/generated/include/mavlink/v2.0/robot_dog/../protocol.h:4[m[K,
[5.309s]                  from [01m[K/home/miles/usb_ros2_ws/src/usb_device_driver/generated/include/mavlink/v2.0/robot_dog/robot_dog.h:29[m[K,
[5.309s]                  from [01m[K/home/miles/usb_ros2_ws/src/usb_device_driver/generated/include/mavlink/v2.0/robot_dog/mavlink.h:32[m[K,
[5.309s]                  from [01m[K/home/miles/usb_ros2_ws/src/usb_device_driver/include/usb_device_driver/usb_reader_node.hpp:20[m[K,
[5.310s]                  from [01m[K/home/miles/usb_ros2_ws/src/usb_device_driver/src/usb_reader_node.cpp:1[m[K:
[5.310s] [01m[K/home/miles/usb_ros2_ws/src/usb_device_driver/generated/include/mavlink/v2.0/robot_dog/../mavlink_types.h:78:12:[m[K [01;35m[Kwarning: [m[KISO C++ prohibits anonymous structs [[01;35m[K]8;;https://gcc.gnu.org/onlinedocs/gcc/Warning-Options.html#index-Wpedantic-Wpedantic]8;;[m[K]
[5.310s]    78 |     struct [01;35m[K{[m[K
[5.310s]       |            [01;35m[K^[m[K
[5.310s] [01m[K/home/miles/usb_ros2_ws/src/usb_device_driver/generated/include/mavlink/v2.0/robot_dog/../mavlink_types.h:17:40:[m[K [01;36m[Knote: [m[Kin definition of macro ‘[01m[KMAVPACKED[m[K’
[5.311s]    17 |   #define MAVPACKED( __Declaration__ ) [01;36m[K__Declaration__[m[K __attribute__((packed))
[5.311s]       |                                        [01;36m[K^~~~~~~~~~~~~~~[m[K
[12.355s] [100%] [32m[1mLinking CXX executable usb_reader_node[0m
[12.685s] [100%] Built target usb_reader_node
[12.699s] Invoked command in '/home/miles/usb_ros2_ws/src/usb_device_driver/build/usb_device_driver' returned '0': CMAKE_PREFIX_PATH=${CMAKE_PREFIX_PATH}:/opt/ros/humble /usr/bin/cmake --build /home/miles/usb_ros2_ws/src/usb_device_driver/build/usb_device_driver -- -j12 -l12
[12.711s] Invoking command in '/home/miles/usb_ros2_ws/src/usb_device_driver/build/usb_device_driver': CMAKE_PREFIX_PATH=${CMAKE_PREFIX_PATH}:/opt/ros/humble /usr/bin/cmake --install /home/miles/usb_ros2_ws/src/usb_device_driver/build/usb_device_driver
[12.719s] -- Install configuration: ""
[12.719s] -- Up-to-date: /home/miles/usb_ros2_ws/src/usb_device_driver/install/usb_device_driver/share/ament_index/resource_index/rosidl_interfaces/usb_device_driver
[12.719s] -- Up-to-date: /home/miles/usb_ros2_ws/src/usb_device_driver/install/usb_device_driver/include/usb_device_driver/usb_device_driver
[12.719s] -- Up-to-date: /home/miles/usb_ros2_ws/src/usb_device_driver/install/usb_device_driver/include/usb_device_driver/usb_device_driver/msg
[12.719s] -- Up-to-date: /home/miles/usb_ros2_ws/src/usb_device_driver/install/usb_device_driver/include/usb_device_driver/usb_device_driver/msg/detail
[12.719s] -- Up-to-date: /home/miles/usb_ros2_ws/src/usb_device_driver/install/usb_device_driver/include/usb_device_driver/usb_device_driver/msg/detail/motors_cmd__struct.h
[12.719s] -- Up-to-date: /home/miles/usb_ros2_ws/src/usb_device_driver/install/usb_device_driver/include/usb_device_driver/usb_device_driver/msg/detail/motors_states__struct.h
[12.719s] -- Up-to-date: /home/miles/usb_ros2_ws/src/usb_device_driver/install/usb_device_driver/include/usb_device_driver/usb_device_driver/msg/detail/motors_cmd__type_support.h
[12.720s] -- Up-to-date: /home/miles/usb_ros2_ws/src/usb_device_driver/install/usb_device_driver/include/usb_device_driver/usb_device_driver/msg/detail/motors_states__functions.c
[12.720s] -- Up-to-date: /home/miles/usb_ros2_ws/src/usb_device_driver/install/usb_device_driver/include/usb_device_driver/usb_device_driver/msg/detail/imu_data__type_support.h
[12.720s] -- Up-to-date: /home/miles/usb_ros2_ws/src/usb_device_driver/install/usb_device_driver/include/usb_device_driver/usb_device_driver/msg/detail/imu_data__functions.h
[12.720s] -- Up-to-date: /home/miles/usb_ros2_ws/src/usb_device_driver/install/usb_device_driver/include/usb_device_driver/usb_device_driver/msg/detail/motors_cmd__functions.c
[12.720s] -- Up-to-date: /home/miles/usb_ros2_ws/src/usb_device_driver/install/usb_device_driver/include/usb_device_driver/usb_device_driver/msg/detail/motors_states__type_support.h
[12.720s] -- Up-to-date: /home/miles/usb_ros2_ws/src/usb_device_driver/install/usb_device_driver/include/usb_device_driver/usb_device_driver/msg/detail/motors_cmd__functions.h
[12.720s] -- Up-to-date: /home/miles/usb_ros2_ws/src/usb_device_driver/install/usb_device_driver/include/usb_device_driver/usb_device_driver/msg/detail/imu_data__functions.c
[12.720s] -- Up-to-date: /home/miles/usb_ros2_ws/src/usb_device_driver/install/usb_device_driver/include/usb_device_driver/usb_device_driver/msg/detail/motors_states__functions.h
[12.720s] -- Up-to-date: /home/miles/usb_ros2_ws/src/usb_device_driver/install/usb_device_driver/include/usb_device_driver/usb_device_driver/msg/detail/imu_data__struct.h
[12.720s] -- Up-to-date: /home/miles/usb_ros2_ws/src/usb_device_driver/install/usb_device_driver/include/usb_device_driver/usb_device_driver/msg/rosidl_generator_c__visibility_control.h
[12.720s] -- Up-to-date: /home/miles/usb_ros2_ws/src/usb_device_driver/install/usb_device_driver/include/usb_device_driver/usb_device_driver/msg/motors_cmd.h
[12.720s] -- Up-to-date: /home/miles/usb_ros2_ws/src/usb_device_driver/install/usb_device_driver/include/usb_device_driver/usb_device_driver/msg/motors_states.h
[12.720s] -- Up-to-date: /home/miles/usb_ros2_ws/src/usb_device_driver/install/usb_device_driver/include/usb_device_driver/usb_device_driver/msg/imu_data.h
[12.720s] -- Up-to-date: /home/miles/usb_ros2_ws/src/usb_device_driver/install/usb_device_driver/share/usb_device_driver/environment/library_path.sh
[12.720s] -- Up-to-date: /home/miles/usb_ros2_ws/src/usb_device_driver/install/usb_device_driver/share/usb_device_driver/environment/library_path.dsv
[12.720s] -- Up-to-date: /home/miles/usb_ros2_ws/src/usb_device_driver/install/usb_device_driver/lib/libusb_device_driver__rosidl_generator_c.so
[12.721s] -- Up-to-date: /home/miles/usb_ros2_ws/src/usb_device_driver/install/usb_device_driver/include/usb_device_driver/usb_device_driver
[12.721s] -- Up-to-date: /home/miles/usb_ros2_ws/src/usb_device_driver/install/usb_device_driver/include/usb_device_driver/usb_device_driver/msg
[12.721s] -- Up-to-date: /home/miles/usb_ros2_ws/src/usb_device_driver/install/usb_device_driver/include/usb_device_driver/usb_device_driver/msg/detail
[12.721s] -- Up-to-date: /home/miles/usb_ros2_ws/src/usb_device_driver/install/usb_device_driver/include/usb_device_driver/usb_device_driver/msg/detail/motors_states__rosidl_typesupport_fastrtps_c.h
[12.721s] -- Up-to-date: /home/miles/usb_ros2_ws/src/usb_device_driver/install/usb_device_driver/include/usb_device_driver/usb_device_driver/msg/detail/imu_data__rosidl_typesupport_fastrtps_c.h
[12.721s] -- Up-to-date: /home/miles/usb_ros2_ws/src/usb_device_driver/install/usb_device_driver/include/usb_device_driver/usb_device_driver/msg/detail/motors_cmd__rosidl_typesupport_fastrtps_c.h
[12.722s] -- Up-to-date: /home/miles/usb_ros2_ws/src/usb_device_driver/install/usb_device_driver/include/usb_device_driver/usb_device_driver/msg/rosidl_typesupport_fastrtps_c__visibility_control.h
[12.722s] -- Up-to-date: /home/miles/usb_ros2_ws/src/usb_device_driver/install/usb_device_driver/lib/libusb_device_driver__rosidl_typesupport_fastrtps_c.so
[12.722s] -- Up-to-date: /home/miles/usb_ros2_ws/src/usb_device_driver/install/usb_device_driver/include/usb_device_driver/usb_device_driver
[12.722s] -- Up-to-date: /home/miles/usb_ros2_ws/src/usb_device_driver/install/usb_device_driver/include/usb_device_driver/usb_device_driver/msg
[12.722s] -- Up-to-date: /home/miles/usb_ros2_ws/src/usb_device_driver/install/usb_device_driver/include/usb_device_driver/usb_device_driver/msg/detail
[12.722s] -- Up-to-date: /home/miles/usb_ros2_ws/src/usb_device_driver/install/usb_device_driver/include/usb_device_driver/usb_device_driver/msg/detail/imu_data__builder.hpp
[12.722s] -- Up-to-date: /home/miles/usb_ros2_ws/src/usb_device_driver/install/usb_device_driver/include/usb_device_driver/usb_device_driver/msg/detail/imu_data__type_support.hpp
[12.722s] -- Up-to-date: /home/miles/usb_ros2_ws/src/usb_device_driver/install/usb_device_driver/include/usb_device_driver/usb_device_driver/msg/detail/motors_states__type_support.hpp
[12.722s] -- Up-to-date: /home/miles/usb_ros2_ws/src/usb_device_driver/install/usb_device_driver/include/usb_device_driver/usb_device_driver/msg/detail/motors_cmd__struct.hpp
[12.722s] -- Up-to-date: /home/miles/usb_ros2_ws/src/usb_device_driver/install/usb_device_driver/include/usb_device_driver/usb_device_driver/msg/detail/motors_cmd__traits.hpp
[12.722s] -- Up-to-date: /home/miles/usb_ros2_ws/src/usb_device_driver/install/usb_device_driver/include/usb_device_driver/usb_device_driver/msg/detail/motors_states__struct.hpp
[12.722s] -- Up-to-date: /home/miles/usb_ros2_ws/src/usb_device_driver/install/usb_device_driver/include/usb_device_driver/usb_device_driver/msg/detail/imu_data__traits.hpp
[12.723s] -- Up-to-date: /home/miles/usb_ros2_ws/src/usb_device_driver/install/usb_device_driver/include/usb_device_driver/usb_device_driver/msg/detail/motors_states__builder.hpp
[12.723s] -- Up-to-date: /home/miles/usb_ros2_ws/src/usb_device_driver/install/usb_device_driver/include/usb_device_driver/usb_device_driver/msg/detail/imu_data__struct.hpp
[12.723s] -- Up-to-date: /home/miles/usb_ros2_ws/src/usb_device_driver/install/usb_device_driver/include/usb_device_driver/usb_device_driver/msg/detail/motors_states__traits.hpp
[12.723s] -- Up-to-date: /home/miles/usb_ros2_ws/src/usb_device_driver/install/usb_device_driver/include/usb_device_driver/usb_device_driver/msg/detail/motors_cmd__builder.hpp
[12.723s] -- Up-to-date: /home/miles/usb_ros2_ws/src/usb_device_driver/install/usb_device_driver/include/usb_device_driver/usb_device_driver/msg/detail/motors_cmd__type_support.hpp
[12.723s] -- Up-to-date: /home/miles/usb_ros2_ws/src/usb_device_driver/install/usb_device_driver/include/usb_device_driver/usb_device_driver/msg/motors_states.hpp
[12.723s] -- Up-to-date: /home/miles/usb_ros2_ws/src/usb_device_driver/install/usb_device_driver/include/usb_device_driver/usb_device_driver/msg/motors_cmd.hpp
[12.723s] -- Up-to-date: /home/miles/usb_ros2_ws/src/usb_device_driver/install/usb_device_driver/include/usb_device_driver/usb_device_driver/msg/rosidl_generator_cpp__visibility_control.hpp
[12.723s] -- Up-to-date: /home/miles/usb_ros2_ws/src/usb_device_driver/install/usb_device_driver/include/usb_device_driver/usb_device_driver/msg/imu_data.hpp
[12.723s] -- Up-to-date: /home/miles/usb_ros2_ws/src/usb_device_driver/install/usb_device_driver/include/usb_device_driver/usb_device_driver
[12.723s] -- Up-to-date: /home/miles/usb_ros2_ws/src/usb_device_driver/install/usb_device_driver/include/usb_device_driver/usb_device_driver/msg
[12.723s] -- Up-to-date: /home/miles/usb_ros2_ws/src/usb_device_driver/install/usb_device_driver/include/usb_device_driver/usb_device_driver/msg/detail
[12.723s] -- Up-to-date: /home/miles/usb_ros2_ws/src/usb_device_driver/install/usb_device_driver/include/usb_device_driver/usb_device_driver/msg/detail/dds_fastrtps
[12.723s] -- Up-to-date: /home/miles/usb_ros2_ws/src/usb_device_driver/install/usb_device_driver/include/usb_device_driver/usb_device_driver/msg/detail/motors_cmd__rosidl_typesupport_fastrtps_cpp.hpp
[12.723s] -- Up-to-date: /home/miles/usb_ros2_ws/src/usb_device_driver/install/usb_device_driver/include/usb_device_driver/usb_device_driver/msg/detail/motors_states__rosidl_typesupport_fastrtps_cpp.hpp
[12.723s] -- Up-to-date: /home/miles/usb_ros2_ws/src/usb_device_driver/install/usb_device_driver/include/usb_device_driver/usb_device_driver/msg/detail/imu_data__rosidl_typesupport_fastrtps_cpp.hpp
[12.723s] -- Up-to-date: /home/miles/usb_ros2_ws/src/usb_device_driver/install/usb_device_driver/include/usb_device_driver/usb_device_driver/msg/rosidl_typesupport_fastrtps_cpp__visibility_control.h
[12.723s] -- Up-to-date: /home/miles/usb_ros2_ws/src/usb_device_driver/install/usb_device_driver/lib/libusb_device_driver__rosidl_typesupport_fastrtps_cpp.so
[12.723s] -- Up-to-date: /home/miles/usb_ros2_ws/src/usb_device_driver/install/usb_device_driver/include/usb_device_driver/usb_device_driver
[12.723s] -- Up-to-date: /home/miles/usb_ros2_ws/src/usb_device_driver/install/usb_device_driver/include/usb_device_driver/usb_device_driver/msg
[12.723s] -- Up-to-date: /home/miles/usb_ros2_ws/src/usb_device_driver/install/usb_device_driver/include/usb_device_driver/usb_device_driver/msg/detail
[12.723s] -- Up-to-date: /home/miles/usb_ros2_ws/src/usb_device_driver/install/usb_device_driver/include/usb_device_driver/usb_device_driver/msg/detail/motors_cmd__rosidl_typesupport_introspection_c.h
[12.724s] -- Up-to-date: /home/miles/usb_ros2_ws/src/usb_device_driver/install/usb_device_driver/include/usb_device_driver/usb_device_driver/msg/detail/imu_data__rosidl_typesupport_introspection_c.h
[12.724s] -- Up-to-date: /home/miles/usb_ros2_ws/src/usb_device_driver/install/usb_device_driver/include/usb_device_driver/usb_device_driver/msg/detail/imu_data__type_support.c
[12.724s] -- Up-to-date: /home/miles/usb_ros2_ws/src/usb_device_driver/install/usb_device_driver/include/usb_device_driver/usb_device_driver/msg/detail/motors_cmd__type_support.c
[12.724s] -- Up-to-date: /home/miles/usb_ros2_ws/src/usb_device_driver/install/usb_device_driver/include/usb_device_driver/usb_device_driver/msg/detail/motors_states__rosidl_typesupport_introspection_c.h
[12.724s] -- Up-to-date: /home/miles/usb_ros2_ws/src/usb_device_driver/install/usb_device_driver/include/usb_device_driver/usb_device_driver/msg/detail/motors_states__type_support.c
[12.724s] -- Up-to-date: /home/miles/usb_ros2_ws/src/usb_device_driver/install/usb_device_driver/include/usb_device_driver/usb_device_driver/msg/rosidl_typesupport_introspection_c__visibility_control.h
[12.724s] -- Up-to-date: /home/miles/usb_ros2_ws/src/usb_device_driver/install/usb_device_driver/lib/libusb_device_driver__rosidl_typesupport_introspection_c.so
[12.724s] -- Up-to-date: /home/miles/usb_ros2_ws/src/usb_device_driver/install/usb_device_driver/lib/libusb_device_driver__rosidl_typesupport_c.so
[12.724s] -- Up-to-date: /home/miles/usb_ros2_ws/src/usb_device_driver/install/usb_device_driver/include/usb_device_driver/usb_device_driver
[12.724s] -- Up-to-date: /home/miles/usb_ros2_ws/src/usb_device_driver/install/usb_device_driver/include/usb_device_driver/usb_device_driver/msg
[12.724s] -- Up-to-date: /home/miles/usb_ros2_ws/src/usb_device_driver/install/usb_device_driver/include/usb_device_driver/usb_device_driver/msg/detail
[12.724s] -- Up-to-date: /home/miles/usb_ros2_ws/src/usb_device_driver/install/usb_device_driver/include/usb_device_driver/usb_device_driver/msg/detail/motors_cmd__type_support.cpp
[12.724s] -- Up-to-date: /home/miles/usb_ros2_ws/src/usb_device_driver/install/usb_device_driver/include/usb_device_driver/usb_device_driver/msg/detail/motors_states__rosidl_typesupport_introspection_cpp.hpp
[12.724s] -- Up-to-date: /home/miles/usb_ros2_ws/src/usb_device_driver/install/usb_device_driver/include/usb_device_driver/usb_device_driver/msg/detail/imu_data__type_support.cpp
[12.724s] -- Up-to-date: /home/miles/usb_ros2_ws/src/usb_device_driver/install/usb_device_driver/include/usb_device_driver/usb_device_driver/msg/detail/motors_cmd__rosidl_typesupport_introspection_cpp.hpp
[12.724s] -- Up-to-date: /home/miles/usb_ros2_ws/src/usb_device_driver/install/usb_device_driver/include/usb_device_driver/usb_device_driver/msg/detail/imu_data__rosidl_typesupport_introspection_cpp.hpp
[12.724s] -- Up-to-date: /home/miles/usb_ros2_ws/src/usb_device_driver/install/usb_device_driver/include/usb_device_driver/usb_device_driver/msg/detail/motors_states__type_support.cpp
[12.724s] -- Up-to-date: /home/miles/usb_ros2_ws/src/usb_device_driver/install/usb_device_driver/lib/libusb_device_driver__rosidl_typesupport_introspection_cpp.so
[12.724s] -- Up-to-date: /home/miles/usb_ros2_ws/src/usb_device_driver/install/usb_device_driver/lib/libusb_device_driver__rosidl_typesupport_cpp.so
[12.725s] -- Up-to-date: /home/miles/usb_ros2_ws/src/usb_device_driver/install/usb_device_driver/share/usb_device_driver/environment/pythonpath.sh
[12.725s] -- Up-to-date: /home/miles/usb_ros2_ws/src/usb_device_driver/install/usb_device_driver/share/usb_device_driver/environment/pythonpath.dsv
[12.725s] -- Up-to-date: /home/miles/usb_ros2_ws/src/usb_device_driver/install/usb_device_driver/local/lib/python3.10/dist-packages/usb_device_driver-0.0.0-py3.10.egg-info
[12.725s] -- Installing: /home/miles/usb_ros2_ws/src/usb_device_driver/install/usb_device_driver/local/lib/python3.10/dist-packages/usb_device_driver-0.0.0-py3.10.egg-info/SOURCES.txt
[12.725s] -- Installing: /home/miles/usb_ros2_ws/src/usb_device_driver/install/usb_device_driver/local/lib/python3.10/dist-packages/usb_device_driver-0.0.0-py3.10.egg-info/dependency_links.txt
[12.725s] -- Installing: /home/miles/usb_ros2_ws/src/usb_device_driver/install/usb_device_driver/local/lib/python3.10/dist-packages/usb_device_driver-0.0.0-py3.10.egg-info/top_level.txt
[12.725s] -- Installing: /home/miles/usb_ros2_ws/src/usb_device_driver/install/usb_device_driver/local/lib/python3.10/dist-packages/usb_device_driver-0.0.0-py3.10.egg-info/PKG-INFO
[12.725s] -- Up-to-date: /home/miles/usb_ros2_ws/src/usb_device_driver/install/usb_device_driver/local/lib/python3.10/dist-packages/usb_device_driver
[12.725s] -- Up-to-date: /home/miles/usb_ros2_ws/src/usb_device_driver/install/usb_device_driver/local/lib/python3.10/dist-packages/usb_device_driver/libusb_device_driver__rosidl_generator_py.so
[12.725s] -- Up-to-date: /home/miles/usb_ros2_ws/src/usb_device_driver/install/usb_device_driver/local/lib/python3.10/dist-packages/usb_device_driver/usb_device_driver_s__rosidl_typesupport_fastrtps_c.cpython-310-x86_64-linux-gnu.so
[12.725s] -- Up-to-date: /home/miles/usb_ros2_ws/src/usb_device_driver/install/usb_device_driver/local/lib/python3.10/dist-packages/usb_device_driver/msg
[12.725s] -- Up-to-date: /home/miles/usb_ros2_ws/src/usb_device_driver/install/usb_device_driver/local/lib/python3.10/dist-packages/usb_device_driver/msg/_imu_data.py
[12.725s] -- Up-to-date: /home/miles/usb_ros2_ws/src/usb_device_driver/install/usb_device_driver/local/lib/python3.10/dist-packages/usb_device_driver/msg/_motors_cmd_s.c
[12.725s] -- Up-to-date: /home/miles/usb_ros2_ws/src/usb_device_driver/install/usb_device_driver/local/lib/python3.10/dist-packages/usb_device_driver/msg/_motors_cmd.py
[12.725s] -- Up-to-date: /home/miles/usb_ros2_ws/src/usb_device_driver/install/usb_device_driver/local/lib/python3.10/dist-packages/usb_device_driver/msg/_imu_data_s.c
[12.725s] -- Up-to-date: /home/miles/usb_ros2_ws/src/usb_device_driver/install/usb_device_driver/local/lib/python3.10/dist-packages/usb_device_driver/msg/_motors_states_s.c
[12.725s] -- Up-to-date: /home/miles/usb_ros2_ws/src/usb_device_driver/install/usb_device_driver/local/lib/python3.10/dist-packages/usb_device_driver/msg/_motors_states.py
[12.725s] -- Up-to-date: /home/miles/usb_ros2_ws/src/usb_device_driver/install/usb_device_driver/local/lib/python3.10/dist-packages/usb_device_driver/msg/__init__.py
[12.725s] -- Up-to-date: /home/miles/usb_ros2_ws/src/usb_device_driver/install/usb_device_driver/local/lib/python3.10/dist-packages/usb_device_driver/_usb_device_driver_s.ep.rosidl_typesupport_c.c
[12.726s] -- Up-to-date: /home/miles/usb_ros2_ws/src/usb_device_driver/install/usb_device_driver/local/lib/python3.10/dist-packages/usb_device_driver/_usb_device_driver_s.ep.rosidl_typesupport_fastrtps_c.c
[12.726s] -- Up-to-date: /home/miles/usb_ros2_ws/src/usb_device_driver/install/usb_device_driver/local/lib/python3.10/dist-packages/usb_device_driver/usb_device_driver_s__rosidl_typesupport_c.cpython-310-x86_64-linux-gnu.so
[12.726s] -- Up-to-date: /home/miles/usb_ros2_ws/src/usb_device_driver/install/usb_device_driver/local/lib/python3.10/dist-packages/usb_device_driver/usb_device_driver_s__rosidl_typesupport_introspection_c.cpython-310-x86_64-linux-gnu.so
[12.726s] -- Up-to-date: /home/miles/usb_ros2_ws/src/usb_device_driver/install/usb_device_driver/local/lib/python3.10/dist-packages/usb_device_driver/__init__.py
[12.726s] -- Up-to-date: /home/miles/usb_ros2_ws/src/usb_device_driver/install/usb_device_driver/local/lib/python3.10/dist-packages/usb_device_driver/_usb_device_driver_s.ep.rosidl_typesupport_introspection_c.c
[12.749s] Listing '/home/miles/usb_ros2_ws/src/usb_device_driver/install/usb_device_driver/local/lib/python3.10/dist-packages/usb_device_driver'...
[12.749s] Listing '/home/miles/usb_ros2_ws/src/usb_device_driver/install/usb_device_driver/local/lib/python3.10/dist-packages/usb_device_driver/msg'...
[12.753s] -- Up-to-date: /home/miles/usb_ros2_ws/src/usb_device_driver/install/usb_device_driver/local/lib/python3.10/dist-packages/usb_device_driver/usb_device_driver_s__rosidl_typesupport_fastrtps_c.cpython-310-x86_64-linux-gnu.so
[12.754s] -- Up-to-date: /home/miles/usb_ros2_ws/src/usb_device_driver/install/usb_device_driver/local/lib/python3.10/dist-packages/usb_device_driver/usb_device_driver_s__rosidl_typesupport_introspection_c.cpython-310-x86_64-linux-gnu.so
[12.754s] -- Up-to-date: /home/miles/usb_ros2_ws/src/usb_device_driver/install/usb_device_driver/local/lib/python3.10/dist-packages/usb_device_driver/usb_device_driver_s__rosidl_typesupport_c.cpython-310-x86_64-linux-gnu.so
[12.754s] -- Up-to-date: /home/miles/usb_ros2_ws/src/usb_device_driver/install/usb_device_driver/lib/libusb_device_driver__rosidl_generator_py.so
[12.754s] -- Up-to-date: /home/miles/usb_ros2_ws/src/usb_device_driver/install/usb_device_driver/share/usb_device_driver/msg/IMUData.idl
[12.755s] -- Up-to-date: /home/miles/usb_ros2_ws/src/usb_device_driver/install/usb_device_driver/share/usb_device_driver/msg/MotorsCmd.idl
[12.755s] -- Up-to-date: /home/miles/usb_ros2_ws/src/usb_device_driver/install/usb_device_driver/share/usb_device_driver/msg/MotorsStates.idl
[12.755s] -- Up-to-date: /home/miles/usb_ros2_ws/src/usb_device_driver/install/usb_device_driver/share/usb_device_driver/msg/IMUData.msg
[12.755s] -- Up-to-date: /home/miles/usb_ros2_ws/src/usb_device_driver/install/usb_device_driver/share/usb_device_driver/msg/MotorsCmd.msg
[12.755s] -- Up-to-date: /home/miles/usb_ros2_ws/src/usb_device_driver/install/usb_device_driver/share/usb_device_driver/msg/MotorsStates.msg
[12.755s] -- Installing: /home/miles/usb_ros2_ws/src/usb_device_driver/install/usb_device_driver/lib/usb_device_driver/usb_reader_node
[12.761s] -- Set runtime path of "/home/miles/usb_ros2_ws/src/usb_device_driver/install/usb_device_driver/lib/usb_device_driver/usb_reader_node" to ""
[12.761s] -- Up-to-date: /home/miles/usb_ros2_ws/src/usb_device_driver/install/usb_device_driver/lib/usb_device_driver/usb_reader_node
[12.761s] -- Up-to-date: /home/miles/usb_ros2_ws/src/usb_device_driver/install/usb_device_driver/include/
[12.761s] -- Up-to-date: /home/miles/usb_ros2_ws/src/usb_device_driver/install/usb_device_driver/include//usb_device_driver
[12.761s] -- Installing: /home/miles/usb_ros2_ws/src/usb_device_driver/install/usb_device_driver/include//usb_device_driver/usb_reader_node.hpp
[12.761s] -- Up-to-date: /home/miles/usb_ros2_ws/src/usb_device_driver/install/usb_device_driver/share/usb_device_driver//launch
[12.761s] -- Up-to-date: /home/miles/usb_ros2_ws/src/usb_device_driver/install/usb_device_driver/share/usb_device_driver//launch/usb_reader.launch.py
[12.761s] -- Up-to-date: /home/miles/usb_ros2_ws/src/usb_device_driver/install/usb_device_driver/share/usb_device_driver//config
[12.762s] -- Up-to-date: /home/miles/usb_ros2_ws/src/usb_device_driver/install/usb_device_driver/share/usb_device_driver//config/usb_reader.yaml
[12.762s] -- Up-to-date: /home/miles/usb_ros2_ws/src/usb_device_driver/install/usb_device_driver/share/ament_index/resource_index/package_run_dependencies/usb_device_driver
[12.762s] -- Up-to-date: /home/miles/usb_ros2_ws/src/usb_device_driver/install/usb_device_driver/share/ament_index/resource_index/parent_prefix_path/usb_device_driver
[12.762s] -- Up-to-date: /home/miles/usb_ros2_ws/src/usb_device_driver/install/usb_device_driver/share/usb_device_driver/environment/ament_prefix_path.sh
[12.762s] -- Up-to-date: /home/miles/usb_ros2_ws/src/usb_device_driver/install/usb_device_driver/share/usb_device_driver/environment/ament_prefix_path.dsv
[12.762s] -- Up-to-date: /home/miles/usb_ros2_ws/src/usb_device_driver/install/usb_device_driver/share/usb_device_driver/environment/path.sh
[12.762s] -- Up-to-date: /home/miles/usb_ros2_ws/src/usb_device_driver/install/usb_device_driver/share/usb_device_driver/environment/path.dsv
[12.762s] -- Up-to-date: /home/miles/usb_ros2_ws/src/usb_device_driver/install/usb_device_driver/share/usb_device_driver/local_setup.bash
[12.762s] -- Up-to-date: /home/miles/usb_ros2_ws/src/usb_device_driver/install/usb_device_driver/share/usb_device_driver/local_setup.sh
[12.762s] -- Up-to-date: /home/miles/usb_ros2_ws/src/usb_device_driver/install/usb_device_driver/share/usb_device_driver/local_setup.zsh
[12.762s] -- Up-to-date: /home/miles/usb_ros2_ws/src/usb_device_driver/install/usb_device_driver/share/usb_device_driver/local_setup.dsv
[12.762s] -- Installing: /home/miles/usb_ros2_ws/src/usb_device_driver/install/usb_device_driver/share/usb_device_driver/package.dsv
[12.762s] -- Up-to-date: /home/miles/usb_ros2_ws/src/usb_device_driver/install/usb_device_driver/share/ament_index/resource_index/packages/usb_device_driver
[12.762s] -- Up-to-date: /home/miles/usb_ros2_ws/src/usb_device_driver/install/usb_device_driver/share/usb_device_driver/cmake/export_usb_device_driver__rosidl_generator_cExport.cmake
[12.762s] -- Up-to-date: /home/miles/usb_ros2_ws/src/usb_device_driver/install/usb_device_driver/share/usb_device_driver/cmake/export_usb_device_driver__rosidl_generator_cExport-noconfig.cmake
[12.762s] -- Up-to-date: /home/miles/usb_ros2_ws/src/usb_device_driver/install/usb_device_driver/share/usb_device_driver/cmake/export_usb_device_driver__rosidl_typesupport_fastrtps_cExport.cmake
[12.762s] -- Up-to-date: /home/miles/usb_ros2_ws/src/usb_device_driver/install/usb_device_driver/share/usb_device_driver/cmake/export_usb_device_driver__rosidl_typesupport_fastrtps_cExport-noconfig.cmake
[12.762s] -- Up-to-date: /home/miles/usb_ros2_ws/src/usb_device_driver/install/usb_device_driver/share/usb_device_driver/cmake/export_usb_device_driver__rosidl_generator_cppExport.cmake
[12.763s] -- Up-to-date: /home/miles/usb_ros2_ws/src/usb_device_driver/install/usb_device_driver/share/usb_device_driver/cmake/export_usb_device_driver__rosidl_typesupport_fastrtps_cppExport.cmake
[12.763s] -- Up-to-date: /home/miles/usb_ros2_ws/src/usb_device_driver/install/usb_device_driver/share/usb_device_driver/cmake/export_usb_device_driver__rosidl_typesupport_fastrtps_cppExport-noconfig.cmake
[12.763s] -- Up-to-date: /home/miles/usb_ros2_ws/src/usb_device_driver/install/usb_device_driver/share/usb_device_driver/cmake/usb_device_driver__rosidl_typesupport_introspection_cExport.cmake
[12.763s] -- Up-to-date: /home/miles/usb_ros2_ws/src/usb_device_driver/install/usb_device_driver/share/usb_device_driver/cmake/usb_device_driver__rosidl_typesupport_introspection_cExport-noconfig.cmake
[12.763s] -- Up-to-date: /home/miles/usb_ros2_ws/src/usb_device_driver/install/usb_device_driver/share/usb_device_driver/cmake/usb_device_driver__rosidl_typesupport_cExport.cmake
[12.763s] -- Up-to-date: /home/miles/usb_ros2_ws/src/usb_device_driver/install/usb_device_driver/share/usb_device_driver/cmake/usb_device_driver__rosidl_typesupport_cExport-noconfig.cmake
[12.763s] -- Up-to-date: /home/miles/usb_ros2_ws/src/usb_device_driver/install/usb_device_driver/share/usb_device_driver/cmake/usb_device_driver__rosidl_typesupport_introspection_cppExport.cmake
[12.763s] -- Up-to-date: /home/miles/usb_ros2_ws/src/usb_device_driver/install/usb_device_driver/share/usb_device_driver/cmake/usb_device_driver__rosidl_typesupport_introspection_cppExport-noconfig.cmake
[12.763s] -- Up-to-date: /home/miles/usb_ros2_ws/src/usb_device_driver/install/usb_device_driver/share/usb_device_driver/cmake/usb_device_driver__rosidl_typesupport_cppExport.cmake
[12.763s] -- Up-to-date: /home/miles/usb_ros2_ws/src/usb_device_driver/install/usb_device_driver/share/usb_device_driver/cmake/usb_device_driver__rosidl_typesupport_cppExport-noconfig.cmake
[12.763s] -- Up-to-date: /home/miles/usb_ros2_ws/src/usb_device_driver/install/usb_device_driver/share/usb_device_driver/cmake/export_usb_device_driver__rosidl_generator_pyExport.cmake
[12.763s] -- Up-to-date: /home/miles/usb_ros2_ws/src/usb_device_driver/install/usb_device_driver/share/usb_device_driver/cmake/export_usb_device_driver__rosidl_generator_pyExport-noconfig.cmake
[12.763s] -- Up-to-date: /home/miles/usb_ros2_ws/src/usb_device_driver/install/usb_device_driver/share/usb_device_driver/cmake/rosidl_cmake-extras.cmake
[12.763s] -- Up-to-date: /home/miles/usb_ros2_ws/src/usb_device_driver/install/usb_device_driver/share/usb_device_driver/cmake/ament_cmake_export_dependencies-extras.cmake
[12.763s] -- Up-to-date: /home/miles/usb_ros2_ws/src/usb_device_driver/install/usb_device_driver/share/usb_device_driver/cmake/ament_cmake_export_include_directories-extras.cmake
[12.763s] -- Up-to-date: /home/miles/usb_ros2_ws/src/usb_device_driver/install/usb_device_driver/share/usb_device_driver/cmake/ament_cmake_export_libraries-extras.cmake
[12.763s] -- Up-to-date: /home/miles/usb_ros2_ws/src/usb_device_driver/install/usb_device_driver/share/usb_device_driver/cmake/ament_cmake_export_targets-extras.cmake
[12.763s] -- Up-to-date: /home/miles/usb_ros2_ws/src/usb_device_driver/install/usb_device_driver/share/usb_device_driver/cmake/rosidl_cmake_export_typesupport_targets-extras.cmake
[12.764s] -- Up-to-date: /home/miles/usb_ros2_ws/src/usb_device_driver/install/usb_device_driver/share/usb_device_driver/cmake/rosidl_cmake_export_typesupport_libraries-extras.cmake
[12.764s] -- Up-to-date: /home/miles/usb_ros2_ws/src/usb_device_driver/install/usb_device_driver/share/usb_device_driver/cmake/usb_device_driverConfig.cmake
[12.764s] -- Up-to-date: /home/miles/usb_ros2_ws/src/usb_device_driver/install/usb_device_driver/share/usb_device_driver/cmake/usb_device_driverConfig-version.cmake
[12.764s] -- Up-to-date: /home/miles/usb_ros2_ws/src/usb_device_driver/install/usb_device_driver/share/usb_device_driver/package.xml
[12.766s] Invoked command in '/home/miles/usb_ros2_ws/src/usb_device_driver/build/usb_device_driver' returned '0': CMAKE_PREFIX_PATH=${CMAKE_PREFIX_PATH}:/opt/ros/humble /usr/bin/cmake --install /home/miles/usb_ros2_ws/src/usb_device_driver/build/usb_device_driver
